Archive member included to satisfy reference by file (symbol)

c:/intelfpga_lite/18.1/nios2eds/bin/gnu/h-x86_64-mingw32/bin/../lib/gcc/nios2-elf/5.3.0/../../../../../H-x86_64-mingw32/nios2-elf/lib/mno-hw-mul\libsmallc.a(lib_a-printf.o)
                              obj/default/source.o (printf)
c:/intelfpga_lite/18.1/nios2eds/bin/gnu/h-x86_64-mingw32/bin/../lib/gcc/nios2-elf/5.3.0/../../../../../H-x86_64-mingw32/nios2-elf/lib/mno-hw-mul\libsmallc.a(lib_a-vfprintf.o)
                              c:/intelfpga_lite/18.1/nios2eds/bin/gnu/h-x86_64-mingw32/bin/../lib/gcc/nios2-elf/5.3.0/../../../../../H-x86_64-mingw32/nios2-elf/lib/mno-hw-mul\libsmallc.a(lib_a-printf.o) (___vfprintf_internal_r)
c:/intelfpga_lite/18.1/nios2eds/bin/gnu/h-x86_64-mingw32/bin/../lib/gcc/nios2-elf/5.3.0/../../../../../H-x86_64-mingw32/nios2-elf/lib/mno-hw-mul\libsmallc.a(lib_a-fvwrite_small_dev.o)
                              c:/intelfpga_lite/18.1/nios2eds/bin/gnu/h-x86_64-mingw32/bin/../lib/gcc/nios2-elf/5.3.0/../../../../../H-x86_64-mingw32/nios2-elf/lib/mno-hw-mul\libsmallc.a(lib_a-printf.o) (__sfvwrite_small_dev)
c:/intelfpga_lite/18.1/nios2eds/bin/gnu/h-x86_64-mingw32/bin/../lib/gcc/nios2-elf/5.3.0/../../../../../H-x86_64-mingw32/nios2-elf/lib/mno-hw-mul\libsmallc.a(lib_a-impure.o)
                              c:/intelfpga_lite/18.1/nios2eds/bin/gnu/h-x86_64-mingw32/bin/../lib/gcc/nios2-elf/5.3.0/../../../../../H-x86_64-mingw32/nios2-elf/lib/mno-hw-mul\libsmallc.a(lib_a-printf.o) (_impure_ptr)
c:/intelfpga_lite/18.1/nios2eds/bin/gnu/h-x86_64-mingw32/bin/../lib/gcc/nios2-elf/5.3.0/../../../../../H-x86_64-mingw32/nios2-elf/lib/mno-hw-mul\libsmallc.a(lib_a-strlen.o)
                              c:/intelfpga_lite/18.1/nios2eds/bin/gnu/h-x86_64-mingw32/bin/../lib/gcc/nios2-elf/5.3.0/../../../../../H-x86_64-mingw32/nios2-elf/lib/mno-hw-mul\libsmallc.a(lib_a-vfprintf.o) (strlen)
c:/intelfpga_lite/18.1/nios2eds/bin/gnu/h-x86_64-mingw32/bin/../lib/gcc/nios2-elf/5.3.0/../../../../../H-x86_64-mingw32/nios2-elf/lib/mno-hw-mul\libsmallc.a(lib_a-writer.o)
                              c:/intelfpga_lite/18.1/nios2eds/bin/gnu/h-x86_64-mingw32/bin/../lib/gcc/nios2-elf/5.3.0/../../../../../H-x86_64-mingw32/nios2-elf/lib/mno-hw-mul\libsmallc.a(lib_a-fvwrite_small_dev.o) (_write_r)
c:/intelfpga_lite/18.1/nios2eds/bin/gnu/h-x86_64-mingw32/bin/../lib/gcc/nios2-elf/5.3.0/../../../../../H-x86_64-mingw32/nios2-elf/lib/mno-hw-mul\libsmallc.a(lib_a-int_errno.o)
                              c:/intelfpga_lite/18.1/nios2eds/bin/gnu/h-x86_64-mingw32/bin/../lib/gcc/nios2-elf/5.3.0/../../../../../H-x86_64-mingw32/nios2-elf/lib/mno-hw-mul\libsmallc.a(lib_a-writer.o) (errno)
c:/intelfpga_lite/18.1/nios2eds/bin/gnu/h-x86_64-mingw32/bin/../lib/gcc/nios2-elf/5.3.0/mno-hw-mul\libgcc.a(lib2-divmod.o)
                              c:/intelfpga_lite/18.1/nios2eds/bin/gnu/h-x86_64-mingw32/bin/../lib/gcc/nios2-elf/5.3.0/../../../../../H-x86_64-mingw32/nios2-elf/lib/mno-hw-mul\libsmallc.a(lib_a-vfprintf.o) (__udivsi3)
c:/intelfpga_lite/18.1/nios2eds/bin/gnu/h-x86_64-mingw32/bin/../lib/gcc/nios2-elf/5.3.0/mno-hw-mul\libgcc.a(lib2-mul.o)
                              c:/intelfpga_lite/18.1/nios2eds/bin/gnu/h-x86_64-mingw32/bin/../lib/gcc/nios2-elf/5.3.0/../../../../../H-x86_64-mingw32/nios2-elf/lib/mno-hw-mul\libsmallc.a(lib_a-vfprintf.o) (__mulsi3)
../Personal_Prj_bsp/\libhal_bsp.a(alt_iic.o)
                              obj/default/source.o (alt_ic_isr_register)
../Personal_Prj_bsp/\libhal_bsp.a(alt_iic_isr_register.o)
                              ../Personal_Prj_bsp/\libhal_bsp.a(alt_iic.o) (alt_iic_isr_register)
../Personal_Prj_bsp/\libhal_bsp.a(alt_irq_entry.o)
                              ../Personal_Prj_bsp/\libhal_bsp.a(alt_iic_isr_register.o) (alt_irq_entry)
../Personal_Prj_bsp/\libhal_bsp.a(alt_irq_handler.o)
                              ../Personal_Prj_bsp/\libhal_bsp.a(alt_iic_isr_register.o) (alt_irq)
../Personal_Prj_bsp/\libhal_bsp.a(alt_irq_vars.o)
                              ../Personal_Prj_bsp/\libhal_bsp.a(alt_iic.o) (alt_irq_active)
../Personal_Prj_bsp/\libhal_bsp.a(alt_load.o)
                              ../Personal_Prj_bsp//obj/HAL/src/crt0.o (alt_load)
../Personal_Prj_bsp/\libhal_bsp.a(alt_main.o)
                              ../Personal_Prj_bsp//obj/HAL/src/crt0.o (alt_main)
../Personal_Prj_bsp/\libhal_bsp.a(alt_write.o)
                              c:/intelfpga_lite/18.1/nios2eds/bin/gnu/h-x86_64-mingw32/bin/../lib/gcc/nios2-elf/5.3.0/../../../../../H-x86_64-mingw32/nios2-elf/lib/mno-hw-mul\libsmallc.a(lib_a-writer.o) (write)
../Personal_Prj_bsp/\libhal_bsp.a(alt_sys_init.o)
                              ../Personal_Prj_bsp/\libhal_bsp.a(alt_main.o) (alt_irq_init)
../Personal_Prj_bsp/\libhal_bsp.a(altera_avalon_jtag_uart_fd.o)
                              ../Personal_Prj_bsp/\libhal_bsp.a(alt_sys_init.o) (altera_avalon_jtag_uart_read_fd)
../Personal_Prj_bsp/\libhal_bsp.a(altera_avalon_jtag_uart_read.o)
[...]
Memory Configuration

Name             Origin             Length             Attributes
reset            0x0000000000008000 0x0000000000000020
onchip_memory2_0 0x0000000000008020 0x0000000000007fe0
*default*        0x0000000000000000 0xffffffffffffffff

Linker script and memory map

LOAD ../Personal_Prj_bsp//obj/HAL/src/crt0.o
LOAD obj/default/source.o
LOAD c:/intelfpga_lite/18.1/nios2eds/bin/gnu/h-x86_64-mingw32/bin/../lib/gcc/nios2-elf/5.3.0/../../../../../H-x86_64-mingw32/nios2-elf/lib/mno-hw-mul\libstdc++.a
LOAD c:/intelfpga_lite/18.1/nios2eds/bin/gnu/h-x86_64-mingw32/bin/../lib/gcc/nios2-elf/5.3.0/../../../../../H-x86_64-mingw32/nios2-elf/lib/mno-hw-mul\libm.a
LOAD c:/intelfpga_lite/18.1/nios2eds/bin/gnu/h-x86_64-mingw32/bin/../lib/gcc/nios2-elf/5.3.0/mno-hw-mul\libgcc.a
START GROUP
LOAD c:/intelfpga_lite/18.1/nios2eds/bin/gnu/h-x86_64-mingw32/bin/../lib/gcc/nios2-elf/5.3.0/../../../../../H-x86_64-mingw32/nios2-elf/lib/mno-hw-mul\libsmallc.a
LOAD c:/intelfpga_lite/18.1/nios2eds/bin/gnu/h-x86_64-mingw32/bin/../lib/gcc/nios2-elf/5.3.0/mno-hw-mul\libgcc.a
LOAD ../Personal_Prj_bsp/\libhal_bsp.a
LOAD c:/intelfpga_lite/18.1/nios2eds/bin/gnu/h-x86_64-mingw32/bin/../lib/gcc/nios2-elf/5.3.0/../../../../../H-x86_64-mingw32/nios2-elf/lib/mno-hw-mul\libm.a
END GROUP
LOAD c:/intelfpga_lite/18.1/nios2eds/bin/gnu/h-x86_64-mingw32/bin/../lib/gcc/nios2-elf/5.3.0/mno-hw-mul\libgcc.a
                0x0000000000008000                __alt_mem_onchip_memory2_0 = 0x8000

.entry          0x0000000000008000       0x20
 *(.entry)
 .entry         0x0000000000008000       0x20 ../Personal_Prj_bsp//obj/HAL/src/crt0.o
                0x0000000000008000                __reset

.exceptions     0x0000000000008020      0x210
                0x0000000000008020                PROVIDE (__ram_exceptions_start, ABSOLUTE (.))
                0x0000000000008020                . = ALIGN (0x20)
 *(.irq)
 *(.exceptions.entry.label)
 .exceptions.entry.label
                0x0000000000008020        0x0 ../Personal_Prj_bsp/\libhal_bsp.a(alt_irq_entry.o)
                0x0000000000008020                alt_irq_entry
 .exceptions.entry.label
                0x0000000000008020        0x0 ../Personal_Prj_bsp/\libhal_bsp.a(alt_exception_entry.o)
                0x0000000000008020                alt_exception
 *(.exceptions.entry.user)
 *(.exceptions.entry.ecc_fatal)
 *(.exceptions.entry)
 .exceptions.entry
                0x0000000000008020       0x54 ../Personal_Prj_bsp/\libhal_bsp.a(alt_exception_entry.o)
 *(.exceptions.irqtest.user)
 *(.exceptions.irqtest)
 .exceptions.irqtest
                0x0000000000008074       0x10 ../Personal_Prj_bsp/\libhal_bsp.a(alt_irq_entry.o)
 *(.exceptions.irqhandler.user)
 *(.exceptions.irqhandler)
 .exceptions.irqhandler
                0x0000000000008084        0x4 ../Personal_Prj_bsp/\libhal_bsp.a(alt_irq_entry.o)
 *(.exceptions.irqreturn.user)
 *(.exceptions.irqreturn)
 .exceptions.irqreturn
                0x0000000000008088        0x4 ../Personal_Prj_bsp/\libhal_bsp.a(alt_irq_entry.o)
 *(.exceptions.notirq.label)
 .exceptions.notirq.label
                0x000000000000808c        0x0 ../Personal_Prj_bsp/\libhal_bsp.a(alt_irq_entry.o)
 *(.exceptions.notirq.user)
 *(.exceptions.notirq)
 .exceptions.notirq
                0x000000000000808c        0x8 ../Personal_Prj_bsp/\libhal_bsp.a(alt_exception_entry.o)
 *(.exceptions.soft.user)
 *(.exceptions.soft)
 *(.exceptions.unknown.user)
 *(.exceptions.unknown)
 .exceptions.unknown
                0x0000000000008094       0x14 ../Personal_Prj_bsp/\libhal_bsp.a(alt_exception_entry.o)
 *(.exceptions.exit.label)
 .exceptions.exit.label
                0x00000000000080a8        0x0 ../Personal_Prj_bsp/\libhal_bsp.a(alt_irq_entry.o)
 .exceptions.exit.label
                0x00000000000080a8        0x0 ../Personal_Prj_bsp/\libhal_bsp.a(alt_exception_entry.o)
 *(.exceptions.exit.user)
 *(.exceptions.exit)
 .exceptions.exit
                0x00000000000080a8       0x54 ../Personal_Prj_bsp/\libhal_bsp.a(alt_exception_entry.o)
 *(.exceptions)
 .exceptions    0x00000000000080fc       0xd4 ../Personal_Prj_bsp/\libhal_bsp.a(alt_irq_handler.o)
                0x00000000000080fc                alt_irq_handler
 .exceptions    0x00000000000081d0       0x60 ../Personal_Prj_bsp/\libhal_bsp.a(alt_instruction_exception_entry.o)
                0x00000000000081d0                alt_instruction_exception_entry
                0x0000000000008230                PROVIDE (__ram_exceptions_end, ABSOLUTE (.))
                0x0000000000008020                PROVIDE (__flash_exceptions_start, LOADADDR (.exceptions))

.text           0x0000000000008230     0x204c
                [!provide]                        PROVIDE (stext, ABSOLUTE (.))
 *(.interp)
 *(.hash)
 *(.dynsym)
 *(.dynstr)
 *(.gnu.version)
 *(.gnu.version_d)
 *(.gnu.version_r)
 *(.rel.init)
 *(.rela.init)
 *(.rel.text .rel.text.* .rel.gnu.linkonce.t.*)
 *(.rela.text .rela.text.* .rela.gnu.linkonce.t.*)
 *(.rel.fini)
 *(.rela.fini)
 *(.rel.rodata .rel.rodata.* .rel.gnu.linkonce.r.*)
 *(.rela.rodata .rela.rodata.* .rela.gnu.linkonce.r.*)
 *(.rel.data .rel.data.* .rel.gnu.linkonce.d.*)
 *(.rela.data .rela.data.* .rela.gnu.linkonce.d.*)
 *(.rel.tdata .rel.tdata.* .rel.gnu.linkonce.td.*)
 *(.rela.tdata .rela.tdata.* .rela.gnu.linkonce.td.*)
 *(.rel.tbss .rel.tbss.* .rel.gnu.linkonce.tb.*)
 *(.rela.tbss .rela.tbss.* .rela.gnu.linkonce.tb.*)
 *(.rel.ctors)
 *(.rela.ctors)
 *(.rel.dtors)
 *(.rela.dtors)
 *(.rel.got)
 *(.rela.got)
 *(.rel.sdata .rel.sdata.* .rel.gnu.linkonce.s.*)
 *(.rela.sdata .rela.sdata.* .rela.gnu.linkonce.s.*)
 *(.rel.sbss .rel.sbss.* .rel.gnu.linkonce.sb.*)
 *(.rela.sbss .rela.sbss.* .rela.gnu.linkonce.sb.*)
 *(.rel.sdata2 .rel.sdata2.* .rel.gnu.linkonce.s2.*)
 *(.rela.sdata2 .rela.sdata2.* .rela.gnu.linkonce.s2.*)
 *(.rel.sbss2 .rel.sbss2.* .rel.gnu.linkonce.sb2.*)
 *(.rela.sbss2 .rela.sbss2.* .rela.gnu.linkonce.sb2.*)
 *(.rel.bss .rel.bss.* .rel.gnu.linkonce.b.*)
 *(.rela.bss .rela.bss.* .rela.gnu.linkonce.b.*)
 *(.rel.plt)
 *(.rela.plt)
 *(.rel.dyn)
 *(.init)
 *(.plt)
 *(.text .stub .text.* .gnu.linkonce.t.*)
 .text          0x0000000000008230       0x1c ../Personal_Prj_bsp//obj/HAL/src/crt0.o
                0x0000000000008230                _start
 .text          0x000000000000824c       0xa4 obj/default/source.o
                0x000000000000824c                Sine_Wave_IRQ_Handler
                0x00000000000082a4                main
 .text          0x00000000000082f0        0x0 c:/intelfpga_lite/18.1/nios2eds/bin/gnu/h-x86_64-mingw32/bin/../lib/gcc/nios2-elf/5.3.0/../../../../../H-x86_64-mingw32/nios2-elf/lib/mno-hw-mul\libsmallc.a(lib_a-printf.o)
 .text._printf_r
                0x00000000000082f0       0x3c c:/intelfpga_lite/18.1/nios2eds/bin/gnu/h-x86_64-mingw32/bin/../lib/gcc/nios2-elf/5.3.0/../../../../../H-x86_64-mingw32/nios2-elf/lib/mno-hw-mul\libsmallc.a(lib_a-printf.o)
                0x00000000000082f0                _printf_r
 .text.printf   0x000000000000832c       0x4c c:/intelfpga_lite/18.1/nios2eds/bin/gnu/h-x86_64-mingw32/bin/../lib/gcc/nios2-elf/5.3.0/../../../../../H-x86_64-mingw32/nios2-elf/lib/mno-hw-mul\libsmallc.a(lib_a-printf.o)
                0x000000000000832c                printf
 .text          0x0000000000008378        0x0 c:/intelfpga_lite/18.1/nios2eds/bin/gnu/h-x86_64-mingw32/bin/../lib/gcc/nios2-elf/5.3.0/../../../../../H-x86_64-mingw32/nios2-elf/lib/mno-hw-mul\libsmallc.a(lib_a-vfprintf.o)
 .text.print_repeat
                0x0000000000008378       0x6c c:/intelfpga_lite/18.1/nios2eds/bin/gnu/h-x86_64-mingw32/bin/../lib/gcc/nios2-elf/5.3.0/../../../../../H-x86_64-mingw32/nios2-elf/lib/mno-hw-mul\libsmallc.a(lib_a-vfprintf.o)
 .text.___vfprintf_internal_r
                0x00000000000083e4      0x52c c:/intelfpga_lite/18.1/nios2eds/bin/gnu/h-x86_64-mingw32/bin/../lib/gcc/nios2-elf/5.3.0/../../../../../H-x86_64-mingw32/nios2-elf/lib/mno-hw-mul\libsmallc.a(lib_a-vfprintf.o)
                0x00000000000083e4                ___vfprintf_internal_r
 .text.__vfprintf_internal
                0x0000000000008910       0x1c c:/intelfpga_lite/18.1/nios2eds/bin/gnu/h-x86_64-mingw32/bin/../lib/gcc/nios2-elf/5.3.0/../../../../../H-x86_64-mingw32/nios2-elf/lib/mno-hw-mul\libsmallc.a(lib_a-vfprintf.o)
                0x0000000000008910                __vfprintf_internal
 .text          0x000000000000892c        0x0 c:/intelfpga_lite/18.1/nios2eds/bin/gnu/h-x86_64-mingw32/bin/../lib/gcc/nios2-elf/5.3.0/../../../../../H-x86_64-mingw32/nios2-elf/lib/mno-hw-mul\libsmallc.a(lib_a-fvwrite_small_dev.o)
 .text.__sfvwrite_small_dev
                0x000000000000892c       0xb8 c:/intelfpga_lite/18.1/nios2eds/bin/gnu/h-x86_64-mingw32/bin/../lib/gcc/nios2-elf/5.3.0/../../../../../H-x86_64-mingw32/nios2-elf/lib/mno-hw-mul\libsmallc.a(lib_a-fvwrite_small_dev.o)
                0x000000000000892c                __sfvwrite_small_dev
 .text          0x00000000000089e4        0x0 c:/intelfpga_lite/18.1/nios2eds/bin/gnu/h-x86_64-mingw32/bin/../lib/gcc/nios2-elf/5.3.0/../../../../../H-x86_64-mingw32/nios2-elf/lib/mno-hw-mul\libsmallc.a(lib_a-impure.o)
 .text          0x00000000000089e4        0x0 c:/intelfpga_lite/18.1/nios2eds/bin/gnu/h-x86_64-mingw32/bin/../lib/gcc/nios2-elf/5.3.0/../../../../../H-x86_64-mingw32/nios2-elf/lib/mno-hw-mul\libsmallc.a(lib_a-strlen.o)
 .text.strlen   0x00000000000089e4       0x1c c:/intelfpga_lite/18.1/nios2eds/bin/gnu/h-x86_64-mingw32/bin/../lib/gcc/nios2-elf/5.3.0/../../../../../H-x86_64-mingw32/nios2-elf/lib/mno-hw-mul\libsmallc.a(lib_a-strlen.o)
                0x00000000000089e4                strlen
 .text          0x0000000000008a00        0x0 c:/intelfpga_lite/18.1/nios2eds/bin/gnu/h-x86_64-mingw32/bin/../lib/gcc/nios2-elf/5.3.0/../../../../../H-x86_64-mingw32/nios2-elf/lib/mno-hw-mul\libsmallc.a(lib_a-writer.o)
 .text._write_r
                0x0000000000008a00       0x58 c:/intelfpga_lite/18.1/nios2eds/bin/gnu/h-x86_64-mingw32/bin/../lib/gcc/nios2-elf/5.3.0/../../../../../H-x86_64-mingw32/nios2-elf/lib/mno-hw-mul\libsmallc.a(lib_a-writer.o)
                0x0000000000008a00                _write_r
 .text          0x0000000000008a58        0x0 c:/intelfpga_lite/18.1/nios2eds/bin/gnu/h-x86_64-mingw32/bin/../lib/gcc/nios2-elf/5.3.0/../../../../../H-x86_64-mingw32/nios2-elf/lib/mno-hw-mul\libsmallc.a(lib_a-int_errno.o)
 .text          0x0000000000008a58      0x1b4 c:/intelfpga_lite/18.1/nios2eds/bin/gnu/h-x86_64-mingw32/bin/../lib/gcc/nios2-elf/5.3.0/mno-hw-mul\libgcc.a(lib2-divmod.o)
                0x0000000000008a58                __divsi3
                0x0000000000008adc                __modsi3
                0x0000000000008b50                __udivsi3
                0x0000000000008bb4                __umodsi3
 .text          0x0000000000008c0c       0x28 c:/intelfpga_lite/18.1/nios2eds/bin/gnu/h-x86_64-mingw32/bin/../lib/gcc/nios2-elf/5.3.0/mno-hw-mul\libgcc.a(lib2-mul.o)
                0x0000000000008c0c                __mulsi3
 .text          0x0000000000008c34      0x1b0 ../Personal_Prj_bsp/\libhal_bsp.a(alt_iic.o)
                0x0000000000008c34                alt_ic_isr_register
                0x0000000000008c84                alt_ic_irq_enable
                0x0000000000008d0c                alt_ic_irq_disable
                0x0000000000008d98                alt_ic_irq_enabled
 .text          0x0000000000008de4       0xf0 ../Personal_Prj_bsp/\libhal_bsp.a(alt_iic_isr_register.o)
                0x0000000000008de4                alt_iic_isr_register
 .text          0x0000000000008ed4        0x0 ../Personal_Prj_bsp/\libhal_bsp.a(alt_irq_entry.o)
 .text          0x0000000000008ed4        0x0 ../Personal_Prj_bsp/\libhal_bsp.a(alt_irq_handler.o)
 .text          0x0000000000008ed4        0x0 ../Personal_Prj_bsp/\libhal_bsp.a(alt_irq_vars.o)
 .text          0x0000000000008ed4       0xec ../Personal_Prj_bsp/\libhal_bsp.a(alt_load.o)
                0x0000000000008f3c                alt_load
 .text          0x0000000000008fc0       0x7c ../Personal_Prj_bsp/\libhal_bsp.a(alt_main.o)
                0x0000000000008fc0                alt_main
 .text          0x000000000000903c      0x13c ../Personal_Prj_bsp/\libhal_bsp.a(alt_write.o)
                0x0000000000009078                write
 .text          0x0000000000009178       0xa0 ../Personal_Prj_bsp/\libhal_bsp.a(alt_sys_init.o)
                0x00000000000091ac                alt_irq_init
                0x00000000000091e4                alt_sys_init
 .text          0x0000000000009218       0xc0 ../Personal_Prj_bsp/\libhal_bsp.a(altera_avalon_jtag_uart_fd.o)
                0x0000000000009218                altera_avalon_jtag_uart_read_fd
                0x0000000000009278                altera_avalon_jtag_uart_write_fd
 .text          0x00000000000092d8       0xec ../Personal_Prj_bsp/\libhal_bsp.a(altera_avalon_jtag_uart_read.o)
                0x00000000000092d8                altera_avalon_jtag_uart_read
 .text          0x00000000000093c4       0x94 ../Personal_Prj_bsp/\libhal_bsp.a(altera_avalon_jtag_uart_write.o)
                0x00000000000093c4                altera_avalon_jtag_uart_write
 .text          0x0000000000009458      0x114 ../Personal_Prj_bsp/\libhal_bsp.a(alt_close.o)
                0x0000000000009494                close
 .text          0x000000000000956c       0x20 ../Personal_Prj_bsp/\libhal_bsp.a(alt_dcache_flush_all.o)
                0x000000000000956c                alt_dcache_flush_all
 .text          0x000000000000958c       0x2c ../Personal_Prj_bsp/\libhal_bsp.a(alt_dev.o)
 .text          0x00000000000095b8       0xe0 ../Personal_Prj_bsp/\libhal_bsp.a(alt_dev_llist_insert.o)
                0x00000000000095f4                alt_dev_llist_insert
 .text          0x0000000000009698       0x60 ../Personal_Prj_bsp/\libhal_bsp.a(alt_do_ctors.o)
                0x0000000000009698                _do_ctors
 .text          0x00000000000096f8       0x60 ../Personal_Prj_bsp/\libhal_bsp.a(alt_do_dtors.o)
                0x00000000000096f8                _do_dtors
 .text          0x0000000000009758        0x0 ../Personal_Prj_bsp/\libhal_bsp.a(alt_errno.o)
 .text          0x0000000000009758        0x0 ../Personal_Prj_bsp/\libhal_bsp.a(alt_exception_entry.o)
 .text          0x0000000000009758       0x20 ../Personal_Prj_bsp/\libhal_bsp.a(alt_icache_flush_all.o)
                0x0000000000009758                alt_icache_flush_all
 .text          0x0000000000009778       0x9c ../Personal_Prj_bsp/\libhal_bsp.a(alt_instruction_exception_entry.o)
                0x0000000000009778                alt_exception_cause_generated_bad_addr
 .text          0x0000000000009814      0x160 ../Personal_Prj_bsp/\libhal_bsp.a(alt_io_redirect.o)
                0x00000000000098f8                alt_io_redirect
 .text          0x0000000000009974      0x284 ../Personal_Prj_bsp/\libhal_bsp.a(alt_open.o)
                0x0000000000009a9c                open
 .text          0x0000000000009bf8       0x84 ../Personal_Prj_bsp/\libhal_bsp.a(alt_release_fd.o)
                0x0000000000009bf8                alt_release_fd
 .text          0x0000000000009c7c       0x24 ../Personal_Prj_bsp/\libhal_bsp.a(altera_nios2_gen2_irq.o)
                0x0000000000009c7c                altera_nios2_gen2_irq_init
 .text          0x0000000000009ca0       0x90 ../Personal_Prj_bsp/\libhal_bsp.a(alt_find_dev.o)
                0x0000000000009ca0                alt_find_dev
 .text          0x0000000000009d30      0x108 ../Personal_Prj_bsp/\libhal_bsp.a(alt_find_file.o)
                0x0000000000009d30                alt_find_file
 .text          0x0000000000009e38       0xc4 ../Personal_Prj_bsp/\libhal_bsp.a(alt_get_fd.o)
                0x0000000000009e38                alt_get_fd
 .text          0x0000000000009efc        0x0 c:/intelfpga_lite/18.1/nios2eds/bin/gnu/h-x86_64-mingw32/bin/../lib/gcc/nios2-elf/5.3.0/../../../../../H-x86_64-mingw32/nios2-elf/lib/mno-hw-mul\libsmallc.a(lib_a-atexit.o)
 .text.atexit   0x0000000000009efc       0x14 c:/intelfpga_lite/18.1/nios2eds/bin/gnu/h-x86_64-mingw32/bin/../lib/gcc/nios2-elf/5.3.0/../../../../../H-x86_64-mingw32/nios2-elf/lib/mno-hw-mul\libsmallc.a(lib_a-atexit.o)
                0x0000000000009efc                atexit
 .text          0x0000000000009f10        0x0 c:/intelfpga_lite/18.1/nios2eds/bin/gnu/h-x86_64-mingw32/bin/../lib/gcc/nios2-elf/5.3.0/../../../../../H-x86_64-mingw32/nios2-elf/lib/mno-hw-mul\libsmallc.a(lib_a-exit.o)
 .text.exit     0x0000000000009f10       0x20 c:/intelfpga_lite/18.1/nios2eds/bin/gnu/h-x86_64-mingw32/bin/../lib/gcc/nios2-elf/5.3.0/../../../../../H-x86_64-mingw32/nios2-elf/lib/mno-hw-mul\libsmallc.a(lib_a-exit.o)
                0x0000000000009f10                exit
 .text          0x0000000000009f30        0x0 c:/intelfpga_lite/18.1/nios2eds/bin/gnu/h-x86_64-mingw32/bin/../lib/gcc/nios2-elf/5.3.0/../../../../../H-x86_64-mingw32/nios2-elf/lib/mno-hw-mul\libsmallc.a(lib_a-memcmp.o)
 .text.memcmp   0x0000000000009f30       0x30 c:/intelfpga_lite/18.1/nios2eds/bin/gnu/h-x86_64-mingw32/bin/../lib/gcc/nios2-elf/5.3.0/../../../../../H-x86_64-mingw32/nios2-elf/lib/mno-hw-mul\libsmallc.a(lib_a-memcmp.o)
                0x0000000000009f30                memcmp
 .text          0x0000000000009f60        0x0 c:/intelfpga_lite/18.1/nios2eds/bin/gnu/h-x86_64-mingw32/bin/../lib/gcc/nios2-elf/5.3.0/../../../../../H-x86_64-mingw32/nios2-elf/lib/mno-hw-mul\libsmallc.a(lib_a-__atexit.o)
 .text.__register_exitproc
                0x0000000000009f60      0x158 c:/intelfpga_lite/18.1/nios2eds/bin/gnu/h-x86_64-mingw32/bin/../lib/gcc/nios2-elf/5.3.0/../../../../../H-x86_64-mingw32/nios2-elf/lib/mno-hw-mul\libsmallc.a(lib_a-__atexit.o)
                0x0000000000009f60                __register_exitproc
 .text          0x000000000000a0b8        0x0 c:/intelfpga_lite/18.1/nios2eds/bin/gnu/h-x86_64-mingw32/bin/../lib/gcc/nios2-elf/5.3.0/../../../../../H-x86_64-mingw32/nios2-elf/lib/mno-hw-mul\libsmallc.a(lib_a-__call_atexit.o)
 .text.__call_exitprocs
                0x000000000000a0b8      0x190 c:/intelfpga_lite/18.1/nios2eds/bin/gnu/h-x86_64-mingw32/bin/../lib/gcc/nios2-elf/5.3.0/../../../../../H-x86_64-mingw32/nios2-elf/lib/mno-hw-mul\libsmallc.a(lib_a-__call_atexit.o)
                0x000000000000a0b8                __call_exitprocs
 .text          0x000000000000a248       0x34 ../Personal_Prj_bsp/\libhal_bsp.a(alt_exit.o)
                0x000000000000a248                _exit
 *(.gnu.warning.*)
 *(.fini)
                [!provide]                        PROVIDE (__etext, ABSOLUTE (.))
                [!provide]                        PROVIDE (_etext, ABSOLUTE (.))
                [!provide]                        PROVIDE (etext, ABSOLUTE (.))
 *(.eh_frame_hdr)
                0x000000000000a27c                . = ALIGN (0x4)
                [!provide]                        PROVIDE (__preinit_array_start, ABSOLUTE (.))
 *(.preinit_array)
                [!provide]                        PROVIDE (__preinit_array_end, ABSOLUTE (.))
                [!provide]                        PROVIDE (__init_array_start, ABSOLUTE (.))
 *(.init_array)
                [!provide]                        PROVIDE (__init_array_end, ABSOLUTE (.))
                [!provide]                        PROVIDE (__fini_array_start, ABSOLUTE (.))
 *(.fini_array)
                [!provide]                        PROVIDE (__fini_array_end, ABSOLUTE (.))
 *(.eh_frame)
 *(.gcc_except_table .gcc_except_table.*)
 *(.dynamic)
                0x000000000000a27c                PROVIDE (__CTOR_LIST__, ABSOLUTE (.))
 *(.ctors)
 *(SORT(.ctors.*))
                0x000000000000a27c                PROVIDE (__CTOR_END__, ABSOLUTE (.))
                0x000000000000a27c                PROVIDE (__DTOR_LIST__, ABSOLUTE (.))
 *(.dtors)
 *(SORT(.dtors.*))
                0x000000000000a27c                PROVIDE (__DTOR_END__, ABSOLUTE (.))
 *(.jcr)
                0x000000000000a27c                . = ALIGN (0x4)

.rodata         0x000000000000a27c       0x38
                0x000000000000a27c                PROVIDE (__ram_rodata_start, ABSOLUTE (.))
                0x000000000000a27c                . = ALIGN (0x4)
 *(.rodata .rodata.* .gnu.linkonce.r.*)
 .rodata        0x000000000000a27c        0x4 obj/default/source.o
 .rodata        0x000000000000a280       0x11 ../Personal_Prj_bsp/\libhal_bsp.a(alt_main.o)
 *fill*         0x000000000000a291        0x3 
 .rodata        0x000000000000a294       0x11 ../Personal_Prj_bsp/\libhal_bsp.a(alt_sys_init.o)
 *fill*         0x000000000000a2a5        0x3 
 .rodata        0x000000000000a2a8        0xa ../Personal_Prj_bsp/\libhal_bsp.a(alt_dev.o)
 *(.rodata1)
                0x000000000000a2b4                . = ALIGN (0x4)
 *fill*         0x000000000000a2b2        0x2 
                0x000000000000a2b4                PROVIDE (__ram_rodata_end, ABSOLUTE (.))
                0x000000000000a27c                PROVIDE (__flash_rodata_start, LOADADDR (.rodata))

.rwdata         0x000000000000a2b4      0x2dc load address 0x000000000000a590
                0x000000000000a2b4                PROVIDE (__ram_rwdata_start, ABSOLUTE (.))
                0x000000000000a2b4                . = ALIGN (0x4)
 *(.got.plt)
 *(.got)
 *(.data1)
 *(.data .data.* .gnu.linkonce.d.*)
 .data          0x000000000000a2b4        0x0 ../Personal_Prj_bsp//obj/HAL/src/crt0.o
 .data          0x000000000000a2b4        0x0 obj/default/source.o
 .data          0x000000000000a2b4        0x0 c:/intelfpga_lite/18.1/nios2eds/bin/gnu/h-x86_64-mingw32/bin/../lib/gcc/nios2-elf/5.3.0/../../../../../H-x86_64-mingw32/nios2-elf/lib/mno-hw-mul\libsmallc.a(lib_a-printf.o)
 .data          0x000000000000a2b4        0x0 c:/intelfpga_lite/18.1/nios2eds/bin/gnu/h-x86_64-mingw32/bin/../lib/gcc/nios2-elf/5.3.0/../../../../../H-x86_64-mingw32/nios2-elf/lib/mno-hw-mul\libsmallc.a(lib_a-vfprintf.o)
 .data          0x000000000000a2b4        0x0 c:/intelfpga_lite/18.1/nios2eds/bin/gnu/h-x86_64-mingw32/bin/../lib/gcc/nios2-elf/5.3.0/../../../../../H-x86_64-mingw32/nios2-elf/lib/mno-hw-mul\libsmallc.a(lib_a-fvwrite_small_dev.o)
 .data          0x000000000000a2b4        0x0 c:/intelfpga_lite/18.1/nios2eds/bin/gnu/h-x86_64-mingw32/bin/../lib/gcc/nios2-elf/5.3.0/../../../../../H-x86_64-mingw32/nios2-elf/lib/mno-hw-mul\libsmallc.a(lib_a-impure.o)
 .data.impure_data
                0x000000000000a2b4       0xe0 c:/intelfpga_lite/18.1/nios2eds/bin/gnu/h-x86_64-mingw32/bin/../lib/gcc/nios2-elf/5.3.0/../../../../../H-x86_64-mingw32/nios2-elf/lib/mno-hw-mul\libsmallc.a(lib_a-impure.o)
 .data          0x000000000000a394        0x0 c:/intelfpga_lite/18.1/nios2eds/bin/gnu/h-x86_64-mingw32/bin/../lib/gcc/nios2-elf/5.3.0/../../../../../H-x86_64-mingw32/nios2-elf/lib/mno-hw-mul\libsmallc.a(lib_a-strlen.o)
 .data          0x000000000000a394        0x0 c:/intelfpga_lite/18.1/nios2eds/bin/gnu/h-x86_64-mingw32/bin/../lib/gcc/nios2-elf/5.3.0/../../../../../H-x86_64-mingw32/nios2-elf/lib/mno-hw-mul\libsmallc.a(lib_a-writer.o)
 .data          0x000000000000a394        0x0 c:/intelfpga_lite/18.1/nios2eds/bin/gnu/h-x86_64-mingw32/bin/../lib/gcc/nios2-elf/5.3.0/../../../../../H-x86_64-mingw32/nios2-elf/lib/mno-hw-mul\libsmallc.a(lib_a-int_errno.o)
 .data          0x000000000000a394        0x0 c:/intelfpga_lite/18.1/nios2eds/bin/gnu/h-x86_64-mingw32/bin/../lib/gcc/nios2-elf/5.3.0/mno-hw-mul\libgcc.a(lib2-divmod.o)
 .data          0x000000000000a394        0x0 c:/intelfpga_lite/18.1/nios2eds/bin/gnu/h-x86_64-mingw32/bin/../lib/gcc/nios2-elf/5.3.0/mno-hw-mul\libgcc.a(lib2-mul.o)
 .data          0x000000000000a394        0x0 ../Personal_Prj_bsp/\libhal_bsp.a(alt_iic.o)
 .data          0x000000000000a394        0x0 ../Personal_Prj_bsp/\libhal_bsp.a(alt_iic_isr_register.o)
 .data          0x000000000000a394        0x0 ../Personal_Prj_bsp/\libhal_bsp.a(alt_irq_entry.o)
 .data          0x000000000000a394        0x0 ../Personal_Prj_bsp/\libhal_bsp.a(alt_irq_handler.o)
 .data          0x000000000000a394        0x0 ../Personal_Prj_bsp/\libhal_bsp.a(alt_irq_vars.o)
 .data          0x000000000000a394        0x0 ../Personal_Prj_bsp/\libhal_bsp.a(alt_load.o)
 .data          0x000000000000a394        0x0 ../Personal_Prj_bsp/\libhal_bsp.a(alt_main.o)
 .data          0x000000000000a394        0x0 ../Personal_Prj_bsp/\libhal_bsp.a(alt_write.o)
 .data          0x000000000000a394       0x2c ../Personal_Prj_bsp/\libhal_bsp.a(alt_sys_init.o)
 .data          0x000000000000a3c0        0x0 ../Personal_Prj_bsp/\libhal_bsp.a(altera_avalon_jtag_uart_fd.o)
 .data          0x000000000000a3c0        0x0 ../Personal_Prj_bsp/\libhal_bsp.a(altera_avalon_jtag_uart_read.o)
 .data          0x000000000000a3c0        0x0 ../Personal_Prj_bsp/\libhal_bsp.a(altera_avalon_jtag_uart_write.o)
 .data          0x000000000000a3c0        0x0 ../Personal_Prj_bsp/\libhal_bsp.a(alt_close.o)
 .data          0x000000000000a3c0        0x0 ../Personal_Prj_bsp/\libhal_bsp.a(alt_dcache_flush_all.o)
 .data          0x000000000000a3c0      0x1a8 ../Personal_Prj_bsp/\libhal_bsp.a(alt_dev.o)
                0x000000000000a3c0                alt_dev_null
                0x000000000000a3e8                alt_fd_list
 .data          0x000000000000a568        0x0 ../Personal_Prj_bsp/\libhal_bsp.a(alt_dev_llist_insert.o)
 .data          0x000000000000a568        0x0 ../Personal_Prj_bsp/\libhal_bsp.a(alt_do_ctors.o)
 .data          0x000000000000a568        0x0 ../Personal_Prj_bsp/\libhal_bsp.a(alt_do_dtors.o)
 .data          0x000000000000a568        0x0 ../Personal_Prj_bsp/\libhal_bsp.a(alt_errno.o)
 .data          0x000000000000a568        0x0 ../Personal_Prj_bsp/\libhal_bsp.a(alt_exception_entry.o)
 .data          0x000000000000a568        0x0 ../Personal_Prj_bsp/\libhal_bsp.a(alt_icache_flush_all.o)
 .data          0x000000000000a568        0x0 ../Personal_Prj_bsp/\libhal_bsp.a(alt_instruction_exception_entry.o)
 .data          0x000000000000a568        0x0 ../Personal_Prj_bsp/\libhal_bsp.a(alt_io_redirect.o)
 .data          0x000000000000a568        0x0 ../Personal_Prj_bsp/\libhal_bsp.a(alt_open.o)
 .data          0x000000000000a568        0x0 ../Personal_Prj_bsp/\libhal_bsp.a(alt_release_fd.o)
 .data          0x000000000000a568        0x0 ../Personal_Prj_bsp/\libhal_bsp.a(altera_nios2_gen2_irq.o)
 .data          0x000000000000a568        0x0 ../Personal_Prj_bsp/\libhal_bsp.a(alt_find_dev.o)
 .data          0x000000000000a568        0x0 ../Personal_Prj_bsp/\libhal_bsp.a(alt_find_file.o)
 .data          0x000000000000a568        0x0 ../Personal_Prj_bsp/\libhal_bsp.a(alt_get_fd.o)
 .data          0x000000000000a568        0x0 c:/intelfpga_lite/18.1/nios2eds/bin/gnu/h-x86_64-mingw32/bin/../lib/gcc/nios2-elf/5.3.0/../../../../../H-x86_64-mingw32/nios2-elf/lib/mno-hw-mul\libsmallc.a(lib_a-atexit.o)
 .data          0x000000000000a568        0x0 c:/intelfpga_lite/18.1/nios2eds/bin/gnu/h-x86_64-mingw32/bin/../lib/gcc/nios2-elf/5.3.0/../../../../../H-x86_64-mingw32/nios2-elf/lib/mno-hw-mul\libsmallc.a(lib_a-exit.o)
 .data          0x000000000000a568        0x0 c:/intelfpga_lite/18.1/nios2eds/bin/gnu/h-x86_64-mingw32/bin/../lib/gcc/nios2-elf/5.3.0/../../../../../H-x86_64-mingw32/nios2-elf/lib/mno-hw-mul\libsmallc.a(lib_a-memcmp.o)
 .data          0x000000000000a568        0x0 c:/intelfpga_lite/18.1/nios2eds/bin/gnu/h-x86_64-mingw32/bin/../lib/gcc/nios2-elf/5.3.0/../../../../../H-x86_64-mingw32/nios2-elf/lib/mno-hw-mul\libsmallc.a(lib_a-__atexit.o)
 .data          0x000000000000a568        0x0 c:/intelfpga_lite/18.1/nios2eds/bin/gnu/h-x86_64-mingw32/bin/../lib/gcc/nios2-elf/5.3.0/../../../../../H-x86_64-mingw32/nios2-elf/lib/mno-hw-mul\libsmallc.a(lib_a-__call_atexit.o)
 .data          0x000000000000a568        0x0 ../Personal_Prj_bsp/\libhal_bsp.a(alt_exit.o)
                0x0000000000012568                _gp = ABSOLUTE ((. + 0x8000))
                [!provide]                        PROVIDE (gp, _gp)
 *(.rwdata .rwdata.*)
 *(.sdata .sdata.* .gnu.linkonce.s.*)
 .sdata         0x000000000000a568        0x4 obj/default/source.o
                0x000000000000a568                sine_ptr
 .sdata._global_impure_ptr
                0x000000000000a56c        0x4 c:/intelfpga_lite/18.1/nios2eds/bin/gnu/h-x86_64-mingw32/bin/../lib/gcc/nios2-elf/5.3.0/../../../../../H-x86_64-mingw32/nios2-elf/lib/mno-hw-mul\libsmallc.a(lib_a-impure.o)
                0x000000000000a56c                _global_impure_ptr
 .sdata._impure_ptr
                0x000000000000a570        0x4 c:/intelfpga_lite/18.1/nios2eds/bin/gnu/h-x86_64-mingw32/bin/../lib/gcc/nios2-elf/5.3.0/../../../../../H-x86_64-mingw32/nios2-elf/lib/mno-hw-mul\libsmallc.a(lib_a-impure.o)
                0x000000000000a570                _impure_ptr
 .sdata         0x000000000000a574        0x4 ../Personal_Prj_bsp/\libhal_bsp.a(alt_irq_vars.o)
                0x000000000000a574                alt_priority_mask
 .sdata         0x000000000000a578       0x14 ../Personal_Prj_bsp/\libhal_bsp.a(alt_dev.o)
                0x000000000000a578                alt_fs_list
                0x000000000000a580                alt_dev_list
                0x000000000000a588                alt_max_fd
 .sdata         0x000000000000a58c        0x4 ../Personal_Prj_bsp/\libhal_bsp.a(alt_errno.o)
                0x000000000000a58c                alt_errno
 *(.sdata2 .sdata2.* .gnu.linkonce.s2.*)
                0x000000000000a590                . = ALIGN (0x4)
                0x000000000000a590                _edata = ABSOLUTE (.)
                [!provide]                        PROVIDE (edata, ABSOLUTE (.))
                0x000000000000a590                PROVIDE (__ram_rwdata_end, ABSOLUTE (.))
                0x000000000000a590                PROVIDE (__flash_rwdata_start, LOADADDR (.rwdata))

.bss            0x000000000000a86c      0x118
                0x000000000000a86c                __bss_start = ABSOLUTE (.)
                [!provide]                        PROVIDE (__sbss_start, ABSOLUTE (.))
                [!provide]                        PROVIDE (___sbss_start, ABSOLUTE (.))
 *(.dynsbss)
 *(.sbss .sbss.* .gnu.linkonce.sb.*)
 .sbss          0x000000000000a86c        0x4 c:/intelfpga_lite/18.1/nios2eds/bin/gnu/h-x86_64-mingw32/bin/../lib/gcc/nios2-elf/5.3.0/../../../../../H-x86_64-mingw32/nios2-elf/lib/mno-hw-mul\libsmallc.a(lib_a-int_errno.o)
                0x000000000000a86c                errno
 .sbss          0x000000000000a870        0x4 ../Personal_Prj_bsp/\libhal_bsp.a(alt_irq_vars.o)
                0x000000000000a870                alt_irq_active
 .sbss          0x000000000000a874        0xc ../Personal_Prj_bsp/\libhal_bsp.a(alt_main.o)
                0x000000000000a874                alt_argc
                0x000000000000a878                alt_argv
                0x000000000000a87c                alt_envp
 .sbss          0x000000000000a880        0x4 ../Personal_Prj_bsp/\libhal_bsp.a(alt_instruction_exception_entry.o)
                0x000000000000a880                alt_instruction_exception_handler
 *(.sbss2 .sbss2.* .gnu.linkonce.sb2.*)
 *(.scommon)
                [!provide]                        PROVIDE (__sbss_end, ABSOLUTE (.))
                [!provide]                        PROVIDE (___sbss_end, ABSOLUTE (.))
 *(.dynbss)
 *(.bss .bss.* .gnu.linkonce.b.*)
 .bss           0x000000000000a884        0x0 ../Personal_Prj_bsp//obj/HAL/src/crt0.o
 .bss           0x000000000000a884        0x0 obj/default/source.o
 .bss           0x000000000000a884        0x0 c:/intelfpga_lite/18.1/nios2eds/bin/gnu/h-x86_64-mingw32/bin/../lib/gcc/nios2-elf/5.3.0/../../../../../H-x86_64-mingw32/nios2-elf/lib/mno-hw-mul\libsmallc.a(lib_a-printf.o)
 .bss           0x000000000000a884        0x0 c:/intelfpga_lite/18.1/nios2eds/bin/gnu/h-x86_64-mingw32/bin/../lib/gcc/nios2-elf/5.3.0/../../../../../H-x86_64-mingw32/nios2-elf/lib/mno-hw-mul\libsmallc.a(lib_a-vfprintf.o)
 .bss           0x000000000000a884        0x0 c:/intelfpga_lite/18.1/nios2eds/bin/gnu/h-x86_64-mingw32/bin/../lib/gcc/nios2-elf/5.3.0/../../../../../H-x86_64-mingw32/nios2-elf/lib/mno-hw-mul\libsmallc.a(lib_a-fvwrite_small_dev.o)
 .bss           0x000000000000a884        0x0 c:/intelfpga_lite/18.1/nios2eds/bin/gnu/h-x86_64-mingw32/bin/../lib/gcc/nios2-elf/5.3.0/../../../../../H-x86_64-mingw32/nios2-elf/lib/mno-hw-mul\libsmallc.a(lib_a-impure.o)
 .bss           0x000000000000a884        0x0 c:/intelfpga_lite/18.1/nios2eds/bin/gnu/h-x86_64-mingw32/bin/../lib/gcc/nios2-elf/5.3.0/../../../../../H-x86_64-mingw32/nios2-elf/lib/mno-hw-mul\libsmallc.a(lib_a-strlen.o)
 .bss           0x000000000000a884        0x0 c:/intelfpga_lite/18.1/nios2eds/bin/gnu/h-x86_64-mingw32/bin/../lib/gcc/nios2-elf/5.3.0/../../../../../H-x86_64-mingw32/nios2-elf/lib/mno-hw-mul\libsmallc.a(lib_a-writer.o)
 .bss           0x000000000000a884        0x0 c:/intelfpga_lite/18.1/nios2eds/bin/gnu/h-x86_64-mingw32/bin/../lib/gcc/nios2-elf/5.3.0/../../../../../H-x86_64-mingw32/nios2-elf/lib/mno-hw-mul\libsmallc.a(lib_a-int_errno.o)
 .bss           0x000000000000a884        0x0 c:/intelfpga_lite/18.1/nios2eds/bin/gnu/h-x86_64-mingw32/bin/../lib/gcc/nios2-elf/5.3.0/mno-hw-mul\libgcc.a(lib2-divmod.o)
 .bss           0x000000000000a884        0x0 c:/intelfpga_lite/18.1/nios2eds/bin/gnu/h-x86_64-mingw32/bin/../lib/gcc/nios2-elf/5.3.0/mno-hw-mul\libgcc.a(lib2-mul.o)
 .bss           0x000000000000a884        0x0 ../Personal_Prj_bsp/\libhal_bsp.a(alt_iic.o)
 .bss           0x000000000000a884        0x0 ../Personal_Prj_bsp/\libhal_bsp.a(alt_iic_isr_register.o)
 .bss           0x000000000000a884        0x0 ../Personal_Prj_bsp/\libhal_bsp.a(alt_irq_entry.o)
 .bss           0x000000000000a884        0x0 ../Personal_Prj_bsp/\libhal_bsp.a(alt_irq_handler.o)
 .bss           0x000000000000a884        0x0 ../Personal_Prj_bsp/\libhal_bsp.a(alt_irq_vars.o)
 .bss           0x000000000000a884        0x0 ../Personal_Prj_bsp/\libhal_bsp.a(alt_load.o)
 .bss           0x000000000000a884        0x0 ../Personal_Prj_bsp/\libhal_bsp.a(alt_main.o)
 .bss           0x000000000000a884        0x0 ../Personal_Prj_bsp/\libhal_bsp.a(alt_write.o)
 .bss           0x000000000000a884        0x0 ../Personal_Prj_bsp/\libhal_bsp.a(alt_sys_init.o)
 .bss           0x000000000000a884        0x0 ../Personal_Prj_bsp/\libhal_bsp.a(altera_avalon_jtag_uart_fd.o)
 .bss           0x000000000000a884        0x0 ../Personal_Prj_bsp/\libhal_bsp.a(altera_avalon_jtag_uart_read.o)
 .bss           0x000000000000a884        0x0 ../Personal_Prj_bsp/\libhal_bsp.a(altera_avalon_jtag_uart_write.o)
 .bss           0x000000000000a884        0x0 ../Personal_Prj_bsp/\libhal_bsp.a(alt_close.o)
 .bss           0x000000000000a884        0x0 ../Personal_Prj_bsp/\libhal_bsp.a(alt_dcache_flush_all.o)
 .bss           0x000000000000a884        0x0 ../Personal_Prj_bsp/\libhal_bsp.a(alt_dev.o)
 .bss           0x000000000000a884        0x0 ../Personal_Prj_bsp/\libhal_bsp.a(alt_dev_llist_insert.o)
 .bss           0x000000000000a884        0x0 ../Personal_Prj_bsp/\libhal_bsp.a(alt_do_ctors.o)
 .bss           0x000000000000a884        0x0 ../Personal_Prj_bsp/\libhal_bsp.a(alt_do_dtors.o)
 .bss           0x000000000000a884        0x0 ../Personal_Prj_bsp/\libhal_bsp.a(alt_errno.o)
 .bss           0x000000000000a884        0x0 ../Personal_Prj_bsp/\libhal_bsp.a(alt_exception_entry.o)
 .bss           0x000000000000a884        0x0 ../Personal_Prj_bsp/\libhal_bsp.a(alt_icache_flush_all.o)
 .bss           0x000000000000a884        0x0 ../Personal_Prj_bsp/\libhal_bsp.a(alt_instruction_exception_entry.o)
 .bss           0x000000000000a884        0x0 ../Personal_Prj_bsp/\libhal_bsp.a(alt_io_redirect.o)
 .bss           0x000000000000a884        0x0 ../Personal_Prj_bsp/\libhal_bsp.a(alt_open.o)
 .bss           0x000000000000a884        0x0 ../Personal_Prj_bsp/\libhal_bsp.a(alt_release_fd.o)
 .bss           0x000000000000a884        0x0 ../Personal_Prj_bsp/\libhal_bsp.a(altera_nios2_gen2_irq.o)
 .bss           0x000000000000a884        0x0 ../Personal_Prj_bsp/\libhal_bsp.a(alt_find_dev.o)
 .bss           0x000000000000a884        0x0 ../Personal_Prj_bsp/\libhal_bsp.a(alt_find_file.o)
 .bss           0x000000000000a884        0x0 ../Personal_Prj_bsp/\libhal_bsp.a(alt_get_fd.o)
 .bss           0x000000000000a884        0x0 c:/intelfpga_lite/18.1/nios2eds/bin/gnu/h-x86_64-mingw32/bin/../lib/gcc/nios2-elf/5.3.0/../../../../../H-x86_64-mingw32/nios2-elf/lib/mno-hw-mul\libsmallc.a(lib_a-atexit.o)
 .bss           0x000000000000a884        0x0 c:/intelfpga_lite/18.1/nios2eds/bin/gnu/h-x86_64-mingw32/bin/../lib/gcc/nios2-elf/5.3.0/../../../../../H-x86_64-mingw32/nios2-elf/lib/mno-hw-mul\libsmallc.a(lib_a-exit.o)
 .bss           0x000000000000a884        0x0 c:/intelfpga_lite/18.1/nios2eds/bin/gnu/h-x86_64-mingw32/bin/../lib/gcc/nios2-elf/5.3.0/../../../../../H-x86_64-mingw32/nios2-elf/lib/mno-hw-mul\libsmallc.a(lib_a-memcmp.o)
 .bss           0x000000000000a884        0x0 c:/intelfpga_lite/18.1/nios2eds/bin/gnu/h-x86_64-mingw32/bin/../lib/gcc/nios2-elf/5.3.0/../../../../../H-x86_64-mingw32/nios2-elf/lib/mno-hw-mul\libsmallc.a(lib_a-__atexit.o)
 .bss           0x000000000000a884        0x0 c:/intelfpga_lite/18.1/nios2eds/bin/gnu/h-x86_64-mingw32/bin/../lib/gcc/nios2-elf/5.3.0/../../../../../H-x86_64-mingw32/nios2-elf/lib/mno-hw-mul\libsmallc.a(lib_a-__call_atexit.o)
 .bss           0x000000000000a884        0x0 ../Personal_Prj_bsp/\libhal_bsp.a(alt_exit.o)
 *(COMMON)
 COMMON         0x000000000000a884      0x100 ../Personal_Prj_bsp/\libhal_bsp.a(alt_irq_handler.o)
                0x000000000000a884                alt_irq
                0x000000000000a984                . = ALIGN (0x4)
                0x000000000000a984                __bss_end = ABSOLUTE (.)

.onchip_memory2_0
                0x000000000000a984        0x0
                [!provide]                        PROVIDE (_alt_partition_onchip_memory2_0_start, ABSOLUTE (.))
 *(.onchip_memory2_0 .onchip_memory2_0. onchip_memory2_0.*)
                0x000000000000a984                . = ALIGN (0x4)
                [!provide]                        PROVIDE (_alt_partition_onchip_memory2_0_end, ABSOLUTE (.))
                0x000000000000a984                _end = ABSOLUTE (.)
                0x000000000000a984                end = ABSOLUTE (.)
                0x000000000000a984                __alt_stack_base = ABSOLUTE (.)
                [!provide]                        PROVIDE (_alt_partition_onchip_memory2_0_load_addr, LOADADDR (.onchip_memory2_0))

.stab
 *(.stab)

.stabstr
 *(.stabstr)

.stab.excl
 *(.stab.excl)

.stab.exclstr
 *(.stab.exclstr)

.stab.index
 *(.stab.index)

.stab.indexstr
 *(.stab.indexstr)

.comment        0x0000000000000000       0x23
 *(.comment)
 .comment       0x0000000000000000       0x23 obj/default/source.o
                                         0x24 (size before relaxing)
 .comment       0x0000000000000023       0x24 c:/intelfpga_lite/18.1/nios2eds/bin/gnu/h-x86_64-mingw32/bin/../lib/gcc/nios2-elf/5.3.0/../../../../../H-x86_64-mingw32/nios2-elf/lib/mno-hw-mul\libsmallc.a(lib_a-printf.o)
 .comment       0x0000000000000023       0x24 c:/intelfpga_lite/18.1/nios2eds/bin/gnu/h-x86_64-mingw32/bin/../lib/gcc/nios2-elf/5.3.0/../../../../../H-x86_64-mingw32/nios2-elf/lib/mno-hw-mul\libsmallc.a(lib_a-vfprintf.o)
 .comment       0x0000000000000023       0x24 c:/intelfpga_lite/18.1/nios2eds/bin/gnu/h-x86_64-mingw32/bin/../lib/gcc/nios2-elf/5.3.0/../../../../../H-x86_64-mingw32/nios2-elf/lib/mno-hw-mul\libsmallc.a(lib_a-fvwrite_small_dev.o)
 .comment       0x0000000000000023       0x24 c:/intelfpga_lite/18.1/nios2eds/bin/gnu/h-x86_64-mingw32/bin/../lib/gcc/nios2-elf/5.3.0/../../../../../H-x86_64-mingw32/nios2-elf/lib/mno-hw-mul\libsmallc.a(lib_a-impure.o)
 .comment       0x0000000000000023       0x24 c:/intelfpga_lite/18.1/nios2eds/bin/gnu/h-x86_64-mingw32/bin/../lib/gcc/nios2-elf/5.3.0/../../../../../H-x86_64-mingw32/nios2-elf/lib/mno-hw-mul\libsmallc.a(lib_a-strlen.o)
 .comment       0x0000000000000023       0x24 c:/intelfpga_lite/18.1/nios2eds/bin/gnu/h-x86_64-mingw32/bin/../lib/gcc/nios2-elf/5.3.0/../../../../../H-x86_64-mingw32/nios2-elf/lib/mno-hw-mul\libsmallc.a(lib_a-writer.o)
 .comment       0x0000000000000023       0x24 c:/intelfpga_lite/18.1/nios2eds/bin/gnu/h-x86_64-mingw32/bin/../lib/gcc/nios2-elf/5.3.0/../../../../../H-x86_64-mingw32/nios2-elf/lib/mno-hw-mul\libsmallc.a(lib_a-int_errno.o)
 .comment       0x0000000000000023       0x24 c:/intelfpga_lite/18.1/nios2eds/bin/gnu/h-x86_64-mingw32/bin/../lib/gcc/nios2-elf/5.3.0/mno-hw-mul\libgcc.a(lib2-divmod.o)
 .comment       0x0000000000000023       0x24 c:/intelfpga_lite/18.1/nios2eds/bin/gnu/h-x86_64-mingw32/bin/../lib/gcc/nios2-elf/5.3.0/mno-hw-mul\libgcc.a(lib2-mul.o)
 .comment       0x0000000000000023       0x24 ../Personal_Prj_bsp/\libhal_bsp.a(alt_iic.o)
 .comment       0x0000000000000023       0x24 ../Personal_Prj_bsp/\libhal_bsp.a(alt_iic_isr_register.o)
 .comment       0x0000000000000023       0x24 ../Personal_Prj_bsp/\libhal_bsp.a(alt_irq_handler.o)
 .comment       0x0000000000000023       0x24 ../Personal_Prj_bsp/\libhal_bsp.a(alt_irq_vars.o)
 .comment       0x0000000000000023       0x24 ../Personal_Prj_bsp/\libhal_bsp.a(alt_load.o)
 .comment       0x0000000000000023       0x24 ../Personal_Prj_bsp/\libhal_bsp.a(alt_main.o)
 .comment       0x0000000000000023       0x24 ../Personal_Prj_bsp/\libhal_bsp.a(alt_write.o)
 .comment       0x0000000000000023       0x24 ../Personal_Prj_bsp/\libhal_bsp.a(alt_sys_init.o)
 .comment       0x0000000000000023       0x24 ../Personal_Prj_bsp/\libhal_bsp.a(altera_avalon_jtag_uart_fd.o)
 .comment       0x0000000000000023       0x24 ../Personal_Prj_bsp/\libhal_bsp.a(altera_avalon_jtag_uart_read.o)
 .comment       0x0000000000000023       0x24 ../Personal_Prj_bsp/\libhal_bsp.a(altera_avalon_jtag_uart_write.o)
 .comment       0x0000000000000023       0x24 ../Personal_Prj_bsp/\libhal_bsp.a(alt_close.o)
 .comment       0x0000000000000023       0x24 ../Personal_Prj_bsp/\libhal_bsp.a(alt_dcache_flush_all.o)
 .comment       0x0000000000000023       0x24 ../Personal_Prj_bsp/\libhal_bsp.a(alt_dev.o)
 .comment       0x0000000000000023       0x24 ../Personal_Prj_bsp/\libhal_bsp.a(alt_dev_llist_insert.o)
 .comment       0x0000000000000023       0x24 ../Personal_Prj_bsp/\libhal_bsp.a(alt_do_ctors.o)
 .comment       0x0000000000000023       0x24 ../Personal_Prj_bsp/\libhal_bsp.a(alt_do_dtors.o)
 .comment       0x0000000000000023       0x24 ../Personal_Prj_bsp/\libhal_bsp.a(alt_errno.o)
 .comment       0x0000000000000023       0x24 ../Personal_Prj_bsp/\libhal_bsp.a(alt_icache_flush_all.o)
 .comment       0x0000000000000023       0x24 ../Personal_Prj_bsp/\libhal_bsp.a(alt_instruction_exception_entry.o)
 .comment       0x0000000000000023       0x24 ../Personal_Prj_bsp/\libhal_bsp.a(alt_io_redirect.o)
 .comment       0x0000000000000023       0x24 ../Personal_Prj_bsp/\libhal_bsp.a(alt_open.o)
 .comment       0x0000000000000023       0x24 ../Personal_Prj_bsp/\libhal_bsp.a(alt_release_fd.o)
 .comment       0x0000000000000023       0x24 ../Personal_Prj_bsp/\libhal_bsp.a(altera_nios2_gen2_irq.o)
 .comment       0x0000000000000023       0x24 ../Personal_Prj_bsp/\libhal_bsp.a(alt_find_dev.o)
 .comment       0x0000000000000023       0x24 ../Personal_Prj_bsp/\libhal_bsp.a(alt_find_file.o)
 .comment       0x0000000000000023       0x24 ../Personal_Prj_bsp/\libhal_bsp.a(alt_get_fd.o)
 .comment       0x0000000000000023       0x24 c:/intelfpga_lite/18.1/nios2eds/bin/gnu/h-x86_64-mingw32/bin/../lib/gcc/nios2-elf/5.3.0/../../../../../H-x86_64-mingw32/nios2-elf/lib/mno-hw-mul\libsmallc.a(lib_a-atexit.o)
 .comment       0x0000000000000023       0x24 c:/intelfpga_lite/18.1/nios2eds/bin/gnu/h-x86_64-mingw32/bin/../lib/gcc/nios2-elf/5.3.0/../../../../../H-x86_64-mingw32/nios2-elf/lib/mno-hw-mul\libsmallc.a(lib_a-exit.o)
 .comment       0x0000000000000023       0x24 c:/intelfpga_lite/18.1/nios2eds/bin/gnu/h-x86_64-mingw32/bin/../lib/gcc/nios2-elf/5.3.0/../../../../../H-x86_64-mingw32/nios2-elf/lib/mno-hw-mul\libsmallc.a(lib_a-memcmp.o)
 .comment       0x0000000000000023       0x24 c:/intelfpga_lite/18.1/nios2eds/bin/gnu/h-x86_64-mingw32/bin/../lib/gcc/nios2-elf/5.3.0/../../../../../H-x86_64-mingw32/nios2-elf/lib/mno-hw-mul\libsmallc.a(lib_a-__atexit.o)
 .comment       0x0000000000000023       0x24 c:/intelfpga_lite/18.1/nios2eds/bin/gnu/h-x86_64-mingw32/bin/../lib/gcc/nios2-elf/5.3.0/../../../../../H-x86_64-mingw32/nios2-elf/lib/mno-hw-mul\libsmallc.a(lib_a-__call_atexit.o)
 .comment       0x0000000000000023       0x24 ../Personal_Prj_bsp/\libhal_bsp.a(alt_exit.o)

.debug
 *(.debug)

.line
 *(.line)

.debug_srcinfo
 *(.debug_srcinfo)

.debug_sfnames
 *(.debug_sfnames)

.debug_aranges  0x0000000000000000      0x5f0
 *(.debug_aranges)
 .debug_aranges
                0x0000000000000000       0x28 ../Personal_Prj_bsp//obj/HAL/src/crt0.o
 .debug_aranges
                0x0000000000000028       0x20 obj/default/source.o
 .debug_aranges
                0x0000000000000048       0x28 c:/intelfpga_lite/18.1/nios2eds/bin/gnu/h-x86_64-mingw32/bin/../lib/gcc/nios2-elf/5.3.0/../../../../../H-x86_64-mingw32/nios2-elf/lib/mno-hw-mul\libsmallc.a(lib_a-printf.o)
 .debug_aranges
                0x0000000000000070       0x30 c:/intelfpga_lite/18.1/nios2eds/bin/gnu/h-x86_64-mingw32/bin/../lib/gcc/nios2-elf/5.3.0/../../../../../H-x86_64-mingw32/nios2-elf/lib/mno-hw-mul\libsmallc.a(lib_a-vfprintf.o)
 .debug_aranges
                0x00000000000000a0       0x20 c:/intelfpga_lite/18.1/nios2eds/bin/gnu/h-x86_64-mingw32/bin/../lib/gcc/nios2-elf/5.3.0/../../../../../H-x86_64-mingw32/nios2-elf/lib/mno-hw-mul\libsmallc.a(lib_a-fvwrite_small_dev.o)
 .debug_aranges
                0x00000000000000c0       0x18 c:/intelfpga_lite/18.1/nios2eds/bin/gnu/h-x86_64-mingw32/bin/../lib/gcc/nios2-elf/5.3.0/../../../../../H-x86_64-mingw32/nios2-elf/lib/mno-hw-mul\libsmallc.a(lib_a-impure.o)
 .debug_aranges
                0x00000000000000d8       0x20 c:/intelfpga_lite/18.1/nios2eds/bin/gnu/h-x86_64-mingw32/bin/../lib/gcc/nios2-elf/5.3.0/../../../../../H-x86_64-mingw32/nios2-elf/lib/mno-hw-mul\libsmallc.a(lib_a-strlen.o)
 .debug_aranges
                0x00000000000000f8       0x20 c:/intelfpga_lite/18.1/nios2eds/bin/gnu/h-x86_64-mingw32/bin/../lib/gcc/nios2-elf/5.3.0/../../../../../H-x86_64-mingw32/nios2-elf/lib/mno-hw-mul\libsmallc.a(lib_a-writer.o)
 .debug_aranges
                0x0000000000000118       0x18 c:/intelfpga_lite/18.1/nios2eds/bin/gnu/h-x86_64-mingw32/bin/../lib/gcc/nios2-elf/5.3.0/../../../../../H-x86_64-mingw32/nios2-elf/lib/mno-hw-mul\libsmallc.a(lib_a-int_errno.o)
 .debug_aranges
                0x0000000000000130       0x20 c:/intelfpga_lite/18.1/nios2eds/bin/gnu/h-x86_64-mingw32/bin/../lib/gcc/nios2-elf/5.3.0/mno-hw-mul\libgcc.a(lib2-divmod.o)
 .debug_aranges
                0x0000000000000150       0x20 c:/intelfpga_lite/18.1/nios2eds/bin/gnu/h-x86_64-mingw32/bin/../lib/gcc/nios2-elf/5.3.0/mno-hw-mul\libgcc.a(lib2-mul.o)
 .debug_aranges
                0x0000000000000170       0x20 ../Personal_Prj_bsp/\libhal_bsp.a(alt_iic.o)
 .debug_aranges
                0x0000000000000190       0x20 ../Personal_Prj_bsp/\libhal_bsp.a(alt_iic_isr_register.o)
 .debug_aranges
                0x00000000000001b0       0x30 ../Personal_Prj_bsp/\libhal_bsp.a(alt_irq_entry.o)
 .debug_aranges
                0x00000000000001e0       0x20 ../Personal_Prj_bsp/\libhal_bsp.a(alt_irq_handler.o)
 .debug_aranges
                0x0000000000000200       0x18 ../Personal_Prj_bsp/\libhal_bsp.a(alt_irq_vars.o)
 .debug_aranges
                0x0000000000000218       0x20 ../Personal_Prj_bsp/\libhal_bsp.a(alt_load.o)
 .debug_aranges
                0x0000000000000238       0x20 ../Personal_Prj_bsp/\libhal_bsp.a(alt_main.o)
 .debug_aranges
                0x0000000000000258       0x20 ../Personal_Prj_bsp/\libhal_bsp.a(alt_write.o)
 .debug_aranges
                0x0000000000000278       0x20 ../Personal_Prj_bsp/\libhal_bsp.a(alt_sys_init.o)
 .debug_aranges
                0x0000000000000298       0x20 ../Personal_Prj_bsp/\libhal_bsp.a(altera_avalon_jtag_uart_fd.o)
 .debug_aranges
                0x00000000000002b8       0x20 ../Personal_Prj_bsp/\libhal_bsp.a(altera_avalon_jtag_uart_read.o)
 .debug_aranges
                0x00000000000002d8       0x20 ../Personal_Prj_bsp/\libhal_bsp.a(altera_avalon_jtag_uart_write.o)
 .debug_aranges
                0x00000000000002f8       0x20 ../Personal_Prj_bsp/\libhal_bsp.a(alt_close.o)
 .debug_aranges
                0x0000000000000318       0x20 ../Personal_Prj_bsp/\libhal_bsp.a(alt_dcache_flush_all.o)
 .debug_aranges
                0x0000000000000338       0x20 ../Personal_Prj_bsp/\libhal_bsp.a(alt_dev.o)
 .debug_aranges
                0x0000000000000358       0x20 ../Personal_Prj_bsp/\libhal_bsp.a(alt_dev_llist_insert.o)
 .debug_aranges
                0x0000000000000378       0x20 ../Personal_Prj_bsp/\libhal_bsp.a(alt_do_ctors.o)
 .debug_aranges
                0x0000000000000398       0x20 ../Personal_Prj_bsp/\libhal_bsp.a(alt_do_dtors.o)
 .debug_aranges
                0x00000000000003b8       0x18 ../Personal_Prj_bsp/\libhal_bsp.a(alt_errno.o)
 .debug_aranges
                0x00000000000003d0       0x38 ../Personal_Prj_bsp/\libhal_bsp.a(alt_exception_entry.o)
 .debug_aranges
                0x0000000000000408       0x20 ../Personal_Prj_bsp/\libhal_bsp.a(alt_icache_flush_all.o)
 .debug_aranges
                0x0000000000000428       0x28 ../Personal_Prj_bsp/\libhal_bsp.a(alt_instruction_exception_entry.o)
 .debug_aranges
                0x0000000000000450       0x20 ../Personal_Prj_bsp/\libhal_bsp.a(alt_io_redirect.o)
 .debug_aranges
                0x0000000000000470       0x20 ../Personal_Prj_bsp/\libhal_bsp.a(alt_open.o)
 .debug_aranges
                0x0000000000000490       0x20 ../Personal_Prj_bsp/\libhal_bsp.a(alt_release_fd.o)
 .debug_aranges
                0x00000000000004b0       0x20 ../Personal_Prj_bsp/\libhal_bsp.a(altera_nios2_gen2_irq.o)
 .debug_aranges
                0x00000000000004d0       0x20 ../Personal_Prj_bsp/\libhal_bsp.a(alt_find_dev.o)
 .debug_aranges
                0x00000000000004f0       0x20 ../Personal_Prj_bsp/\libhal_bsp.a(alt_find_file.o)
 .debug_aranges
                0x0000000000000510       0x20 ../Personal_Prj_bsp/\libhal_bsp.a(alt_get_fd.o)
 .debug_aranges
                0x0000000000000530       0x20 c:/intelfpga_lite/18.1/nios2eds/bin/gnu/h-x86_64-mingw32/bin/../lib/gcc/nios2-elf/5.3.0/../../../../../H-x86_64-mingw32/nios2-elf/lib/mno-hw-mul\libsmallc.a(lib_a-atexit.o)
 .debug_aranges
                0x0000000000000550       0x20 c:/intelfpga_lite/18.1/nios2eds/bin/gnu/h-x86_64-mingw32/bin/../lib/gcc/nios2-elf/5.3.0/../../../../../H-x86_64-mingw32/nios2-elf/lib/mno-hw-mul\libsmallc.a(lib_a-exit.o)
 .debug_aranges
                0x0000000000000570       0x20 c:/intelfpga_lite/18.1/nios2eds/bin/gnu/h-x86_64-mingw32/bin/../lib/gcc/nios2-elf/5.3.0/../../../../../H-x86_64-mingw32/nios2-elf/lib/mno-hw-mul\libsmallc.a(lib_a-memcmp.o)
 .debug_aranges
                0x0000000000000590       0x20 c:/intelfpga_lite/18.1/nios2eds/bin/gnu/h-x86_64-mingw32/bin/../lib/gcc/nios2-elf/5.3.0/../../../../../H-x86_64-mingw32/nios2-elf/lib/mno-hw-mul\libsmallc.a(lib_a-__atexit.o)
 .debug_aranges
                0x00000000000005b0       0x20 c:/intelfpga_lite/18.1/nios2eds/bin/gnu/h-x86_64-mingw32/bin/../lib/gcc/nios2-elf/5.3.0/../../../../../H-x86_64-mingw32/nios2-elf/lib/mno-hw-mul\libsmallc.a(lib_a-__call_atexit.o)
 .debug_aranges
                0x00000000000005d0       0x20 ../Personal_Prj_bsp/\libhal_bsp.a(alt_exit.o)

.debug_pubnames
 *(.debug_pubnames)

.debug_info     0x0000000000000000     0x7756
 *(.debug_info .gnu.linkonce.wi.*)
 .debug_info    0x0000000000000000       0x7a ../Personal_Prj_bsp//obj/HAL/src/crt0.o
 .debug_info    0x000000000000007a       0xe3 obj/default/source.o
 .debug_info    0x000000000000015d      0x699 c:/intelfpga_lite/18.1/nios2eds/bin/gnu/h-x86_64-mingw32/bin/../lib/gcc/nios2-elf/5.3.0/../../../../../H-x86_64-mingw32/nios2-elf/lib/mno-hw-mul\libsmallc.a(lib_a-printf.o)
 .debug_info    0x00000000000007f6      0xb2b c:/intelfpga_lite/18.1/nios2eds/bin/gnu/h-x86_64-mingw32/bin/../lib/gcc/nios2-elf/5.3.0/../../../../../H-x86_64-mingw32/nios2-elf/lib/mno-hw-mul\libsmallc.a(lib_a-vfprintf.o)
 .debug_info    0x0000000000001321      0x62b c:/intelfpga_lite/18.1/nios2eds/bin/gnu/h-x86_64-mingw32/bin/../lib/gcc/nios2-elf/5.3.0/../../../../../H-x86_64-mingw32/nios2-elf/lib/mno-hw-mul\libsmallc.a(lib_a-fvwrite_small_dev.o)
 .debug_info    0x000000000000194c      0x5a9 c:/intelfpga_lite/18.1/nios2eds/bin/gnu/h-x86_64-mingw32/bin/../lib/gcc/nios2-elf/5.3.0/../../../../../H-x86_64-mingw32/nios2-elf/lib/mno-hw-mul\libsmallc.a(lib_a-impure.o)
 .debug_info    0x0000000000001ef5       0xc9 c:/intelfpga_lite/18.1/nios2eds/bin/gnu/h-x86_64-mingw32/bin/../lib/gcc/nios2-elf/5.3.0/../../../../../H-x86_64-mingw32/nios2-elf/lib/mno-hw-mul\libsmallc.a(lib_a-strlen.o)
 .debug_info    0x0000000000001fbe      0x630 c:/intelfpga_lite/18.1/nios2eds/bin/gnu/h-x86_64-mingw32/bin/../lib/gcc/nios2-elf/5.3.0/../../../../../H-x86_64-mingw32/nios2-elf/lib/mno-hw-mul\libsmallc.a(lib_a-writer.o)
 .debug_info    0x00000000000025ee       0x8a c:/intelfpga_lite/18.1/nios2eds/bin/gnu/h-x86_64-mingw32/bin/../lib/gcc/nios2-elf/5.3.0/../../../../../H-x86_64-mingw32/nios2-elf/lib/mno-hw-mul\libsmallc.a(lib_a-int_errno.o)
 .debug_info    0x0000000000002678      0x2c6 c:/intelfpga_lite/18.1/nios2eds/bin/gnu/h-x86_64-mingw32/bin/../lib/gcc/nios2-elf/5.3.0/mno-hw-mul\libgcc.a(lib2-divmod.o)
 .debug_info    0x000000000000293e       0xb4 c:/intelfpga_lite/18.1/nios2eds/bin/gnu/h-x86_64-mingw32/bin/../lib/gcc/nios2-elf/5.3.0/mno-hw-mul\libgcc.a(lib2-mul.o)
 .debug_info    0x00000000000029f2      0x350 ../Personal_Prj_bsp/\libhal_bsp.a(alt_iic.o)
 .debug_info    0x0000000000002d42      0x1ef ../Personal_Prj_bsp/\libhal_bsp.a(alt_iic_isr_register.o)
 .debug_info    0x0000000000002f31       0x83 ../Personal_Prj_bsp/\libhal_bsp.a(alt_irq_entry.o)
 .debug_info    0x0000000000002fb4      0x187 ../Personal_Prj_bsp/\libhal_bsp.a(alt_irq_handler.o)
 .debug_info    0x000000000000313b       0x88 ../Personal_Prj_bsp/\libhal_bsp.a(alt_irq_vars.o)
 .debug_info    0x00000000000031c3      0x145 ../Personal_Prj_bsp/\libhal_bsp.a(alt_load.o)
 .debug_info    0x0000000000003308      0x131 ../Personal_Prj_bsp/\libhal_bsp.a(alt_main.o)
 .debug_info    0x0000000000003439      0x4b7 ../Personal_Prj_bsp/\libhal_bsp.a(alt_write.o)
 .debug_info    0x00000000000038f0      0x3c9 ../Personal_Prj_bsp/\libhal_bsp.a(alt_sys_init.o)
 .debug_info    0x0000000000003cb9      0x3a7 ../Personal_Prj_bsp/\libhal_bsp.a(altera_avalon_jtag_uart_fd.o)
 .debug_info    0x0000000000004060      0x1b2 ../Personal_Prj_bsp/\libhal_bsp.a(altera_avalon_jtag_uart_read.o)
 .debug_info    0x0000000000004212      0x195 ../Personal_Prj_bsp/\libhal_bsp.a(altera_avalon_jtag_uart_write.o)
 .debug_info    0x00000000000043a7      0x321 ../Personal_Prj_bsp/\libhal_bsp.a(alt_close.o)
 .debug_info    0x00000000000046c8       0x92 ../Personal_Prj_bsp/\libhal_bsp.a(alt_dcache_flush_all.o)
 .debug_info    0x000000000000475a      0x49c ../Personal_Prj_bsp/\libhal_bsp.a(alt_dev.o)
 .debug_info    0x0000000000004bf6      0x1a9 ../Personal_Prj_bsp/\libhal_bsp.a(alt_dev_llist_insert.o)
 .debug_info    0x0000000000004d9f       0x83 ../Personal_Prj_bsp/\libhal_bsp.a(alt_do_ctors.o)
 .debug_info    0x0000000000004e22       0x83 ../Personal_Prj_bsp/\libhal_bsp.a(alt_do_dtors.o)
 .debug_info    0x0000000000004ea5       0xa6 ../Personal_Prj_bsp/\libhal_bsp.a(alt_errno.o)
 .debug_info    0x0000000000004f4b       0x89 ../Personal_Prj_bsp/\libhal_bsp.a(alt_exception_entry.o)
 .debug_info    0x0000000000004fd4       0x92 ../Personal_Prj_bsp/\libhal_bsp.a(alt_icache_flush_all.o)
 .debug_info    0x0000000000005066      0x1e7 ../Personal_Prj_bsp/\libhal_bsp.a(alt_instruction_exception_entry.o)
 .debug_info    0x000000000000524d      0x4a5 ../Personal_Prj_bsp/\libhal_bsp.a(alt_io_redirect.o)
 .debug_info    0x00000000000056f2      0x3bb ../Personal_Prj_bsp/\libhal_bsp.a(alt_open.o)
 .debug_info    0x0000000000005aad      0x2b0 ../Personal_Prj_bsp/\libhal_bsp.a(alt_release_fd.o)
 .debug_info    0x0000000000005d5d       0x92 ../Personal_Prj_bsp/\libhal_bsp.a(altera_nios2_gen2_irq.o)
 .debug_info    0x0000000000005def      0x2e9 ../Personal_Prj_bsp/\libhal_bsp.a(alt_find_dev.o)
 .debug_info    0x00000000000060d8      0x2e6 ../Personal_Prj_bsp/\libhal_bsp.a(alt_find_file.o)
 .debug_info    0x00000000000063be      0x310 ../Personal_Prj_bsp/\libhal_bsp.a(alt_get_fd.o)
 .debug_info    0x00000000000066ce       0xfe c:/intelfpga_lite/18.1/nios2eds/bin/gnu/h-x86_64-mingw32/bin/../lib/gcc/nios2-elf/5.3.0/../../../../../H-x86_64-mingw32/nios2-elf/lib/mno-hw-mul\libsmallc.a(lib_a-atexit.o)
 .debug_info    0x00000000000067cc       0xe5 c:/intelfpga_lite/18.1/nios2eds/bin/gnu/h-x86_64-mingw32/bin/../lib/gcc/nios2-elf/5.3.0/../../../../../H-x86_64-mingw32/nios2-elf/lib/mno-hw-mul\libsmallc.a(lib_a-exit.o)
 .debug_info    0x00000000000068b1       0xf4 c:/intelfpga_lite/18.1/nios2eds/bin/gnu/h-x86_64-mingw32/bin/../lib/gcc/nios2-elf/5.3.0/../../../../../H-x86_64-mingw32/nios2-elf/lib/mno-hw-mul\libsmallc.a(lib_a-memcmp.o)
 .debug_info    0x00000000000069a5      0x64a c:/intelfpga_lite/18.1/nios2eds/bin/gnu/h-x86_64-mingw32/bin/../lib/gcc/nios2-elf/5.3.0/../../../../../H-x86_64-mingw32/nios2-elf/lib/mno-hw-mul\libsmallc.a(lib_a-__atexit.o)
 .debug_info    0x0000000000006fef      0x67b c:/intelfpga_lite/18.1/nios2eds/bin/gnu/h-x86_64-mingw32/bin/../lib/gcc/nios2-elf/5.3.0/../../../../../H-x86_64-mingw32/nios2-elf/lib/mno-hw-mul\libsmallc.a(lib_a-__call_atexit.o)
 .debug_info    0x000000000000766a       0xec ../Personal_Prj_bsp/\libhal_bsp.a(alt_exit.o)

.debug_abbrev   0x0000000000000000     0x2950
 *(.debug_abbrev)
 .debug_abbrev  0x0000000000000000       0x12 ../Personal_Prj_bsp//obj/HAL/src/crt0.o
 .debug_abbrev  0x0000000000000012       0xa0 obj/default/source.o
 .debug_abbrev  0x00000000000000b2      0x1ee c:/intelfpga_lite/18.1/nios2eds/bin/gnu/h-x86_64-mingw32/bin/../lib/gcc/nios2-elf/5.3.0/../../../../../H-x86_64-mingw32/nios2-elf/lib/mno-hw-mul\libsmallc.a(lib_a-printf.o)
 .debug_abbrev  0x00000000000002a0      0x2a1 c:/intelfpga_lite/18.1/nios2eds/bin/gnu/h-x86_64-mingw32/bin/../lib/gcc/nios2-elf/5.3.0/../../../../../H-x86_64-mingw32/nios2-elf/lib/mno-hw-mul\libsmallc.a(lib_a-vfprintf.o)
 .debug_abbrev  0x0000000000000541      0x1bc c:/intelfpga_lite/18.1/nios2eds/bin/gnu/h-x86_64-mingw32/bin/../lib/gcc/nios2-elf/5.3.0/../../../../../H-x86_64-mingw32/nios2-elf/lib/mno-hw-mul\libsmallc.a(lib_a-fvwrite_small_dev.o)
 .debug_abbrev  0x00000000000006fd      0x14a c:/intelfpga_lite/18.1/nios2eds/bin/gnu/h-x86_64-mingw32/bin/../lib/gcc/nios2-elf/5.3.0/../../../../../H-x86_64-mingw32/nios2-elf/lib/mno-hw-mul\libsmallc.a(lib_a-impure.o)
 .debug_abbrev  0x0000000000000847       0x7f c:/intelfpga_lite/18.1/nios2eds/bin/gnu/h-x86_64-mingw32/bin/../lib/gcc/nios2-elf/5.3.0/../../../../../H-x86_64-mingw32/nios2-elf/lib/mno-hw-mul\libsmallc.a(lib_a-strlen.o)
 .debug_abbrev  0x00000000000008c6      0x1a6 c:/intelfpga_lite/18.1/nios2eds/bin/gnu/h-x86_64-mingw32/bin/../lib/gcc/nios2-elf/5.3.0/../../../../../H-x86_64-mingw32/nios2-elf/lib/mno-hw-mul\libsmallc.a(lib_a-writer.o)
 .debug_abbrev  0x0000000000000a6c       0x37 c:/intelfpga_lite/18.1/nios2eds/bin/gnu/h-x86_64-mingw32/bin/../lib/gcc/nios2-elf/5.3.0/../../../../../H-x86_64-mingw32/nios2-elf/lib/mno-hw-mul\libsmallc.a(lib_a-int_errno.o)
 .debug_abbrev  0x0000000000000aa3      0x10e c:/intelfpga_lite/18.1/nios2eds/bin/gnu/h-x86_64-mingw32/bin/../lib/gcc/nios2-elf/5.3.0/mno-hw-mul\libgcc.a(lib2-divmod.o)
 .debug_abbrev  0x0000000000000bb1       0x6f c:/intelfpga_lite/18.1/nios2eds/bin/gnu/h-x86_64-mingw32/bin/../lib/gcc/nios2-elf/5.3.0/mno-hw-mul\libgcc.a(lib2-mul.o)
 .debug_abbrev  0x0000000000000c20      0x163 ../Personal_Prj_bsp/\libhal_bsp.a(alt_iic.o)
 .debug_abbrev  0x0000000000000d83      0x169 ../Personal_Prj_bsp/\libhal_bsp.a(alt_iic_isr_register.o)
 .debug_abbrev  0x0000000000000eec       0x12 ../Personal_Prj_bsp/\libhal_bsp.a(alt_irq_entry.o)
 .debug_abbrev  0x0000000000000efe      0x122 ../Personal_Prj_bsp/\libhal_bsp.a(alt_irq_handler.o)
 .debug_abbrev  0x0000000000001020       0x40 ../Personal_Prj_bsp/\libhal_bsp.a(alt_irq_vars.o)
 .debug_abbrev  0x0000000000001060       0x9f ../Personal_Prj_bsp/\libhal_bsp.a(alt_load.o)
 .debug_abbrev  0x00000000000010ff       0xba ../Personal_Prj_bsp/\libhal_bsp.a(alt_main.o)
 .debug_abbrev  0x00000000000011b9      0x133 ../Personal_Prj_bsp/\libhal_bsp.a(alt_write.o)
 .debug_abbrev  0x00000000000012ec      0x157 ../Personal_Prj_bsp/\libhal_bsp.a(alt_sys_init.o)
 .debug_abbrev  0x0000000000001443       0xf7 ../Personal_Prj_bsp/\libhal_bsp.a(altera_avalon_jtag_uart_fd.o)
 .debug_abbrev  0x000000000000153a       0xd5 ../Personal_Prj_bsp/\libhal_bsp.a(altera_avalon_jtag_uart_read.o)
 .debug_abbrev  0x000000000000160f       0xd5 ../Personal_Prj_bsp/\libhal_bsp.a(altera_avalon_jtag_uart_write.o)
 .debug_abbrev  0x00000000000016e4      0x11f ../Personal_Prj_bsp/\libhal_bsp.a(alt_close.o)
 .debug_abbrev  0x0000000000001803       0x42 ../Personal_Prj_bsp/\libhal_bsp.a(alt_dcache_flush_all.o)
 .debug_abbrev  0x0000000000001845       0xd9 ../Personal_Prj_bsp/\libhal_bsp.a(alt_dev.o)
 .debug_abbrev  0x000000000000191e      0x114 ../Personal_Prj_bsp/\libhal_bsp.a(alt_dev_llist_insert.o)
 .debug_abbrev  0x0000000000001a32       0x79 ../Personal_Prj_bsp/\libhal_bsp.a(alt_do_ctors.o)
 .debug_abbrev  0x0000000000001aab       0x79 ../Personal_Prj_bsp/\libhal_bsp.a(alt_do_dtors.o)
 .debug_abbrev  0x0000000000001b24       0x5a ../Personal_Prj_bsp/\libhal_bsp.a(alt_errno.o)
 .debug_abbrev  0x0000000000001b7e       0x12 ../Personal_Prj_bsp/\libhal_bsp.a(alt_exception_entry.o)
 .debug_abbrev  0x0000000000001b90       0x42 ../Personal_Prj_bsp/\libhal_bsp.a(alt_icache_flush_all.o)
 .debug_abbrev  0x0000000000001bd2       0xdc ../Personal_Prj_bsp/\libhal_bsp.a(alt_instruction_exception_entry.o)
 .debug_abbrev  0x0000000000001cae      0x114 ../Personal_Prj_bsp/\libhal_bsp.a(alt_io_redirect.o)
 .debug_abbrev  0x0000000000001dc2      0x148 ../Personal_Prj_bsp/\libhal_bsp.a(alt_open.o)
 .debug_abbrev  0x0000000000001f0a       0xde ../Personal_Prj_bsp/\libhal_bsp.a(alt_release_fd.o)
 .debug_abbrev  0x0000000000001fe8       0x42 ../Personal_Prj_bsp/\libhal_bsp.a(altera_nios2_gen2_irq.o)
 .debug_abbrev  0x000000000000202a       0xf0 ../Personal_Prj_bsp/\libhal_bsp.a(alt_find_dev.o)
 .debug_abbrev  0x000000000000211a       0xf0 ../Personal_Prj_bsp/\libhal_bsp.a(alt_find_file.o)
 .debug_abbrev  0x000000000000220a      0x10d ../Personal_Prj_bsp/\libhal_bsp.a(alt_get_fd.o)
 .debug_abbrev  0x0000000000002317       0xaa c:/intelfpga_lite/18.1/nios2eds/bin/gnu/h-x86_64-mingw32/bin/../lib/gcc/nios2-elf/5.3.0/../../../../../H-x86_64-mingw32/nios2-elf/lib/mno-hw-mul\libsmallc.a(lib_a-atexit.o)
 .debug_abbrev  0x00000000000023c1       0x8b c:/intelfpga_lite/18.1/nios2eds/bin/gnu/h-x86_64-mingw32/bin/../lib/gcc/nios2-elf/5.3.0/../../../../../H-x86_64-mingw32/nios2-elf/lib/mno-hw-mul\libsmallc.a(lib_a-exit.o)
 .debug_abbrev  0x000000000000244c       0x7f c:/intelfpga_lite/18.1/nios2eds/bin/gnu/h-x86_64-mingw32/bin/../lib/gcc/nios2-elf/5.3.0/../../../../../H-x86_64-mingw32/nios2-elf/lib/mno-hw-mul\libsmallc.a(lib_a-memcmp.o)
 .debug_abbrev  0x00000000000024cb      0x1e6 c:/intelfpga_lite/18.1/nios2eds/bin/gnu/h-x86_64-mingw32/bin/../lib/gcc/nios2-elf/5.3.0/../../../../../H-x86_64-mingw32/nios2-elf/lib/mno-hw-mul\libsmallc.a(lib_a-__atexit.o)
 .debug_abbrev  0x00000000000026b1      0x1f6 c:/intelfpga_lite/18.1/nios2eds/bin/gnu/h-x86_64-mingw32/bin/../lib/gcc/nios2-elf/5.3.0/../../../../../H-x86_64-mingw32/nios2-elf/lib/mno-hw-mul\libsmallc.a(lib_a-__call_atexit.o)
 .debug_abbrev  0x00000000000028a7       0xa9 ../Personal_Prj_bsp/\libhal_bsp.a(alt_exit.o)

.debug_line     0x0000000000000000     0x2d41
 *(.debug_line)
 .debug_line    0x0000000000000000       0x5c ../Personal_Prj_bsp//obj/HAL/src/crt0.o
 .debug_line    0x000000000000005c       0x74 obj/default/source.o
 .debug_line    0x00000000000000d0      0x203 c:/intelfpga_lite/18.1/nios2eds/bin/gnu/h-x86_64-mingw32/bin/../lib/gcc/nios2-elf/5.3.0/../../../../../H-x86_64-mingw32/nios2-elf/lib/mno-hw-mul\libsmallc.a(lib_a-printf.o)
 .debug_line    0x00000000000002d3      0x351 c:/intelfpga_lite/18.1/nios2eds/bin/gnu/h-x86_64-mingw32/bin/../lib/gcc/nios2-elf/5.3.0/../../../../../H-x86_64-mingw32/nios2-elf/lib/mno-hw-mul\libsmallc.a(lib_a-vfprintf.o)
 .debug_line    0x0000000000000624      0x1f0 c:/intelfpga_lite/18.1/nios2eds/bin/gnu/h-x86_64-mingw32/bin/../lib/gcc/nios2-elf/5.3.0/../../../../../H-x86_64-mingw32/nios2-elf/lib/mno-hw-mul\libsmallc.a(lib_a-fvwrite_small_dev.o)
 .debug_line    0x0000000000000814      0x156 c:/intelfpga_lite/18.1/nios2eds/bin/gnu/h-x86_64-mingw32/bin/../lib/gcc/nios2-elf/5.3.0/../../../../../H-x86_64-mingw32/nios2-elf/lib/mno-hw-mul\libsmallc.a(lib_a-impure.o)
 .debug_line    0x000000000000096a      0x15c c:/intelfpga_lite/18.1/nios2eds/bin/gnu/h-x86_64-mingw32/bin/../lib/gcc/nios2-elf/5.3.0/../../../../../H-x86_64-mingw32/nios2-elf/lib/mno-hw-mul\libsmallc.a(lib_a-strlen.o)
 .debug_line    0x0000000000000ac6      0x1ed c:/intelfpga_lite/18.1/nios2eds/bin/gnu/h-x86_64-mingw32/bin/../lib/gcc/nios2-elf/5.3.0/../../../../../H-x86_64-mingw32/nios2-elf/lib/mno-hw-mul\libsmallc.a(lib_a-writer.o)
 .debug_line    0x0000000000000cb3       0x5f c:/intelfpga_lite/18.1/nios2eds/bin/gnu/h-x86_64-mingw32/bin/../lib/gcc/nios2-elf/5.3.0/../../../../../H-x86_64-mingw32/nios2-elf/lib/mno-hw-mul\libsmallc.a(lib_a-int_errno.o)
 .debug_line    0x0000000000000d12      0x105 c:/intelfpga_lite/18.1/nios2eds/bin/gnu/h-x86_64-mingw32/bin/../lib/gcc/nios2-elf/5.3.0/mno-hw-mul\libgcc.a(lib2-divmod.o)
 .debug_line    0x0000000000000e17       0x80 c:/intelfpga_lite/18.1/nios2eds/bin/gnu/h-x86_64-mingw32/bin/../lib/gcc/nios2-elf/5.3.0/mno-hw-mul\libgcc.a(lib2-mul.o)
 .debug_line    0x0000000000000e97       0xeb ../Personal_Prj_bsp/\libhal_bsp.a(alt_iic.o)
 .debug_line    0x0000000000000f82       0xdb ../Personal_Prj_bsp/\libhal_bsp.a(alt_iic_isr_register.o)
 .debug_line    0x000000000000105d       0x6b ../Personal_Prj_bsp/\libhal_bsp.a(alt_irq_entry.o)
 .debug_line    0x00000000000010c8       0xaa ../Personal_Prj_bsp/\libhal_bsp.a(alt_irq_handler.o)
 .debug_line    0x0000000000001172       0x50 ../Personal_Prj_bsp/\libhal_bsp.a(alt_irq_vars.o)
 .debug_line    0x00000000000011c2       0x8e ../Personal_Prj_bsp/\libhal_bsp.a(alt_load.o)
 .debug_line    0x0000000000001250       0xa4 ../Personal_Prj_bsp/\libhal_bsp.a(alt_main.o)
 .debug_line    0x00000000000012f4      0x1db ../Personal_Prj_bsp/\libhal_bsp.a(alt_write.o)
 .debug_line    0x00000000000014cf      0x126 ../Personal_Prj_bsp/\libhal_bsp.a(alt_sys_init.o)
 .debug_line    0x00000000000015f5      0x112 ../Personal_Prj_bsp/\libhal_bsp.a(altera_avalon_jtag_uart_fd.o)
 .debug_line    0x0000000000001707       0xfd ../Personal_Prj_bsp/\libhal_bsp.a(altera_avalon_jtag_uart_read.o)
 .debug_line    0x0000000000001804       0xf4 ../Personal_Prj_bsp/\libhal_bsp.a(altera_avalon_jtag_uart_write.o)
 .debug_line    0x00000000000018f8      0x165 ../Personal_Prj_bsp/\libhal_bsp.a(alt_close.o)
 .debug_line    0x0000000000001a5d       0x51 ../Personal_Prj_bsp/\libhal_bsp.a(alt_dcache_flush_all.o)
 .debug_line    0x0000000000001aae       0xf8 ../Personal_Prj_bsp/\libhal_bsp.a(alt_dev.o)
 .debug_line    0x0000000000001ba6       0xcf ../Personal_Prj_bsp/\libhal_bsp.a(alt_dev_llist_insert.o)
 .debug_line    0x0000000000001c75       0x59 ../Personal_Prj_bsp/\libhal_bsp.a(alt_do_ctors.o)
 .debug_line    0x0000000000001cce       0x59 ../Personal_Prj_bsp/\libhal_bsp.a(alt_do_dtors.o)
 .debug_line    0x0000000000001d27       0x51 ../Personal_Prj_bsp/\libhal_bsp.a(alt_errno.o)
 .debug_line    0x0000000000001d78       0xb3 ../Personal_Prj_bsp/\libhal_bsp.a(alt_exception_entry.o)
 .debug_line    0x0000000000001e2b       0x4f ../Personal_Prj_bsp/\libhal_bsp.a(alt_icache_flush_all.o)
 .debug_line    0x0000000000001e7a       0xb9 ../Personal_Prj_bsp/\libhal_bsp.a(alt_instruction_exception_entry.o)
 .debug_line    0x0000000000001f33      0x135 ../Personal_Prj_bsp/\libhal_bsp.a(alt_io_redirect.o)
 .debug_line    0x0000000000002068      0x12b ../Personal_Prj_bsp/\libhal_bsp.a(alt_open.o)
 .debug_line    0x0000000000002193       0xb0 ../Personal_Prj_bsp/\libhal_bsp.a(alt_release_fd.o)
 .debug_line    0x0000000000002243       0x51 ../Personal_Prj_bsp/\libhal_bsp.a(altera_nios2_gen2_irq.o)
 .debug_line    0x0000000000002294       0xb5 ../Personal_Prj_bsp/\libhal_bsp.a(alt_find_dev.o)
 .debug_line    0x0000000000002349       0xd1 ../Personal_Prj_bsp/\libhal_bsp.a(alt_find_file.o)
 .debug_line    0x000000000000241a       0xd7 ../Personal_Prj_bsp/\libhal_bsp.a(alt_get_fd.o)
 .debug_line    0x00000000000024f1       0xe7 c:/intelfpga_lite/18.1/nios2eds/bin/gnu/h-x86_64-mingw32/bin/../lib/gcc/nios2-elf/5.3.0/../../../../../H-x86_64-mingw32/nios2-elf/lib/mno-hw-mul\libsmallc.a(lib_a-atexit.o)
 .debug_line    0x00000000000025d8      0x159 c:/intelfpga_lite/18.1/nios2eds/bin/gnu/h-x86_64-mingw32/bin/../lib/gcc/nios2-elf/5.3.0/../../../../../H-x86_64-mingw32/nios2-elf/lib/mno-hw-mul\libsmallc.a(lib_a-exit.o)
 .debug_line    0x0000000000002731      0x160 c:/intelfpga_lite/18.1/nios2eds/bin/gnu/h-x86_64-mingw32/bin/../lib/gcc/nios2-elf/5.3.0/../../../../../H-x86_64-mingw32/nios2-elf/lib/mno-hw-mul\libsmallc.a(lib_a-memcmp.o)
 .debug_line    0x0000000000002891      0x20d c:/intelfpga_lite/18.1/nios2eds/bin/gnu/h-x86_64-mingw32/bin/../lib/gcc/nios2-elf/5.3.0/../../../../../H-x86_64-mingw32/nios2-elf/lib/mno-hw-mul\libsmallc.a(lib_a-__atexit.o)
 .debug_line    0x0000000000002a9e      0x232 c:/intelfpga_lite/18.1/nios2eds/bin/gnu/h-x86_64-mingw32/bin/../lib/gcc/nios2-elf/5.3.0/../../../../../H-x86_64-mingw32/nios2-elf/lib/mno-hw-mul\libsmallc.a(lib_a-__call_atexit.o)
 .debug_line    0x0000000000002cd0       0x71 ../Personal_Prj_bsp/\libhal_bsp.a(alt_exit.o)

.debug_frame    0x0000000000000000      0xaf8
 *(.debug_frame)
 .debug_frame   0x0000000000000000       0x54 obj/default/source.o
 .debug_frame   0x0000000000000054       0x48 c:/intelfpga_lite/18.1/nios2eds/bin/gnu/h-x86_64-mingw32/bin/../lib/gcc/nios2-elf/5.3.0/../../../../../H-x86_64-mingw32/nios2-elf/lib/mno-hw-mul\libsmallc.a(lib_a-printf.o)
 .debug_frame   0x000000000000009c       0x8c c:/intelfpga_lite/18.1/nios2eds/bin/gnu/h-x86_64-mingw32/bin/../lib/gcc/nios2-elf/5.3.0/../../../../../H-x86_64-mingw32/nios2-elf/lib/mno-hw-mul\libsmallc.a(lib_a-vfprintf.o)
 .debug_frame   0x0000000000000128       0x58 c:/intelfpga_lite/18.1/nios2eds/bin/gnu/h-x86_64-mingw32/bin/../lib/gcc/nios2-elf/5.3.0/../../../../../H-x86_64-mingw32/nios2-elf/lib/mno-hw-mul\libsmallc.a(lib_a-fvwrite_small_dev.o)
 .debug_frame   0x0000000000000180       0x20 c:/intelfpga_lite/18.1/nios2eds/bin/gnu/h-x86_64-mingw32/bin/../lib/gcc/nios2-elf/5.3.0/../../../../../H-x86_64-mingw32/nios2-elf/lib/mno-hw-mul\libsmallc.a(lib_a-strlen.o)
 .debug_frame   0x00000000000001a0       0x38 c:/intelfpga_lite/18.1/nios2eds/bin/gnu/h-x86_64-mingw32/bin/../lib/gcc/nios2-elf/5.3.0/../../../../../H-x86_64-mingw32/nios2-elf/lib/mno-hw-mul\libsmallc.a(lib_a-writer.o)
 .debug_frame   0x00000000000001d8       0x50 c:/intelfpga_lite/18.1/nios2eds/bin/gnu/h-x86_64-mingw32/bin/../lib/gcc/nios2-elf/5.3.0/mno-hw-mul\libgcc.a(lib2-divmod.o)
 .debug_frame   0x0000000000000228       0x20 c:/intelfpga_lite/18.1/nios2eds/bin/gnu/h-x86_64-mingw32/bin/../lib/gcc/nios2-elf/5.3.0/mno-hw-mul\libgcc.a(lib2-mul.o)
 .debug_frame   0x0000000000000248       0xa4 ../Personal_Prj_bsp/\libhal_bsp.a(alt_iic.o)
 .debug_frame   0x00000000000002ec       0x38 ../Personal_Prj_bsp/\libhal_bsp.a(alt_iic_isr_register.o)
 .debug_frame   0x0000000000000324       0x38 ../Personal_Prj_bsp/\libhal_bsp.a(alt_irq_handler.o)
 .debug_frame   0x000000000000035c       0x5c ../Personal_Prj_bsp/\libhal_bsp.a(alt_load.o)
 .debug_frame   0x00000000000003b8       0x2c ../Personal_Prj_bsp/\libhal_bsp.a(alt_main.o)
 .debug_frame   0x00000000000003e4       0x60 ../Personal_Prj_bsp/\libhal_bsp.a(alt_write.o)
 .debug_frame   0x0000000000000444       0x88 ../Personal_Prj_bsp/\libhal_bsp.a(alt_sys_init.o)
 .debug_frame   0x00000000000004cc       0x60 ../Personal_Prj_bsp/\libhal_bsp.a(altera_avalon_jtag_uart_fd.o)
 .debug_frame   0x000000000000052c       0x34 ../Personal_Prj_bsp/\libhal_bsp.a(altera_avalon_jtag_uart_read.o)
 .debug_frame   0x0000000000000560       0x34 ../Personal_Prj_bsp/\libhal_bsp.a(altera_avalon_jtag_uart_write.o)
 .debug_frame   0x0000000000000594       0x60 ../Personal_Prj_bsp/\libhal_bsp.a(alt_close.o)
 .debug_frame   0x00000000000005f4       0x34 ../Personal_Prj_bsp/\libhal_bsp.a(alt_dcache_flush_all.o)
 .debug_frame   0x0000000000000628       0x34 ../Personal_Prj_bsp/\libhal_bsp.a(alt_dev.o)
 .debug_frame   0x000000000000065c       0x60 ../Personal_Prj_bsp/\libhal_bsp.a(alt_dev_llist_insert.o)
 .debug_frame   0x00000000000006bc       0x38 ../Personal_Prj_bsp/\libhal_bsp.a(alt_do_ctors.o)
 .debug_frame   0x00000000000006f4       0x38 ../Personal_Prj_bsp/\libhal_bsp.a(alt_do_dtors.o)
 .debug_frame   0x000000000000072c       0x34 ../Personal_Prj_bsp/\libhal_bsp.a(alt_icache_flush_all.o)
 .debug_frame   0x0000000000000760       0x5c ../Personal_Prj_bsp/\libhal_bsp.a(alt_instruction_exception_entry.o)
 .debug_frame   0x00000000000007bc       0x64 ../Personal_Prj_bsp/\libhal_bsp.a(alt_io_redirect.o)
 .debug_frame   0x0000000000000820       0x8c ../Personal_Prj_bsp/\libhal_bsp.a(alt_open.o)
 .debug_frame   0x00000000000008ac       0x3c ../Personal_Prj_bsp/\libhal_bsp.a(alt_release_fd.o)
 .debug_frame   0x00000000000008e8       0x34 ../Personal_Prj_bsp/\libhal_bsp.a(altera_nios2_gen2_irq.o)
 .debug_frame   0x000000000000091c       0x38 ../Personal_Prj_bsp/\libhal_bsp.a(alt_find_dev.o)
 .debug_frame   0x0000000000000954       0x38 ../Personal_Prj_bsp/\libhal_bsp.a(alt_find_file.o)
 .debug_frame   0x000000000000098c       0x3c ../Personal_Prj_bsp/\libhal_bsp.a(alt_get_fd.o)
 .debug_frame   0x00000000000009c8       0x20 c:/intelfpga_lite/18.1/nios2eds/bin/gnu/h-x86_64-mingw32/bin/../lib/gcc/nios2-elf/5.3.0/../../../../../H-x86_64-mingw32/nios2-elf/lib/mno-hw-mul\libsmallc.a(lib_a-atexit.o)
 .debug_frame   0x00000000000009e8       0x28 c:/intelfpga_lite/18.1/nios2eds/bin/gnu/h-x86_64-mingw32/bin/../lib/gcc/nios2-elf/5.3.0/../../../../../H-x86_64-mingw32/nios2-elf/lib/mno-hw-mul\libsmallc.a(lib_a-exit.o)
 .debug_frame   0x0000000000000a10       0x20 c:/intelfpga_lite/18.1/nios2eds/bin/gnu/h-x86_64-mingw32/bin/../lib/gcc/nios2-elf/5.3.0/../../../../../H-x86_64-mingw32/nios2-elf/lib/mno-hw-mul\libsmallc.a(lib_a-memcmp.o)
 .debug_frame   0x0000000000000a30       0x48 c:/intelfpga_lite/18.1/nios2eds/bin/gnu/h-x86_64-mingw32/bin/../lib/gcc/nios2-elf/5.3.0/../../../../../H-x86_64-mingw32/nios2-elf/lib/mno-hw-mul\libsmallc.a(lib_a-__atexit.o)
 .debug_frame   0x0000000000000a78       0x54 c:/intelfpga_lite/18.1/nios2eds/bin/gnu/h-x86_64-mingw32/bin/../lib/gcc/nios2-elf/5.3.0/../../../../../H-x86_64-mingw32/nios2-elf/lib/mno-hw-mul\libsmallc.a(lib_a-__call_atexit.o)
 .debug_frame   0x0000000000000acc       0x2c ../Personal_Prj_bsp/\libhal_bsp.a(alt_exit.o)

.debug_str      0x0000000000000000     0x1c97
 *(.debug_str)
 .debug_str     0x0000000000000000      0x12b obj/default/source.o
                                        0x169 (size before relaxing)
 .debug_str     0x000000000000012b      0x421 c:/intelfpga_lite/18.1/nios2eds/bin/gnu/h-x86_64-mingw32/bin/../lib/gcc/nios2-elf/5.3.0/../../../../../H-x86_64-mingw32/nios2-elf/lib/mno-hw-mul\libsmallc.a(lib_a-printf.o)
                                        0x504 (size before relaxing)
 .debug_str     0x000000000000054c      0x1ff c:/intelfpga_lite/18.1/nios2eds/bin/gnu/h-x86_64-mingw32/bin/../lib/gcc/nios2-elf/5.3.0/../../../../../H-x86_64-mingw32/nios2-elf/lib/mno-hw-mul\libsmallc.a(lib_a-vfprintf.o)
                                        0x67f (size before relaxing)
 .debug_str     0x000000000000074b       0x78 c:/intelfpga_lite/18.1/nios2eds/bin/gnu/h-x86_64-mingw32/bin/../lib/gcc/nios2-elf/5.3.0/../../../../../H-x86_64-mingw32/nios2-elf/lib/mno-hw-mul\libsmallc.a(lib_a-fvwrite_small_dev.o)
                                        0x4d4 (size before relaxing)
 .debug_str     0x00000000000007c3       0xef c:/intelfpga_lite/18.1/nios2eds/bin/gnu/h-x86_64-mingw32/bin/../lib/gcc/nios2-elf/5.3.0/../../../../../H-x86_64-mingw32/nios2-elf/lib/mno-hw-mul\libsmallc.a(lib_a-impure.o)
                                        0x4be (size before relaxing)
 .debug_str     0x00000000000008b2       0xd2 c:/intelfpga_lite/18.1/nios2eds/bin/gnu/h-x86_64-mingw32/bin/../lib/gcc/nios2-elf/5.3.0/../../../../../H-x86_64-mingw32/nios2-elf/lib/mno-hw-mul\libsmallc.a(lib_a-strlen.o)
                                        0x1e5 (size before relaxing)
 .debug_str     0x0000000000000984       0x45 c:/intelfpga_lite/18.1/nios2eds/bin/gnu/h-x86_64-mingw32/bin/../lib/gcc/nios2-elf/5.3.0/../../../../../H-x86_64-mingw32/nios2-elf/lib/mno-hw-mul\libsmallc.a(lib_a-writer.o)
                                        0x4b8 (size before relaxing)
 .debug_str     0x00000000000009c9       0x3f c:/intelfpga_lite/18.1/nios2eds/bin/gnu/h-x86_64-mingw32/bin/../lib/gcc/nios2-elf/5.3.0/../../../../../H-x86_64-mingw32/nios2-elf/lib/mno-hw-mul\libsmallc.a(lib_a-int_errno.o)
                                        0x1d8 (size before relaxing)
 .debug_str     0x0000000000000a08      0x187 c:/intelfpga_lite/18.1/nios2eds/bin/gnu/h-x86_64-mingw32/bin/../lib/gcc/nios2-elf/5.3.0/mno-hw-mul\libgcc.a(lib2-divmod.o)
                                        0x1d2 (size before relaxing)
 .debug_str     0x0000000000000b8f       0x40 c:/intelfpga_lite/18.1/nios2eds/bin/gnu/h-x86_64-mingw32/bin/../lib/gcc/nios2-elf/5.3.0/mno-hw-mul\libgcc.a(lib2-mul.o)
                                        0x193 (size before relaxing)
 .debug_str     0x0000000000000bcf      0x13d ../Personal_Prj_bsp/\libhal_bsp.a(alt_iic.o)
                                        0x24a (size before relaxing)
 .debug_str     0x0000000000000d0c       0x4c ../Personal_Prj_bsp/\libhal_bsp.a(alt_iic_isr_register.o)
                                        0x1f4 (size before relaxing)
 .debug_str     0x0000000000000d58       0x3a ../Personal_Prj_bsp/\libhal_bsp.a(alt_irq_handler.o)
                                        0x1a3 (size before relaxing)
 .debug_str     0x0000000000000d92       0x17 ../Personal_Prj_bsp/\libhal_bsp.a(alt_irq_vars.o)
                                        0x146 (size before relaxing)
 .debug_str     0x0000000000000da9       0xe9 ../Personal_Prj_bsp/\libhal_bsp.a(alt_load.o)
                                        0x21e (size before relaxing)
 .debug_str     0x0000000000000e92       0x70 ../Personal_Prj_bsp/\libhal_bsp.a(alt_main.o)
                                        0x1a9 (size before relaxing)
 .debug_str     0x0000000000000f02      0x15f ../Personal_Prj_bsp/\libhal_bsp.a(alt_write.o)
                                        0x304 (size before relaxing)
 .debug_str     0x0000000000001061      0x105 ../Personal_Prj_bsp/\libhal_bsp.a(alt_sys_init.o)
                                        0x2e0 (size before relaxing)
 .debug_str     0x0000000000001166       0x77 ../Personal_Prj_bsp/\libhal_bsp.a(altera_avalon_jtag_uart_fd.o)
                                        0x2e1 (size before relaxing)
 .debug_str     0x00000000000011dd       0x48 ../Personal_Prj_bsp/\libhal_bsp.a(altera_avalon_jtag_uart_read.o)
                                        0x22b (size before relaxing)
 .debug_str     0x0000000000001225       0x4a ../Personal_Prj_bsp/\libhal_bsp.a(altera_avalon_jtag_uart_write.o)
                                        0x221 (size before relaxing)
 .debug_str     0x000000000000126f       0x1b ../Personal_Prj_bsp/\libhal_bsp.a(alt_close.o)
                                        0x217 (size before relaxing)
 .debug_str     0x000000000000128a       0x34 ../Personal_Prj_bsp/\libhal_bsp.a(alt_dcache_flush_all.o)
                                        0x161 (size before relaxing)
 .debug_str     0x00000000000012be       0x50 ../Personal_Prj_bsp/\libhal_bsp.a(alt_dev.o)
                                        0x311 (size before relaxing)
 .debug_str     0x000000000000130e       0x45 ../Personal_Prj_bsp/\libhal_bsp.a(alt_dev_llist_insert.o)
                                        0x1d8 (size before relaxing)
 .debug_str     0x0000000000001353       0x48 ../Personal_Prj_bsp/\libhal_bsp.a(alt_do_ctors.o)
                                         0xdc (size before relaxing)
 .debug_str     0x000000000000139b       0x4c ../Personal_Prj_bsp/\libhal_bsp.a(alt_do_dtors.o)
                                         0xdb (size before relaxing)
 .debug_str     0x00000000000013e7       0x14 ../Personal_Prj_bsp/\libhal_bsp.a(alt_errno.o)
                                        0x151 (size before relaxing)
 .debug_str     0x00000000000013fb       0x34 ../Personal_Prj_bsp/\libhal_bsp.a(alt_icache_flush_all.o)
                                        0x161 (size before relaxing)
 .debug_str     0x000000000000142f      0x48b ../Personal_Prj_bsp/\libhal_bsp.a(alt_instruction_exception_entry.o)
                                        0x5ac (size before relaxing)
 .debug_str     0x00000000000018ba       0x56 ../Personal_Prj_bsp/\libhal_bsp.a(alt_io_redirect.o)
                                        0x322 (size before relaxing)
 .debug_str     0x0000000000001910       0x2f ../Personal_Prj_bsp/\libhal_bsp.a(alt_open.o)
                                        0x257 (size before relaxing)
 .debug_str     0x000000000000193f       0x28 ../Personal_Prj_bsp/\libhal_bsp.a(alt_release_fd.o)
                                        0x1df (size before relaxing)
 .debug_str     0x0000000000001967       0x3b ../Personal_Prj_bsp/\libhal_bsp.a(altera_nios2_gen2_irq.o)
                                        0x168 (size before relaxing)
 .debug_str     0x00000000000019a2       0x24 ../Personal_Prj_bsp/\libhal_bsp.a(alt_find_dev.o)
                                        0x1f8 (size before relaxing)
 .debug_str     0x00000000000019c6       0x26 ../Personal_Prj_bsp/\libhal_bsp.a(alt_find_file.o)
                                        0x206 (size before relaxing)
 .debug_str     0x00000000000019ec       0x30 ../Personal_Prj_bsp/\libhal_bsp.a(alt_get_fd.o)
                                        0x228 (size before relaxing)
 .debug_str     0x0000000000001a1c      0x116 c:/intelfpga_lite/18.1/nios2eds/bin/gnu/h-x86_64-mingw32/bin/../lib/gcc/nios2-elf/5.3.0/../../../../../H-x86_64-mingw32/nios2-elf/lib/mno-hw-mul\libsmallc.a(lib_a-atexit.o)
                                        0x21c (size before relaxing)
 .debug_str     0x0000000000001b32       0x4c c:/intelfpga_lite/18.1/nios2eds/bin/gnu/h-x86_64-mingw32/bin/../lib/gcc/nios2-elf/5.3.0/../../../../../H-x86_64-mingw32/nios2-elf/lib/mno-hw-mul\libsmallc.a(lib_a-exit.o)
                                        0x1f0 (size before relaxing)
 .debug_str     0x0000000000001b7e       0x44 c:/intelfpga_lite/18.1/nios2eds/bin/gnu/h-x86_64-mingw32/bin/../lib/gcc/nios2-elf/5.3.0/../../../../../H-x86_64-mingw32/nios2-elf/lib/mno-hw-mul\libsmallc.a(lib_a-memcmp.o)
                                        0x1df (size before relaxing)
 .debug_str     0x0000000000001bc2       0x46 c:/intelfpga_lite/18.1/nios2eds/bin/gnu/h-x86_64-mingw32/bin/../lib/gcc/nios2-elf/5.3.0/../../../../../H-x86_64-mingw32/nios2-elf/lib/mno-hw-mul\libsmallc.a(lib_a-__atexit.o)
                                        0x4ff (size before relaxing)
 .debug_str     0x0000000000001c08       0x65 c:/intelfpga_lite/18.1/nios2eds/bin/gnu/h-x86_64-mingw32/bin/../lib/gcc/nios2-elf/5.3.0/../../../../../H-x86_64-mingw32/nios2-elf/lib/mno-hw-mul\libsmallc.a(lib_a-__call_atexit.o)
                                        0x4eb (size before relaxing)
 .debug_str     0x0000000000001c6d       0x2a ../Personal_Prj_bsp/\libhal_bsp.a(alt_exit.o)
                                        0x15d (size before relaxing)

.debug_loc      0x0000000000000000     0x1543
 *(.debug_loc)
 .debug_loc     0x0000000000000000       0xc6 c:/intelfpga_lite/18.1/nios2eds/bin/gnu/h-x86_64-mingw32/bin/../lib/gcc/nios2-elf/5.3.0/../../../../../H-x86_64-mingw32/nios2-elf/lib/mno-hw-mul\libsmallc.a(lib_a-printf.o)
 .debug_loc     0x00000000000000c6      0x954 c:/intelfpga_lite/18.1/nios2eds/bin/gnu/h-x86_64-mingw32/bin/../lib/gcc/nios2-elf/5.3.0/../../../../../H-x86_64-mingw32/nios2-elf/lib/mno-hw-mul\libsmallc.a(lib_a-vfprintf.o)
 .debug_loc     0x0000000000000a1a      0x110 c:/intelfpga_lite/18.1/nios2eds/bin/gnu/h-x86_64-mingw32/bin/../lib/gcc/nios2-elf/5.3.0/../../../../../H-x86_64-mingw32/nios2-elf/lib/mno-hw-mul\libsmallc.a(lib_a-fvwrite_small_dev.o)
 .debug_loc     0x0000000000000b2a       0x1e c:/intelfpga_lite/18.1/nios2eds/bin/gnu/h-x86_64-mingw32/bin/../lib/gcc/nios2-elf/5.3.0/../../../../../H-x86_64-mingw32/nios2-elf/lib/mno-hw-mul\libsmallc.a(lib_a-strlen.o)
 .debug_loc     0x0000000000000b48       0xa5 c:/intelfpga_lite/18.1/nios2eds/bin/gnu/h-x86_64-mingw32/bin/../lib/gcc/nios2-elf/5.3.0/../../../../../H-x86_64-mingw32/nios2-elf/lib/mno-hw-mul\libsmallc.a(lib_a-writer.o)
 .debug_loc     0x0000000000000bed      0x4ce c:/intelfpga_lite/18.1/nios2eds/bin/gnu/h-x86_64-mingw32/bin/../lib/gcc/nios2-elf/5.3.0/mno-hw-mul\libgcc.a(lib2-divmod.o)
 .debug_loc     0x00000000000010bb       0x93 c:/intelfpga_lite/18.1/nios2eds/bin/gnu/h-x86_64-mingw32/bin/../lib/gcc/nios2-elf/5.3.0/mno-hw-mul\libgcc.a(lib2-mul.o)
 .debug_loc     0x000000000000114e       0x2c c:/intelfpga_lite/18.1/nios2eds/bin/gnu/h-x86_64-mingw32/bin/../lib/gcc/nios2-elf/5.3.0/../../../../../H-x86_64-mingw32/nios2-elf/lib/mno-hw-mul\libsmallc.a(lib_a-atexit.o)
 .debug_loc     0x000000000000117a       0x1e c:/intelfpga_lite/18.1/nios2eds/bin/gnu/h-x86_64-mingw32/bin/../lib/gcc/nios2-elf/5.3.0/../../../../../H-x86_64-mingw32/nios2-elf/lib/mno-hw-mul\libsmallc.a(lib_a-exit.o)
 .debug_loc     0x0000000000001198       0x94 c:/intelfpga_lite/18.1/nios2eds/bin/gnu/h-x86_64-mingw32/bin/../lib/gcc/nios2-elf/5.3.0/../../../../../H-x86_64-mingw32/nios2-elf/lib/mno-hw-mul\libsmallc.a(lib_a-memcmp.o)
 .debug_loc     0x000000000000122c      0x1c0 c:/intelfpga_lite/18.1/nios2eds/bin/gnu/h-x86_64-mingw32/bin/../lib/gcc/nios2-elf/5.3.0/../../../../../H-x86_64-mingw32/nios2-elf/lib/mno-hw-mul\libsmallc.a(lib_a-__atexit.o)
 .debug_loc     0x00000000000013ec      0x157 c:/intelfpga_lite/18.1/nios2eds/bin/gnu/h-x86_64-mingw32/bin/../lib/gcc/nios2-elf/5.3.0/../../../../../H-x86_64-mingw32/nios2-elf/lib/mno-hw-mul\libsmallc.a(lib_a-__call_atexit.o)

.debug_macinfo
 *(.debug_macinfo)

.debug_weaknames
 *(.debug_weaknames)

.debug_funcnames
 *(.debug_funcnames)

.debug_typenames
 *(.debug_typenames)

.debug_varnames
 *(.debug_varnames)

.debug_alt_sim_info
 *(.debug_alt_sim_info)
                0x0000000000010000                __alt_data_end = 0x10000
                0x0000000000010000                PROVIDE (__alt_stack_pointer, __alt_data_end)
                [!provide]                        PROVIDE (__alt_stack_limit, __alt_stack_base)
                [!provide]                        PROVIDE (__alt_heap_start, end)
                [!provide]                        PROVIDE (__alt_heap_limit, 0x10000)
OUTPUT(RUN_ON_HDL_SIMULATOR_ONLY_Personal_Prj.elf elf32-littlenios2)

.debug_ranges   0x0000000000000000      0x2a8
 .debug_ranges  0x0000000000000000       0x20 ../Personal_Prj_bsp//obj/HAL/src/crt0.o
 .debug_ranges  0x0000000000000020       0x18 c:/intelfpga_lite/18.1/nios2eds/bin/gnu/h-x86_64-mingw32/bin/../lib/gcc/nios2-elf/5.3.0/../../../../../H-x86_64-mingw32/nios2-elf/lib/mno-hw-mul\libsmallc.a(lib_a-printf.o)
 .debug_ranges  0x0000000000000038       0xc8 c:/intelfpga_lite/18.1/nios2eds/bin/gnu/h-x86_64-mingw32/bin/../lib/gcc/nios2-elf/5.3.0/../../../../../H-x86_64-mingw32/nios2-elf/lib/mno-hw-mul\libsmallc.a(lib_a-vfprintf.o)
 .debug_ranges  0x0000000000000100       0x28 c:/intelfpga_lite/18.1/nios2eds/bin/gnu/h-x86_64-mingw32/bin/../lib/gcc/nios2-elf/5.3.0/../../../../../H-x86_64-mingw32/nios2-elf/lib/mno-hw-mul\libsmallc.a(lib_a-fvwrite_small_dev.o)
 .debug_ranges  0x0000000000000128       0x10 c:/intelfpga_lite/18.1/nios2eds/bin/gnu/h-x86_64-mingw32/bin/../lib/gcc/nios2-elf/5.3.0/../../../../../H-x86_64-mingw32/nios2-elf/lib/mno-hw-mul\libsmallc.a(lib_a-strlen.o)
 .debug_ranges  0x0000000000000138       0x10 c:/intelfpga_lite/18.1/nios2eds/bin/gnu/h-x86_64-mingw32/bin/../lib/gcc/nios2-elf/5.3.0/../../../../../H-x86_64-mingw32/nios2-elf/lib/mno-hw-mul\libsmallc.a(lib_a-writer.o)
 .debug_ranges  0x0000000000000148       0x60 c:/intelfpga_lite/18.1/nios2eds/bin/gnu/h-x86_64-mingw32/bin/../lib/gcc/nios2-elf/5.3.0/mno-hw-mul\libgcc.a(lib2-divmod.o)
 .debug_ranges  0x00000000000001a8       0x28 ../Personal_Prj_bsp/\libhal_bsp.a(alt_irq_entry.o)
 .debug_ranges  0x00000000000001d0       0x10 ../Personal_Prj_bsp/\libhal_bsp.a(alt_irq_handler.o)
 .debug_ranges  0x00000000000001e0       0x18 ../Personal_Prj_bsp/\libhal_bsp.a(altera_avalon_jtag_uart_read.o)
 .debug_ranges  0x00000000000001f8       0x30 ../Personal_Prj_bsp/\libhal_bsp.a(alt_exception_entry.o)
 .debug_ranges  0x0000000000000228       0x18 ../Personal_Prj_bsp/\libhal_bsp.a(alt_instruction_exception_entry.o)
 .debug_ranges  0x0000000000000240       0x10 c:/intelfpga_lite/18.1/nios2eds/bin/gnu/h-x86_64-mingw32/bin/../lib/gcc/nios2-elf/5.3.0/../../../../../H-x86_64-mingw32/nios2-elf/lib/mno-hw-mul\libsmallc.a(lib_a-atexit.o)
 .debug_ranges  0x0000000000000250       0x10 c:/intelfpga_lite/18.1/nios2eds/bin/gnu/h-x86_64-mingw32/bin/../lib/gcc/nios2-elf/5.3.0/../../../../../H-x86_64-mingw32/nios2-elf/lib/mno-hw-mul\libsmallc.a(lib_a-exit.o)
 .debug_ranges  0x0000000000000260       0x10 c:/intelfpga_lite/18.1/nios2eds/bin/gnu/h-x86_64-mingw32/bin/../lib/gcc/nios2-elf/5.3.0/../../../../../H-x86_64-mingw32/nios2-elf/lib/mno-hw-mul\libsmallc.a(lib_a-memcmp.o)
 .debug_ranges  0x0000000000000270       0x10 c:/intelfpga_lite/18.1/nios2eds/bin/gnu/h-x86_64-mingw32/bin/../lib/gcc/nios2-elf/5.3.0/../../../../../H-x86_64-mingw32/nios2-elf/lib/mno-hw-mul\libsmallc.a(lib_a-__atexit.o)
 .debug_ranges  0x0000000000000280       0x28 c:/intelfpga_lite/18.1/nios2eds/bin/gnu/h-x86_64-mingw32/bin/../lib/gcc/nios2-elf/5.3.0/../../../../../H-x86_64-mingw32/nios2-elf/lib/mno-hw-mul\libsmallc.a(lib_a-__call_atexit.o)
