Archive member included to satisfy reference by file (symbol)

../Personal_Prj_bsp/\libhal_bsp.a(alt_iic.o)
                              obj/default/source.o (alt_ic_isr_register)
../Personal_Prj_bsp/\libhal_bsp.a(alt_iic_isr_register.o)
                              ../Personal_Prj_bsp/\libhal_bsp.a(alt_iic.o) (alt_iic_isr_register)
../Personal_Prj_bsp/\libhal_bsp.a(alt_irq_entry.o)
                              ../Personal_Prj_bsp/\libhal_bsp.a(alt_iic_isr_register.o) (alt_irq_entry)
../Personal_Prj_bsp/\libhal_bsp.a(alt_irq_handler.o)
                              ../Personal_Prj_bsp/\libhal_bsp.a(alt_iic_isr_register.o) (alt_irq)
../Personal_Prj_bsp/\libhal_bsp.a(alt_irq_vars.o)
                              ../Personal_Prj_bsp/\libhal_bsp.a(alt_iic.o) (alt_irq_active)
../Personal_Prj_bsp/\libhal_bsp.a(alt_load.o)
                              ../Personal_Prj_bsp//obj/HAL/src/crt0.o (alt_load)
../Personal_Prj_bsp/\libhal_bsp.a(alt_main.o)
                              ../Personal_Prj_bsp//obj/HAL/src/crt0.o (alt_main)
../Personal_Prj_bsp/\libhal_bsp.a(alt_sys_init.o)
                              ../Personal_Prj_bsp/\libhal_bsp.a(alt_main.o) (alt_irq_init)
../Personal_Prj_bsp/\libhal_bsp.a(altera_avalon_jtag_uart_fd.o)
                              ../Personal_Prj_bsp/\libhal_bsp.a(alt_sys_init.o) (altera_avalon_jtag_uart_read_fd)
../Personal_Prj_bsp/\libhal_bsp.a(altera_avalon_jtag_uart_read.o)
                              ../Personal_Prj_bsp/\libhal_bsp.a(altera_avalon_jtag_uart_fd.o) (altera_avalon_jtag_uart_read)
../Personal_Prj_bsp/\libhal_bsp.a(altera_avalon_jtag_uart_write.o)
                              ../Personal_Prj_bsp/\libhal_bsp.a(altera_avalon_jtag_uart_fd.o) (altera_avalon_jtag_uart_write)
../Personal_Prj_bsp/\libhal_bsp.a(alt_close.o)
                              ../Personal_Prj_bsp/\libhal_bsp.a(alt_main.o) (close)
../Personal_Prj_bsp/\libhal_bsp.a(alt_dcache_flush_all.o)
                              ../Personal_Prj_bsp/\libhal_bsp.a(alt_load.o) (alt_dcache_flush_all)
../Personal_Prj_bsp/\libhal_bsp.a(alt_dev.o)
                              ../Personal_Prj_bsp/\libhal_bsp.a(alt_sys_init.o) (alt_dev_list)
../Personal_Prj_bsp/\libhal_bsp.a(alt_dev_llist_insert.o)
                              ../Personal_Prj_bsp/\libhal_bsp.a(alt_sys_init.o) (alt_dev_llist_insert)
../Personal_Prj_bsp/\libhal_bsp.a(alt_do_ctors.o)
                              ../Personal_Prj_bsp/\libhal_bsp.a(alt_main.o) (_do_ctors)
../Personal_Prj_bsp/\libhal_bsp.a(alt_do_dtors.o)
                              ../Personal_Prj_bsp/\libhal_bsp.a(alt_main.o) (_do_dtors)
../Personal_Prj_bsp/\libhal_bsp.a(alt_errno.o)
                              ../Personal_Prj_bsp/\libhal_bsp.a(alt_close.o) (alt_errno)
../Personal_Prj_bsp/\libhal_bsp.a(alt_exception_entry.o)
                              ../Personal_Prj_bsp/\libhal_bsp.a(alt_irq_entry.o) (alt_exception)
../Personal_Prj_bsp/\libhal_bsp.a(alt_icache_flush_all.o)
                              ../Personal_Prj_bsp/\libhal_bsp.a(alt_load.o) (alt_icache_flush_all)
../Personal_Prj_bsp/\libhal_bsp.a(alt_instruction_exception_entry.o)
                              ../Personal_Prj_bsp/\libhal_bsp.a(alt_exception_entry.o) (alt_instruction_exception_entry)
../Personal_Prj_bsp/\libhal_bsp.a(alt_io_redirect.o)
                              ../Personal_Prj_bsp/\libhal_bsp.a(alt_main.o) (alt_io_redirect)
../Personal_Prj_bsp/\libhal_bsp.a(alt_open.o)
                              ../Personal_Prj_bsp/\libhal_bsp.a(alt_io_redirect.o) (open)
../Personal_Prj_bsp/\libhal_bsp.a(alt_release_fd.o)
                              ../Personal_Prj_bsp/\libhal_bsp.a(alt_close.o) (alt_release_fd)
../Personal_Prj_bsp/\libhal_bsp.a(altera_nios2_gen2_irq.o)
                              ../Personal_Prj_bsp/\libhal_bsp.a(alt_sys_init.o) (altera_nios2_gen2_irq_init)
../Personal_Prj_bsp/\libhal_bsp.a(alt_find_dev.o)
                              ../Personal_Prj_bsp/\libhal_bsp.a(alt_open.o) (alt_find_dev)
../Personal_Prj_bsp/\libhal_bsp.a(alt_find_file.o)
                              ../Personal_Prj_bsp/\libhal_bsp.a(alt_open.o) (alt_find_file)
../Personal_Prj_bsp/\libhal_bsp.a(alt_get_fd.o)
                              ../Personal_Prj_bsp/\libhal_bsp.a(alt_open.o) (alt_get_fd)
c:/intelfpga_lite/18.1/nios2eds/bin/gnu/h-x86_64-mingw32/bin/../lib/gcc/nios2-elf/5.3.0/../../../../../H-x86_64-mingw32/nios2-elf/lib/mno-hw-mul\libsmallc.a(lib_a-atexit.o)
                              ../Personal_Prj_bsp/\libhal_bsp.a(alt_main.o) (atexit)
c:/intelfpga_lite/18.1/nios2eds/bin/gnu/h-x86_64-mingw32/bin/../lib/gcc/nios2-elf/5.3.0/../../../../../H-x86_64-mingw32/nios2-elf/lib/mno-hw-mul\libsmallc.a(lib_a-exit.o)
                              ../Personal_Prj_bsp/\libhal_bsp.a(alt_main.o) (exit)
c:/intelfpga_lite/18.1/nios2eds/bin/gnu/h-x86_64-mingw32/bin/../lib/gcc/nios2-elf/5.3.0/../../../../../H-x86_64-mingw32/nios2-elf/lib/mno-hw-mul\libsmallc.a(lib_a-int_errno.o)
                              ../Personal_Prj_bsp/\libhal_bsp.a(alt_close.o) (errno)
c:/intelfpga_lite/18.1/nios2eds/bin/gnu/h-x86_64-mingw32/bin/../lib/gcc/nios2-elf/5.3.0/../../../../../H-x86_64-mingw32/nios2-elf/lib/mno-hw-mul\libsmallc.a(lib_a-memcmp.o)
                              ../Personal_Prj_bsp/\libhal_bsp.a(alt_find_dev.o) (memcmp)
c:/intelfpga_lite/18.1/nios2eds/bin/gnu/h-x86_64-mingw32/bin/../lib/gcc/nios2-elf/5.3.0/../../../../../H-x86_64-mingw32/nios2-elf/lib/mno-hw-mul\libsmallc.a(lib_a-strlen.o)
                              ../Personal_Prj_bsp/\libhal_bsp.a(alt_find_dev.o) (strlen)
c:/intelfpga_lite/18.1/nios2eds/bin/gnu/h-x86_64-mingw32/bin/../lib/gcc/nios2-elf/5.3.0/../../../../../H-x86_64-mingw32/nios2-elf/lib/mno-hw-mul\libsmallc.a(lib_a-__atexit.o)
                              c:/intelfpga_lite/18.1/nios2eds/bin/gnu/h-x86_64-mingw32/bin/../lib/gcc/nios2-elf/5.3.0/../../../../../H-x86_64-mingw32/nios2-elf/lib/mno-hw-mul\libsmallc.a(lib_a-atexit.o) (__register_exitproc)
c:/intelfpga_lite/18.1/nios2eds/bin/gnu/h-x86_64-mingw32/bin/../lib/gcc/nios2-elf/5.3.0/../../../../../H-x86_64-mingw32/nios2-elf/lib/mno-hw-mul\libsmallc.a(lib_a-__call_atexit.o)
                              c:/intelfpga_lite/18.1/nios2eds/bin/gnu/h-x86_64-mingw32/bin/../lib/gcc/nios2-elf/5.3.0/../../../../../H-x86_64-mingw32/nios2-elf/lib/mno-hw-mul\libsmallc.a(lib_a-exit.o) (__call_exitprocs)
c:/intelfpga_lite/18.1/nios2eds/bin/gnu/h-x86_64-mingw32/bin/../lib/gcc/nios2-elf/5.3.0/../../../../../H-x86_64-mingw32/nios2-elf/lib/mno-hw-mul\libsmallc.a(lib_a-impure.o)
                              c:/intelfpga_lite/18.1/nios2eds/bin/gnu/h-x86_64-mingw32/bin/../lib/gcc/nios2-elf/5.3.0/../../../../../H-x86_64-mingw32/nios2-elf/lib/mno-hw-mul\libsmallc.a(lib_a-__atexit.o) (_global_impure_ptr)
c:/intelfpga_lite/18.1/nios2eds/bin/gnu/h-x86_64-mingw32/bin/../lib/gcc/nios2-elf/5.3.0/mno-hw-mul\libgcc.a(lib2-mul.o)
                              ../Personal_Prj_bsp/\libhal_bsp.a(alt_close.o) (__mulsi3)
../Personal_Prj_bsp/\libhal_bsp.a(alt_exit.o)
                              c:/intelfpga_lite/18.1/nios2eds/bin/gnu/h-x86_64-mingw32/bin/../lib/gcc/nios2-elf/5.3.0/../../../../../H-x86_64-mingw32/nios2-elf/lib/mno-hw-mul\libsmallc.a(lib_a-exit.o) (_exit)

Allocating common symbols
Common symbol       size              file

alt_irq             0x100             ../Personal_Prj_bsp/\libhal_bsp.a(alt_irq_handler.o)
errno               0x4               c:/intelfpga_lite/18.1/nios2eds/bin/gnu/h-x86_64-mingw32/bin/../lib/gcc/nios2-elf/5.3.0/../../../../../H-x86_64-mingw32/nios2-elf/lib/mno-hw-mul\libsmallc.a(lib_a-int_errno.o)

Memory Configuration

Name             Origin             Length             Attributes
reset            0x0000000000008000 0x0000000000000020
onchip_memory2_0 0x0000000000008020 0x0000000000007fe0
*default*        0x0000000000000000 0xffffffffffffffff

Linker script and memory map

LOAD ../Personal_Prj_bsp//obj/HAL/src/crt0.o
LOAD obj/default/source.o
LOAD c:/intelfpga_lite/18.1/nios2eds/bin/gnu/h-x86_64-mingw32/bin/../lib/gcc/nios2-elf/5.3.0/../../../../../H-x86_64-mingw32/nios2-elf/lib/mno-hw-mul\libstdc++.a
LOAD c:/intelfpga_lite/18.1/nios2eds/bin/gnu/h-x86_64-mingw32/bin/../lib/gcc/nios2-elf/5.3.0/../../../../../H-x86_64-mingw32/nios2-elf/lib/mno-hw-mul\libm.a
LOAD c:/intelfpga_lite/18.1/nios2eds/bin/gnu/h-x86_64-mingw32/bin/../lib/gcc/nios2-elf/5.3.0/mno-hw-mul\libgcc.a
START GROUP
LOAD c:/intelfpga_lite/18.1/nios2eds/bin/gnu/h-x86_64-mingw32/bin/../lib/gcc/nios2-elf/5.3.0/../../../../../H-x86_64-mingw32/nios2-elf/lib/mno-hw-mul\libsmallc.a
LOAD c:/intelfpga_lite/18.1/nios2eds/bin/gnu/h-x86_64-mingw32/bin/../lib/gcc/nios2-elf/5.3.0/mno-hw-mul\libgcc.a
LOAD ../Personal_Prj_bsp/\libhal_bsp.a
LOAD c:/intelfpga_lite/18.1/nios2eds/bin/gnu/h-x86_64-mingw32/bin/../lib/gcc/nios2-elf/5.3.0/../../../../../H-x86_64-mingw32/nios2-elf/lib/mno-hw-mul\libm.a
END GROUP
LOAD c:/intelfpga_lite/18.1/nios2eds/bin/gnu/h-x86_64-mingw32/bin/../lib/gcc/nios2-elf/5.3.0/mno-hw-mul\libgcc.a
                0x0000000000008000                __alt_mem_onchip_memory2_0 = 0x8000

.entry          0x0000000000008000       0x20
 *(.entry)
 .entry         0x0000000000008000       0x20 ../Personal_Prj_bsp//obj/HAL/src/crt0.o
                0x0000000000008000                __reset

.exceptions     0x0000000000008020      0x210
                0x0000000000008020                PROVIDE (__ram_exceptions_start, ABSOLUTE (.))
                0x0000000000008020                . = ALIGN (0x20)
 *(.irq)
 *(.exceptions.entry.label)
 .exceptions.entry.label
                0x0000000000008020        0x0 ../Personal_Prj_bsp/\libhal_bsp.a(alt_irq_entry.o)
                0x0000000000008020                alt_irq_entry
 .exceptions.entry.label
                0x0000000000008020        0x0 ../Personal_Prj_bsp/\libhal_bsp.a(alt_exception_entry.o)
                0x0000000000008020                alt_exception
 *(.exceptions.entry.user)
 *(.exceptions.entry.ecc_fatal)
 *(.exceptions.entry)
 .exceptions.entry
                0x0000000000008020       0x54 ../Personal_Prj_bsp/\libhal_bsp.a(alt_exception_entry.o)
 *(.exceptions.irqtest.user)
 *(.exceptions.irqtest)
 .exceptions.irqtest
                0x0000000000008074       0x10 ../Personal_Prj_bsp/\libhal_bsp.a(alt_irq_entry.o)
 *(.exceptions.irqhandler.user)
 *(.exceptions.irqhandler)
 .exceptions.irqhandler
                0x0000000000008084        0x4 ../Personal_Prj_bsp/\libhal_bsp.a(alt_irq_entry.o)
 *(.exceptions.irqreturn.user)
 *(.exceptions.irqreturn)
 .exceptions.irqreturn
                0x0000000000008088        0x4 ../Personal_Prj_bsp/\libhal_bsp.a(alt_irq_entry.o)
 *(.exceptions.notirq.label)
 .exceptions.notirq.label
                0x000000000000808c        0x0 ../Personal_Prj_bsp/\libhal_bsp.a(alt_irq_entry.o)
 *(.exceptions.notirq.user)
 *(.exceptions.notirq)
 .exceptions.notirq
                0x000000000000808c        0x8 ../Personal_Prj_bsp/\libhal_bsp.a(alt_exception_entry.o)
 *(.exceptions.soft.user)
 *(.exceptions.soft)
 *(.exceptions.unknown.user)
 *(.exceptions.unknown)
 .exceptions.unknown
                0x0000000000008094       0x14 ../Personal_Prj_bsp/\libhal_bsp.a(alt_exception_entry.o)
 *(.exceptions.exit.label)
 .exceptions.exit.label
                0x00000000000080a8        0x0 ../Personal_Prj_bsp/\libhal_bsp.a(alt_irq_entry.o)
 .exceptions.exit.label
                0x00000000000080a8        0x0 ../Personal_Prj_bsp/\libhal_bsp.a(alt_exception_entry.o)
 *(.exceptions.exit.user)
 *(.exceptions.exit)
 .exceptions.exit
                0x00000000000080a8       0x54 ../Personal_Prj_bsp/\libhal_bsp.a(alt_exception_entry.o)
 *(.exceptions)
 .exceptions    0x00000000000080fc       0xd4 ../Personal_Prj_bsp/\libhal_bsp.a(alt_irq_handler.o)
                0x00000000000080fc                alt_irq_handler
 .exceptions    0x00000000000081d0       0x60 ../Personal_Prj_bsp/\libhal_bsp.a(alt_instruction_exception_entry.o)
                0x00000000000081d0                alt_instruction_exception_entry
                0x0000000000008230                PROVIDE (__ram_exceptions_end, ABSOLUTE (.))
                0x0000000000008020                PROVIDE (__flash_exceptions_start, LOADADDR (.exceptions))

.text           0x0000000000008230     0x15f8
                [!provide]                        PROVIDE (stext, ABSOLUTE (.))
 *(.interp)
 *(.hash)
 *(.dynsym)
 *(.dynstr)
 *(.gnu.version)
 *(.gnu.version_d)
 *(.gnu.version_r)
 *(.rel.init)
 *(.rela.init)
 *(.rel.text .rel.text.* .rel.gnu.linkonce.t.*)
 *(.rela.text .rela.text.* .rela.gnu.linkonce.t.*)
 *(.rel.fini)
 *(.rela.fini)
 *(.rel.rodata .rel.rodata.* .rel.gnu.linkonce.r.*)
 *(.rela.rodata .rela.rodata.* .rela.gnu.linkonce.r.*)
 *(.rel.data .rel.data.* .rel.gnu.linkonce.d.*)
 *(.rela.data .rela.data.* .rela.gnu.linkonce.d.*)
 *(.rel.tdata .rel.tdata.* .rel.gnu.linkonce.td.*)
 *(.rela.tdata .rela.tdata.* .rela.gnu.linkonce.td.*)
 *(.rel.tbss .rel.tbss.* .rel.gnu.linkonce.tb.*)
 *(.rela.tbss .rela.tbss.* .rela.gnu.linkonce.tb.*)
 *(.rel.ctors)
 *(.rela.ctors)
 *(.rel.dtors)
 *(.rela.dtors)
 *(.rel.got)
 *(.rela.got)
 *(.rel.sdata .rel.sdata.* .rel.gnu.linkonce.s.*)
 *(.rela.sdata .rela.sdata.* .rela.gnu.linkonce.s.*)
 *(.rel.sbss .rel.sbss.* .rel.gnu.linkonce.sb.*)
 *(.rela.sbss .rela.sbss.* .rela.gnu.linkonce.sb.*)
 *(.rel.sdata2 .rel.sdata2.* .rel.gnu.linkonce.s2.*)
 *(.rela.sdata2 .rela.sdata2.* .rela.gnu.linkonce.s2.*)
 *(.rel.sbss2 .rel.sbss2.* .rel.gnu.linkonce.sb2.*)
 *(.rela.sbss2 .rela.sbss2.* .rela.gnu.linkonce.sb2.*)
 *(.rel.bss .rel.bss.* .rel.gnu.linkonce.b.*)
 *(.rela.bss .rela.bss.* .rela.gnu.linkonce.b.*)
 *(.rel.plt)
 *(.rela.plt)
 *(.rel.dyn)
 *(.init)
 *(.plt)
 *(.text .stub .text.* .gnu.linkonce.t.*)
 .text          0x0000000000008230       0x1c ../Personal_Prj_bsp//obj/HAL/src/crt0.o
                0x0000000000008230                _start
 .text          0x000000000000824c       0x8c obj/default/source.o
                0x000000000000824c                Sine_Wave_IRQ_Handler
                0x0000000000008280                main
 .text          0x00000000000082d8      0x1b0 ../Personal_Prj_bsp/\libhal_bsp.a(alt_iic.o)
                0x00000000000082d8                alt_ic_isr_register
                0x0000000000008328                alt_ic_irq_enable
                0x00000000000083b0                alt_ic_irq_disable
                0x000000000000843c                alt_ic_irq_enabled
 .text          0x0000000000008488       0xf0 ../Personal_Prj_bsp/\libhal_bsp.a(alt_iic_isr_register.o)
                0x0000000000008488                alt_iic_isr_register
 .text          0x0000000000008578        0x0 ../Personal_Prj_bsp/\libhal_bsp.a(alt_irq_entry.o)
 .text          0x0000000000008578        0x0 ../Personal_Prj_bsp/\libhal_bsp.a(alt_irq_handler.o)
 .text          0x0000000000008578        0x0 ../Personal_Prj_bsp/\libhal_bsp.a(alt_irq_vars.o)
 .text          0x0000000000008578       0xec ../Personal_Prj_bsp/\libhal_bsp.a(alt_load.o)
                0x00000000000085e0                alt_load
 .text          0x0000000000008664       0x7c ../Personal_Prj_bsp/\libhal_bsp.a(alt_main.o)
                0x0000000000008664                alt_main
 .text          0x00000000000086e0       0xa0 ../Personal_Prj_bsp/\libhal_bsp.a(alt_sys_init.o)
                0x0000000000008714                alt_irq_init
                0x000000000000874c                alt_sys_init
 .text          0x0000000000008780       0xc0 ../Personal_Prj_bsp/\libhal_bsp.a(altera_avalon_jtag_uart_fd.o)
                0x0000000000008780                altera_avalon_jtag_uart_read_fd
                0x00000000000087e0                altera_avalon_jtag_uart_write_fd
 .text          0x0000000000008840       0xec ../Personal_Prj_bsp/\libhal_bsp.a(altera_avalon_jtag_uart_read.o)
                0x0000000000008840                altera_avalon_jtag_uart_read
 .text          0x000000000000892c       0x94 ../Personal_Prj_bsp/\libhal_bsp.a(altera_avalon_jtag_uart_write.o)
                0x000000000000892c                altera_avalon_jtag_uart_write
 .text          0x00000000000089c0      0x114 ../Personal_Prj_bsp/\libhal_bsp.a(alt_close.o)
                0x00000000000089fc                close
 .text          0x0000000000008ad4       0x20 ../Personal_Prj_bsp/\libhal_bsp.a(alt_dcache_flush_all.o)
                0x0000000000008ad4                alt_dcache_flush_all
 .text          0x0000000000008af4       0x2c ../Personal_Prj_bsp/\libhal_bsp.a(alt_dev.o)
 .text          0x0000000000008b20       0xe0 ../Personal_Prj_bsp/\libhal_bsp.a(alt_dev_llist_insert.o)
                0x0000000000008b5c                alt_dev_llist_insert
 .text          0x0000000000008c00       0x60 ../Personal_Prj_bsp/\libhal_bsp.a(alt_do_ctors.o)
                0x0000000000008c00                _do_ctors
 .text          0x0000000000008c60       0x60 ../Personal_Prj_bsp/\libhal_bsp.a(alt_do_dtors.o)
                0x0000000000008c60                _do_dtors
 .text          0x0000000000008cc0        0x0 ../Personal_Prj_bsp/\libhal_bsp.a(alt_errno.o)
 .text          0x0000000000008cc0        0x0 ../Personal_Prj_bsp/\libhal_bsp.a(alt_exception_entry.o)
 .text          0x0000000000008cc0       0x20 ../Personal_Prj_bsp/\libhal_bsp.a(alt_icache_flush_all.o)
                0x0000000000008cc0                alt_icache_flush_all
 .text          0x0000000000008ce0       0x9c ../Personal_Prj_bsp/\libhal_bsp.a(alt_instruction_exception_entry.o)
                0x0000000000008ce0                alt_exception_cause_generated_bad_addr
 .text          0x0000000000008d7c      0x160 ../Personal_Prj_bsp/\libhal_bsp.a(alt_io_redirect.o)
                0x0000000000008e60                alt_io_redirect
 .text          0x0000000000008edc      0x284 ../Personal_Prj_bsp/\libhal_bsp.a(alt_open.o)
                0x0000000000009004                open
 .text          0x0000000000009160       0x84 ../Personal_Prj_bsp/\libhal_bsp.a(alt_release_fd.o)
                0x0000000000009160                alt_release_fd
 .text          0x00000000000091e4       0x24 ../Personal_Prj_bsp/\libhal_bsp.a(altera_nios2_gen2_irq.o)
                0x00000000000091e4                altera_nios2_gen2_irq_init
 .text          0x0000000000009208       0x90 ../Personal_Prj_bsp/\libhal_bsp.a(alt_find_dev.o)
                0x0000000000009208                alt_find_dev
 .text          0x0000000000009298      0x108 ../Personal_Prj_bsp/\libhal_bsp.a(alt_find_file.o)
                0x0000000000009298                alt_find_file
 .text          0x00000000000093a0       0xc4 ../Personal_Prj_bsp/\libhal_bsp.a(alt_get_fd.o)
                0x00000000000093a0                alt_get_fd
 .text          0x0000000000009464        0x0 c:/intelfpga_lite/18.1/nios2eds/bin/gnu/h-x86_64-mingw32/bin/../lib/gcc/nios2-elf/5.3.0/../../../../../H-x86_64-mingw32/nios2-elf/lib/mno-hw-mul\libsmallc.a(lib_a-atexit.o)
 .text.atexit   0x0000000000009464       0x14 c:/intelfpga_lite/18.1/nios2eds/bin/gnu/h-x86_64-mingw32/bin/../lib/gcc/nios2-elf/5.3.0/../../../../../H-x86_64-mingw32/nios2-elf/lib/mno-hw-mul\libsmallc.a(lib_a-atexit.o)
                0x0000000000009464                atexit
 .text          0x0000000000009478        0x0 c:/intelfpga_lite/18.1/nios2eds/bin/gnu/h-x86_64-mingw32/bin/../lib/gcc/nios2-elf/5.3.0/../../../../../H-x86_64-mingw32/nios2-elf/lib/mno-hw-mul\libsmallc.a(lib_a-exit.o)
 .text.exit     0x0000000000009478       0x20 c:/intelfpga_lite/18.1/nios2eds/bin/gnu/h-x86_64-mingw32/bin/../lib/gcc/nios2-elf/5.3.0/../../../../../H-x86_64-mingw32/nios2-elf/lib/mno-hw-mul\libsmallc.a(lib_a-exit.o)
                0x0000000000009478                exit
 .text          0x0000000000009498        0x0 c:/intelfpga_lite/18.1/nios2eds/bin/gnu/h-x86_64-mingw32/bin/../lib/gcc/nios2-elf/5.3.0/../../../../../H-x86_64-mingw32/nios2-elf/lib/mno-hw-mul\libsmallc.a(lib_a-int_errno.o)
 .text          0x0000000000009498        0x0 c:/intelfpga_lite/18.1/nios2eds/bin/gnu/h-x86_64-mingw32/bin/../lib/gcc/nios2-elf/5.3.0/../../../../../H-x86_64-mingw32/nios2-elf/lib/mno-hw-mul\libsmallc.a(lib_a-memcmp.o)
 .text.memcmp   0x0000000000009498       0x30 c:/intelfpga_lite/18.1/nios2eds/bin/gnu/h-x86_64-mingw32/bin/../lib/gcc/nios2-elf/5.3.0/../../../../../H-x86_64-mingw32/nios2-elf/lib/mno-hw-mul\libsmallc.a(lib_a-memcmp.o)
                0x0000000000009498                memcmp
 .text          0x00000000000094c8        0x0 c:/intelfpga_lite/18.1/nios2eds/bin/gnu/h-x86_64-mingw32/bin/../lib/gcc/nios2-elf/5.3.0/../../../../../H-x86_64-mingw32/nios2-elf/lib/mno-hw-mul\libsmallc.a(lib_a-strlen.o)
 .text.strlen   0x00000000000094c8       0x1c c:/intelfpga_lite/18.1/nios2eds/bin/gnu/h-x86_64-mingw32/bin/../lib/gcc/nios2-elf/5.3.0/../../../../../H-x86_64-mingw32/nios2-elf/lib/mno-hw-mul\libsmallc.a(lib_a-strlen.o)
                0x00000000000094c8                strlen
 .text          0x00000000000094e4        0x0 c:/intelfpga_lite/18.1/nios2eds/bin/gnu/h-x86_64-mingw32/bin/../lib/gcc/nios2-elf/5.3.0/../../../../../H-x86_64-mingw32/nios2-elf/lib/mno-hw-mul\libsmallc.a(lib_a-__atexit.o)
 .text.__register_exitproc
                0x00000000000094e4      0x158 c:/intelfpga_lite/18.1/nios2eds/bin/gnu/h-x86_64-mingw32/bin/../lib/gcc/nios2-elf/5.3.0/../../../../../H-x86_64-mingw32/nios2-elf/lib/mno-hw-mul\libsmallc.a(lib_a-__atexit.o)
                0x00000000000094e4                __register_exitproc
 .text          0x000000000000963c        0x0 c:/intelfpga_lite/18.1/nios2eds/bin/gnu/h-x86_64-mingw32/bin/../lib/gcc/nios2-elf/5.3.0/../../../../../H-x86_64-mingw32/nios2-elf/lib/mno-hw-mul\libsmallc.a(lib_a-__call_atexit.o)
 .text.__call_exitprocs
                0x000000000000963c      0x190 c:/intelfpga_lite/18.1/nios2eds/bin/gnu/h-x86_64-mingw32/bin/../lib/gcc/nios2-elf/5.3.0/../../../../../H-x86_64-mingw32/nios2-elf/lib/mno-hw-mul\libsmallc.a(lib_a-__call_atexit.o)
                0x000000000000963c                __call_exitprocs
 .text          0x00000000000097cc        0x0 c:/intelfpga_lite/18.1/nios2eds/bin/gnu/h-x86_64-mingw32/bin/../lib/gcc/nios2-elf/5.3.0/../../../../../H-x86_64-mingw32/nios2-elf/lib/mno-hw-mul\libsmallc.a(lib_a-impure.o)
 .text          0x00000000000097cc       0x28 c:/intelfpga_lite/18.1/nios2eds/bin/gnu/h-x86_64-mingw32/bin/../lib/gcc/nios2-elf/5.3.0/mno-hw-mul\libgcc.a(lib2-mul.o)
                0x00000000000097cc                __mulsi3
 .text          0x00000000000097f4       0x34 ../Personal_Prj_bsp/\libhal_bsp.a(alt_exit.o)
                0x00000000000097f4                _exit
 *(.gnu.warning.*)
 *(.fini)
                [!provide]                        PROVIDE (__etext, ABSOLUTE (.))
                [!provide]                        PROVIDE (_etext, ABSOLUTE (.))
                [!provide]                        PROVIDE (etext, ABSOLUTE (.))
 *(.eh_frame_hdr)
                0x0000000000009828                . = ALIGN (0x4)
                [!provide]                        PROVIDE (__preinit_array_start, ABSOLUTE (.))
 *(.preinit_array)
                [!provide]                        PROVIDE (__preinit_array_end, ABSOLUTE (.))
                [!provide]                        PROVIDE (__init_array_start, ABSOLUTE (.))
 *(.init_array)
                [!provide]                        PROVIDE (__init_array_end, ABSOLUTE (.))
                [!provide]                        PROVIDE (__fini_array_start, ABSOLUTE (.))
 *(.fini_array)
                [!provide]                        PROVIDE (__fini_array_end, ABSOLUTE (.))
 *(.eh_frame)
 *(.gcc_except_table .gcc_except_table.*)
 *(.dynamic)
                0x0000000000009828                PROVIDE (__CTOR_LIST__, ABSOLUTE (.))
 *(.ctors)
 *(SORT(.ctors.*))
                0x0000000000009828                PROVIDE (__CTOR_END__, ABSOLUTE (.))
                0x0000000000009828                PROVIDE (__DTOR_LIST__, ABSOLUTE (.))
 *(.dtors)
 *(SORT(.dtors.*))
                0x0000000000009828                PROVIDE (__DTOR_END__, ABSOLUTE (.))
 *(.jcr)
                0x0000000000009828                . = ALIGN (0x4)

.rodata         0x0000000000009828       0x34
                0x0000000000009828                PROVIDE (__ram_rodata_start, ABSOLUTE (.))
                0x0000000000009828                . = ALIGN (0x4)
 *(.rodata .rodata.* .gnu.linkonce.r.*)
 .rodata        0x0000000000009828       0x11 ../Personal_Prj_bsp/\libhal_bsp.a(alt_main.o)
 *fill*         0x0000000000009839        0x3 
 .rodata        0x000000000000983c       0x11 ../Personal_Prj_bsp/\libhal_bsp.a(alt_sys_init.o)
 *fill*         0x000000000000984d        0x3 
 .rodata        0x0000000000009850        0xa ../Personal_Prj_bsp/\libhal_bsp.a(alt_dev.o)
 *(.rodata1)
                0x000000000000985c                . = ALIGN (0x4)
 *fill*         0x000000000000985a        0x2 
                0x000000000000985c                PROVIDE (__ram_rodata_end, ABSOLUTE (.))
                0x0000000000009828                PROVIDE (__flash_rodata_start, LOADADDR (.rodata))

.rwdata         0x000000000000985c      0x2d8 load address 0x0000000000009b34
                0x000000000000985c                PROVIDE (__ram_rwdata_start, ABSOLUTE (.))
                0x000000000000985c                . = ALIGN (0x4)
 *(.got.plt)
 *(.got)
 *(.data1)
 *(.data .data.* .gnu.linkonce.d.*)
 .data          0x000000000000985c        0x0 ../Personal_Prj_bsp//obj/HAL/src/crt0.o
 .data          0x000000000000985c        0x0 obj/default/source.o
 .data          0x000000000000985c        0x0 ../Personal_Prj_bsp/\libhal_bsp.a(alt_iic.o)
 .data          0x000000000000985c        0x0 ../Personal_Prj_bsp/\libhal_bsp.a(alt_iic_isr_register.o)
 .data          0x000000000000985c        0x0 ../Personal_Prj_bsp/\libhal_bsp.a(alt_irq_entry.o)
 .data          0x000000000000985c        0x0 ../Personal_Prj_bsp/\libhal_bsp.a(alt_irq_handler.o)
 .data          0x000000000000985c        0x0 ../Personal_Prj_bsp/\libhal_bsp.a(alt_irq_vars.o)
 .data          0x000000000000985c        0x0 ../Personal_Prj_bsp/\libhal_bsp.a(alt_load.o)
 .data          0x000000000000985c        0x0 ../Personal_Prj_bsp/\libhal_bsp.a(alt_main.o)
 .data          0x000000000000985c       0x2c ../Personal_Prj_bsp/\libhal_bsp.a(alt_sys_init.o)
 .data          0x0000000000009888        0x0 ../Personal_Prj_bsp/\libhal_bsp.a(altera_avalon_jtag_uart_fd.o)
 .data          0x0000000000009888        0x0 ../Personal_Prj_bsp/\libhal_bsp.a(altera_avalon_jtag_uart_read.o)
 .data          0x0000000000009888        0x0 ../Personal_Prj_bsp/\libhal_bsp.a(altera_avalon_jtag_uart_write.o)
 .data          0x0000000000009888        0x0 ../Personal_Prj_bsp/\libhal_bsp.a(alt_close.o)
 .data          0x0000000000009888        0x0 ../Personal_Prj_bsp/\libhal_bsp.a(alt_dcache_flush_all.o)
 .data          0x0000000000009888      0x1a8 ../Personal_Prj_bsp/\libhal_bsp.a(alt_dev.o)
                0x0000000000009888                alt_dev_null
                0x00000000000098b0                alt_fd_list
 .data          0x0000000000009a30        0x0 ../Personal_Prj_bsp/\libhal_bsp.a(alt_dev_llist_insert.o)
 .data          0x0000000000009a30        0x0 ../Personal_Prj_bsp/\libhal_bsp.a(alt_do_ctors.o)
 .data          0x0000000000009a30        0x0 ../Personal_Prj_bsp/\libhal_bsp.a(alt_do_dtors.o)
 .data          0x0000000000009a30        0x0 ../Personal_Prj_bsp/\libhal_bsp.a(alt_errno.o)
 .data          0x0000000000009a30        0x0 ../Personal_Prj_bsp/\libhal_bsp.a(alt_exception_entry.o)
 .data          0x0000000000009a30        0x0 ../Personal_Prj_bsp/\libhal_bsp.a(alt_icache_flush_all.o)
 .data          0x0000000000009a30        0x0 ../Personal_Prj_bsp/\libhal_bsp.a(alt_instruction_exception_entry.o)
 .data          0x0000000000009a30        0x0 ../Personal_Prj_bsp/\libhal_bsp.a(alt_io_redirect.o)
 .data          0x0000000000009a30        0x0 ../Personal_Prj_bsp/\libhal_bsp.a(alt_open.o)
 .data          0x0000000000009a30        0x0 ../Personal_Prj_bsp/\libhal_bsp.a(alt_release_fd.o)
 .data          0x0000000000009a30        0x0 ../Personal_Prj_bsp/\libhal_bsp.a(altera_nios2_gen2_irq.o)
 .data          0x0000000000009a30        0x0 ../Personal_Prj_bsp/\libhal_bsp.a(alt_find_dev.o)
 .data          0x0000000000009a30        0x0 ../Personal_Prj_bsp/\libhal_bsp.a(alt_find_file.o)
 .data          0x0000000000009a30        0x0 ../Personal_Prj_bsp/\libhal_bsp.a(alt_get_fd.o)
 .data          0x0000000000009a30        0x0 c:/intelfpga_lite/18.1/nios2eds/bin/gnu/h-x86_64-mingw32/bin/../lib/gcc/nios2-elf/5.3.0/../../../../../H-x86_64-mingw32/nios2-elf/lib/mno-hw-mul\libsmallc.a(lib_a-atexit.o)
 .data          0x0000000000009a30        0x0 c:/intelfpga_lite/18.1/nios2eds/bin/gnu/h-x86_64-mingw32/bin/../lib/gcc/nios2-elf/5.3.0/../../../../../H-x86_64-mingw32/nios2-elf/lib/mno-hw-mul\libsmallc.a(lib_a-exit.o)
 .data          0x0000000000009a30        0x0 c:/intelfpga_lite/18.1/nios2eds/bin/gnu/h-x86_64-mingw32/bin/../lib/gcc/nios2-elf/5.3.0/../../../../../H-x86_64-mingw32/nios2-elf/lib/mno-hw-mul\libsmallc.a(lib_a-int_errno.o)
 .data          0x0000000000009a30        0x0 c:/intelfpga_lite/18.1/nios2eds/bin/gnu/h-x86_64-mingw32/bin/../lib/gcc/nios2-elf/5.3.0/../../../../../H-x86_64-mingw32/nios2-elf/lib/mno-hw-mul\libsmallc.a(lib_a-memcmp.o)
 .data          0x0000000000009a30        0x0 c:/intelfpga_lite/18.1/nios2eds/bin/gnu/h-x86_64-mingw32/bin/../lib/gcc/nios2-elf/5.3.0/../../../../../H-x86_64-mingw32/nios2-elf/lib/mno-hw-mul\libsmallc.a(lib_a-strlen.o)
 .data          0x0000000000009a30        0x0 c:/intelfpga_lite/18.1/nios2eds/bin/gnu/h-x86_64-mingw32/bin/../lib/gcc/nios2-elf/5.3.0/../../../../../H-x86_64-mingw32/nios2-elf/lib/mno-hw-mul\libsmallc.a(lib_a-__atexit.o)
 .data          0x0000000000009a30        0x0 c:/intelfpga_lite/18.1/nios2eds/bin/gnu/h-x86_64-mingw32/bin/../lib/gcc/nios2-elf/5.3.0/../../../../../H-x86_64-mingw32/nios2-elf/lib/mno-hw-mul\libsmallc.a(lib_a-__call_atexit.o)
 .data          0x0000000000009a30        0x0 c:/intelfpga_lite/18.1/nios2eds/bin/gnu/h-x86_64-mingw32/bin/../lib/gcc/nios2-elf/5.3.0/../../../../../H-x86_64-mingw32/nios2-elf/lib/mno-hw-mul\libsmallc.a(lib_a-impure.o)
 .data.impure_data
                0x0000000000009a30       0xe0 c:/intelfpga_lite/18.1/nios2eds/bin/gnu/h-x86_64-mingw32/bin/../lib/gcc/nios2-elf/5.3.0/../../../../../H-x86_64-mingw32/nios2-elf/lib/mno-hw-mul\libsmallc.a(lib_a-impure.o)
 .data          0x0000000000009b10        0x0 c:/intelfpga_lite/18.1/nios2eds/bin/gnu/h-x86_64-mingw32/bin/../lib/gcc/nios2-elf/5.3.0/mno-hw-mul\libgcc.a(lib2-mul.o)
 .data          0x0000000000009b10        0x0 ../Personal_Prj_bsp/\libhal_bsp.a(alt_exit.o)
                0x0000000000011b10                _gp = ABSOLUTE ((. + 0x8000))
                [!provide]                        PROVIDE (gp, _gp)
 *(.rwdata .rwdata.*)
 *(.sdata .sdata.* .gnu.linkonce.s.*)
 .sdata         0x0000000000009b10        0x4 ../Personal_Prj_bsp/\libhal_bsp.a(alt_irq_vars.o)
                0x0000000000009b10                alt_priority_mask
 .sdata         0x0000000000009b14       0x14 ../Personal_Prj_bsp/\libhal_bsp.a(alt_dev.o)
                0x0000000000009b14                alt_fs_list
                0x0000000000009b1c                alt_dev_list
                0x0000000000009b24                alt_max_fd
 .sdata         0x0000000000009b28        0x4 ../Personal_Prj_bsp/\libhal_bsp.a(alt_errno.o)
                0x0000000000009b28                alt_errno
 .sdata._global_impure_ptr
                0x0000000000009b2c        0x4 c:/intelfpga_lite/18.1/nios2eds/bin/gnu/h-x86_64-mingw32/bin/../lib/gcc/nios2-elf/5.3.0/../../../../../H-x86_64-mingw32/nios2-elf/lib/mno-hw-mul\libsmallc.a(lib_a-impure.o)
                0x0000000000009b2c                _global_impure_ptr
 .sdata._impure_ptr
                0x0000000000009b30        0x4 c:/intelfpga_lite/18.1/nios2eds/bin/gnu/h-x86_64-mingw32/bin/../lib/gcc/nios2-elf/5.3.0/../../../../../H-x86_64-mingw32/nios2-elf/lib/mno-hw-mul\libsmallc.a(lib_a-impure.o)
                0x0000000000009b30                _impure_ptr
 *(.sdata2 .sdata2.* .gnu.linkonce.s2.*)
                0x0000000000009b34                . = ALIGN (0x4)
                0x0000000000009b34                _edata = ABSOLUTE (.)
                [!provide]                        PROVIDE (edata, ABSOLUTE (.))
                0x0000000000009b34                PROVIDE (__ram_rwdata_end, ABSOLUTE (.))
                0x0000000000009b34                PROVIDE (__flash_rwdata_start, LOADADDR (.rwdata))

.bss            0x0000000000009e0c      0x118
                0x0000000000009e0c                __bss_start = ABSOLUTE (.)
                [!provide]                        PROVIDE (__sbss_start, ABSOLUTE (.))
                [!provide]                        PROVIDE (___sbss_start, ABSOLUTE (.))
 *(.dynsbss)
 *(.sbss .sbss.* .gnu.linkonce.sb.*)
 .sbss          0x0000000000009e0c        0x4 ../Personal_Prj_bsp/\libhal_bsp.a(alt_irq_vars.o)
                0x0000000000009e0c                alt_irq_active
 .sbss          0x0000000000009e10        0xc ../Personal_Prj_bsp/\libhal_bsp.a(alt_main.o)
                0x0000000000009e10                alt_argc
                0x0000000000009e14                alt_argv
                0x0000000000009e18                alt_envp
 .sbss          0x0000000000009e1c        0x4 ../Personal_Prj_bsp/\libhal_bsp.a(alt_instruction_exception_entry.o)
                0x0000000000009e1c                alt_instruction_exception_handler
 .sbss          0x0000000000009e20        0x4 c:/intelfpga_lite/18.1/nios2eds/bin/gnu/h-x86_64-mingw32/bin/../lib/gcc/nios2-elf/5.3.0/../../../../../H-x86_64-mingw32/nios2-elf/lib/mno-hw-mul\libsmallc.a(lib_a-int_errno.o)
                0x0000000000009e20                errno
 *(.sbss2 .sbss2.* .gnu.linkonce.sb2.*)
 *(.scommon)
                [!provide]                        PROVIDE (__sbss_end, ABSOLUTE (.))
                [!provide]                        PROVIDE (___sbss_end, ABSOLUTE (.))
 *(.dynbss)
 *(.bss .bss.* .gnu.linkonce.b.*)
 .bss           0x0000000000009e24        0x0 ../Personal_Prj_bsp//obj/HAL/src/crt0.o
 .bss           0x0000000000009e24        0x0 obj/default/source.o
 .bss           0x0000000000009e24        0x0 ../Personal_Prj_bsp/\libhal_bsp.a(alt_iic.o)
 .bss           0x0000000000009e24        0x0 ../Personal_Prj_bsp/\libhal_bsp.a(alt_iic_isr_register.o)
 .bss           0x0000000000009e24        0x0 ../Personal_Prj_bsp/\libhal_bsp.a(alt_irq_entry.o)
 .bss           0x0000000000009e24        0x0 ../Personal_Prj_bsp/\libhal_bsp.a(alt_irq_handler.o)
 .bss           0x0000000000009e24        0x0 ../Personal_Prj_bsp/\libhal_bsp.a(alt_irq_vars.o)
 .bss           0x0000000000009e24        0x0 ../Personal_Prj_bsp/\libhal_bsp.a(alt_load.o)
 .bss           0x0000000000009e24        0x0 ../Personal_Prj_bsp/\libhal_bsp.a(alt_main.o)
 .bss           0x0000000000009e24        0x0 ../Personal_Prj_bsp/\libhal_bsp.a(alt_sys_init.o)
 .bss           0x0000000000009e24        0x0 ../Personal_Prj_bsp/\libhal_bsp.a(altera_avalon_jtag_uart_fd.o)
 .bss           0x0000000000009e24        0x0 ../Personal_Prj_bsp/\libhal_bsp.a(altera_avalon_jtag_uart_read.o)
 .bss           0x0000000000009e24        0x0 ../Personal_Prj_bsp/\libhal_bsp.a(altera_avalon_jtag_uart_write.o)
 .bss           0x0000000000009e24        0x0 ../Personal_Prj_bsp/\libhal_bsp.a(alt_close.o)
 .bss           0x0000000000009e24        0x0 ../Personal_Prj_bsp/\libhal_bsp.a(alt_dcache_flush_all.o)
 .bss           0x0000000000009e24        0x0 ../Personal_Prj_bsp/\libhal_bsp.a(alt_dev.o)
 .bss           0x0000000000009e24        0x0 ../Personal_Prj_bsp/\libhal_bsp.a(alt_dev_llist_insert.o)
 .bss           0x0000000000009e24        0x0 ../Personal_Prj_bsp/\libhal_bsp.a(alt_do_ctors.o)
 .bss           0x0000000000009e24        0x0 ../Personal_Prj_bsp/\libhal_bsp.a(alt_do_dtors.o)
 .bss           0x0000000000009e24        0x0 ../Personal_Prj_bsp/\libhal_bsp.a(alt_errno.o)
 .bss           0x0000000000009e24        0x0 ../Personal_Prj_bsp/\libhal_bsp.a(alt_exception_entry.o)
 .bss           0x0000000000009e24        0x0 ../Personal_Prj_bsp/\libhal_bsp.a(alt_icache_flush_all.o)
 .bss           0x0000000000009e24        0x0 ../Personal_Prj_bsp/\libhal_bsp.a(alt_instruction_exception_entry.o)
 .bss           0x0000000000009e24        0x0 ../Personal_Prj_bsp/\libhal_bsp.a(alt_io_redirect.o)
 .bss           0x0000000000009e24        0x0 ../Personal_Prj_bsp/\libhal_bsp.a(alt_open.o)
 .bss           0x0000000000009e24        0x0 ../Personal_Prj_bsp/\libhal_bsp.a(alt_release_fd.o)
 .bss           0x0000000000009e24        0x0 ../Personal_Prj_bsp/\libhal_bsp.a(altera_nios2_gen2_irq.o)
 .bss           0x0000000000009e24        0x0 ../Personal_Prj_bsp/\libhal_bsp.a(alt_find_dev.o)
 .bss           0x0000000000009e24        0x0 ../Personal_Prj_bsp/\libhal_bsp.a(alt_find_file.o)
 .bss           0x0000000000009e24        0x0 ../Personal_Prj_bsp/\libhal_bsp.a(alt_get_fd.o)
 .bss           0x0000000000009e24        0x0 c:/intelfpga_lite/18.1/nios2eds/bin/gnu/h-x86_64-mingw32/bin/../lib/gcc/nios2-elf/5.3.0/../../../../../H-x86_64-mingw32/nios2-elf/lib/mno-hw-mul\libsmallc.a(lib_a-atexit.o)
 .bss           0x0000000000009e24        0x0 c:/intelfpga_lite/18.1/nios2eds/bin/gnu/h-x86_64-mingw32/bin/../lib/gcc/nios2-elf/5.3.0/../../../../../H-x86_64-mingw32/nios2-elf/lib/mno-hw-mul\libsmallc.a(lib_a-exit.o)
 .bss           0x0000000000009e24        0x0 c:/intelfpga_lite/18.1/nios2eds/bin/gnu/h-x86_64-mingw32/bin/../lib/gcc/nios2-elf/5.3.0/../../../../../H-x86_64-mingw32/nios2-elf/lib/mno-hw-mul\libsmallc.a(lib_a-int_errno.o)
 .bss           0x0000000000009e24        0x0 c:/intelfpga_lite/18.1/nios2eds/bin/gnu/h-x86_64-mingw32/bin/../lib/gcc/nios2-elf/5.3.0/../../../../../H-x86_64-mingw32/nios2-elf/lib/mno-hw-mul\libsmallc.a(lib_a-memcmp.o)
 .bss           0x0000000000009e24        0x0 c:/intelfpga_lite/18.1/nios2eds/bin/gnu/h-x86_64-mingw32/bin/../lib/gcc/nios2-elf/5.3.0/../../../../../H-x86_64-mingw32/nios2-elf/lib/mno-hw-mul\libsmallc.a(lib_a-strlen.o)
 .bss           0x0000000000009e24        0x0 c:/intelfpga_lite/18.1/nios2eds/bin/gnu/h-x86_64-mingw32/bin/../lib/gcc/nios2-elf/5.3.0/../../../../../H-x86_64-mingw32/nios2-elf/lib/mno-hw-mul\libsmallc.a(lib_a-__atexit.o)
 .bss           0x0000000000009e24        0x0 c:/intelfpga_lite/18.1/nios2eds/bin/gnu/h-x86_64-mingw32/bin/../lib/gcc/nios2-elf/5.3.0/../../../../../H-x86_64-mingw32/nios2-elf/lib/mno-hw-mul\libsmallc.a(lib_a-__call_atexit.o)
 .bss           0x0000000000009e24        0x0 c:/intelfpga_lite/18.1/nios2eds/bin/gnu/h-x86_64-mingw32/bin/../lib/gcc/nios2-elf/5.3.0/../../../../../H-x86_64-mingw32/nios2-elf/lib/mno-hw-mul\libsmallc.a(lib_a-impure.o)
 .bss           0x0000000000009e24        0x0 c:/intelfpga_lite/18.1/nios2eds/bin/gnu/h-x86_64-mingw32/bin/../lib/gcc/nios2-elf/5.3.0/mno-hw-mul\libgcc.a(lib2-mul.o)
 .bss           0x0000000000009e24        0x0 ../Personal_Prj_bsp/\libhal_bsp.a(alt_exit.o)
 *(COMMON)
 COMMON         0x0000000000009e24      0x100 ../Personal_Prj_bsp/\libhal_bsp.a(alt_irq_handler.o)
                0x0000000000009e24                alt_irq
                0x0000000000009f24                . = ALIGN (0x4)
                0x0000000000009f24                __bss_end = ABSOLUTE (.)

.onchip_memory2_0
                0x0000000000009f24        0x0
                [!provide]                        PROVIDE (_alt_partition_onchip_memory2_0_start, ABSOLUTE (.))
 *(.onchip_memory2_0 .onchip_memory2_0. onchip_memory2_0.*)
                0x0000000000009f24                . = ALIGN (0x4)
                [!provide]                        PROVIDE (_alt_partition_onchip_memory2_0_end, ABSOLUTE (.))
                0x0000000000009f24                _end = ABSOLUTE (.)
                0x0000000000009f24                end = ABSOLUTE (.)
                0x0000000000009f24                __alt_stack_base = ABSOLUTE (.)
                [!provide]                        PROVIDE (_alt_partition_onchip_memory2_0_load_addr, LOADADDR (.onchip_memory2_0))

.stab
 *(.stab)

.stabstr
 *(.stabstr)

.stab.excl
 *(.stab.excl)

.stab.exclstr
 *(.stab.exclstr)

.stab.index
 *(.stab.index)

.stab.indexstr
 *(.stab.indexstr)

.comment        0x0000000000000000       0x23
 *(.comment)
 .comment       0x0000000000000000       0x23 obj/default/source.o
                                         0x24 (size before relaxing)
 .comment       0x0000000000000023       0x24 ../Personal_Prj_bsp/\libhal_bsp.a(alt_iic.o)
 .comment       0x0000000000000023       0x24 ../Personal_Prj_bsp/\libhal_bsp.a(alt_iic_isr_register.o)
 .comment       0x0000000000000023       0x24 ../Personal_Prj_bsp/\libhal_bsp.a(alt_irq_handler.o)
 .comment       0x0000000000000023       0x24 ../Personal_Prj_bsp/\libhal_bsp.a(alt_irq_vars.o)
 .comment       0x0000000000000023       0x24 ../Personal_Prj_bsp/\libhal_bsp.a(alt_load.o)
 .comment       0x0000000000000023       0x24 ../Personal_Prj_bsp/\libhal_bsp.a(alt_main.o)
 .comment       0x0000000000000023       0x24 ../Personal_Prj_bsp/\libhal_bsp.a(alt_sys_init.o)
 .comment       0x0000000000000023       0x24 ../Personal_Prj_bsp/\libhal_bsp.a(altera_avalon_jtag_uart_fd.o)
 .comment       0x0000000000000023       0x24 ../Personal_Prj_bsp/\libhal_bsp.a(altera_avalon_jtag_uart_read.o)
 .comment       0x0000000000000023       0x24 ../Personal_Prj_bsp/\libhal_bsp.a(altera_avalon_jtag_uart_write.o)
 .comment       0x0000000000000023       0x24 ../Personal_Prj_bsp/\libhal_bsp.a(alt_close.o)
 .comment       0x0000000000000023       0x24 ../Personal_Prj_bsp/\libhal_bsp.a(alt_dcache_flush_all.o)
 .comment       0x0000000000000023       0x24 ../Personal_Prj_bsp/\libhal_bsp.a(alt_dev.o)
 .comment       0x0000000000000023       0x24 ../Personal_Prj_bsp/\libhal_bsp.a(alt_dev_llist_insert.o)
 .comment       0x0000000000000023       0x24 ../Personal_Prj_bsp/\libhal_bsp.a(alt_do_ctors.o)
 .comment       0x0000000000000023       0x24 ../Personal_Prj_bsp/\libhal_bsp.a(alt_do_dtors.o)
 .comment       0x0000000000000023       0x24 ../Personal_Prj_bsp/\libhal_bsp.a(alt_errno.o)
 .comment       0x0000000000000023       0x24 ../Personal_Prj_bsp/\libhal_bsp.a(alt_icache_flush_all.o)
 .comment       0x0000000000000023       0x24 ../Personal_Prj_bsp/\libhal_bsp.a(alt_instruction_exception_entry.o)
 .comment       0x0000000000000023       0x24 ../Personal_Prj_bsp/\libhal_bsp.a(alt_io_redirect.o)
 .comment       0x0000000000000023       0x24 ../Personal_Prj_bsp/\libhal_bsp.a(alt_open.o)
 .comment       0x0000000000000023       0x24 ../Personal_Prj_bsp/\libhal_bsp.a(alt_release_fd.o)
 .comment       0x0000000000000023       0x24 ../Personal_Prj_bsp/\libhal_bsp.a(altera_nios2_gen2_irq.o)
 .comment       0x0000000000000023       0x24 ../Personal_Prj_bsp/\libhal_bsp.a(alt_find_dev.o)
 .comment       0x0000000000000023       0x24 ../Personal_Prj_bsp/\libhal_bsp.a(alt_find_file.o)
 .comment       0x0000000000000023       0x24 ../Personal_Prj_bsp/\libhal_bsp.a(alt_get_fd.o)
 .comment       0x0000000000000023       0x24 c:/intelfpga_lite/18.1/nios2eds/bin/gnu/h-x86_64-mingw32/bin/../lib/gcc/nios2-elf/5.3.0/../../../../../H-x86_64-mingw32/nios2-elf/lib/mno-hw-mul\libsmallc.a(lib_a-atexit.o)
 .comment       0x0000000000000023       0x24 c:/intelfpga_lite/18.1/nios2eds/bin/gnu/h-x86_64-mingw32/bin/../lib/gcc/nios2-elf/5.3.0/../../../../../H-x86_64-mingw32/nios2-elf/lib/mno-hw-mul\libsmallc.a(lib_a-exit.o)
 .comment       0x0000000000000023       0x24 c:/intelfpga_lite/18.1/nios2eds/bin/gnu/h-x86_64-mingw32/bin/../lib/gcc/nios2-elf/5.3.0/../../../../../H-x86_64-mingw32/nios2-elf/lib/mno-hw-mul\libsmallc.a(lib_a-int_errno.o)
 .comment       0x0000000000000023       0x24 c:/intelfpga_lite/18.1/nios2eds/bin/gnu/h-x86_64-mingw32/bin/../lib/gcc/nios2-elf/5.3.0/../../../../../H-x86_64-mingw32/nios2-elf/lib/mno-hw-mul\libsmallc.a(lib_a-memcmp.o)
 .comment       0x0000000000000023       0x24 c:/intelfpga_lite/18.1/nios2eds/bin/gnu/h-x86_64-mingw32/bin/../lib/gcc/nios2-elf/5.3.0/../../../../../H-x86_64-mingw32/nios2-elf/lib/mno-hw-mul\libsmallc.a(lib_a-strlen.o)
 .comment       0x0000000000000023       0x24 c:/intelfpga_lite/18.1/nios2eds/bin/gnu/h-x86_64-mingw32/bin/../lib/gcc/nios2-elf/5.3.0/../../../../../H-x86_64-mingw32/nios2-elf/lib/mno-hw-mul\libsmallc.a(lib_a-__atexit.o)
 .comment       0x0000000000000023       0x24 c:/intelfpga_lite/18.1/nios2eds/bin/gnu/h-x86_64-mingw32/bin/../lib/gcc/nios2-elf/5.3.0/../../../../../H-x86_64-mingw32/nios2-elf/lib/mno-hw-mul\libsmallc.a(lib_a-__call_atexit.o)
 .comment       0x0000000000000023       0x24 c:/intelfpga_lite/18.1/nios2eds/bin/gnu/h-x86_64-mingw32/bin/../lib/gcc/nios2-elf/5.3.0/../../../../../H-x86_64-mingw32/nios2-elf/lib/mno-hw-mul\libsmallc.a(lib_a-impure.o)
 .comment       0x0000000000000023       0x24 c:/intelfpga_lite/18.1/nios2eds/bin/gnu/h-x86_64-mingw32/bin/../lib/gcc/nios2-elf/5.3.0/mno-hw-mul\libgcc.a(lib2-mul.o)
 .comment       0x0000000000000023       0x24 ../Personal_Prj_bsp/\libhal_bsp.a(alt_exit.o)

.debug
 *(.debug)

.line
 *(.line)

.debug_srcinfo
 *(.debug_srcinfo)

.debug_sfnames
 *(.debug_sfnames)

.debug_aranges  0x0000000000000000      0x518
 *(.debug_aranges)
 .debug_aranges
                0x0000000000000000       0x28 ../Personal_Prj_bsp//obj/HAL/src/crt0.o
 .debug_aranges
                0x0000000000000028       0x20 obj/default/source.o
 .debug_aranges
                0x0000000000000048       0x20 ../Personal_Prj_bsp/\libhal_bsp.a(alt_iic.o)
 .debug_aranges
                0x0000000000000068       0x20 ../Personal_Prj_bsp/\libhal_bsp.a(alt_iic_isr_register.o)
 .debug_aranges
                0x0000000000000088       0x30 ../Personal_Prj_bsp/\libhal_bsp.a(alt_irq_entry.o)
 .debug_aranges
                0x00000000000000b8       0x20 ../Personal_Prj_bsp/\libhal_bsp.a(alt_irq_handler.o)
 .debug_aranges
                0x00000000000000d8       0x18 ../Personal_Prj_bsp/\libhal_bsp.a(alt_irq_vars.o)
 .debug_aranges
                0x00000000000000f0       0x20 ../Personal_Prj_bsp/\libhal_bsp.a(alt_load.o)
 .debug_aranges
                0x0000000000000110       0x20 ../Personal_Prj_bsp/\libhal_bsp.a(alt_main.o)
 .debug_aranges
                0x0000000000000130       0x20 ../Personal_Prj_bsp/\libhal_bsp.a(alt_sys_init.o)
 .debug_aranges
                0x0000000000000150       0x20 ../Personal_Prj_bsp/\libhal_bsp.a(altera_avalon_jtag_uart_fd.o)
 .debug_aranges
                0x0000000000000170       0x20 ../Personal_Prj_bsp/\libhal_bsp.a(altera_avalon_jtag_uart_read.o)
 .debug_aranges
                0x0000000000000190       0x20 ../Personal_Prj_bsp/\libhal_bsp.a(altera_avalon_jtag_uart_write.o)
 .debug_aranges
                0x00000000000001b0       0x20 ../Personal_Prj_bsp/\libhal_bsp.a(alt_close.o)
 .debug_aranges
                0x00000000000001d0       0x20 ../Personal_Prj_bsp/\libhal_bsp.a(alt_dcache_flush_all.o)
 .debug_aranges
                0x00000000000001f0       0x20 ../Personal_Prj_bsp/\libhal_bsp.a(alt_dev.o)
 .debug_aranges
                0x0000000000000210       0x20 ../Personal_Prj_bsp/\libhal_bsp.a(alt_dev_llist_insert.o)
 .debug_aranges
                0x0000000000000230       0x20 ../Personal_Prj_bsp/\libhal_bsp.a(alt_do_ctors.o)
 .debug_aranges
                0x0000000000000250       0x20 ../Personal_Prj_bsp/\libhal_bsp.a(alt_do_dtors.o)
 .debug_aranges
                0x0000000000000270       0x18 ../Personal_Prj_bsp/\libhal_bsp.a(alt_errno.o)
 .debug_aranges
                0x0000000000000288       0x38 ../Personal_Prj_bsp/\libhal_bsp.a(alt_exception_entry.o)
 .debug_aranges
                0x00000000000002c0       0x20 ../Personal_Prj_bsp/\libhal_bsp.a(alt_icache_flush_all.o)
 .debug_aranges
                0x00000000000002e0       0x28 ../Personal_Prj_bsp/\libhal_bsp.a(alt_instruction_exception_entry.o)
 .debug_aranges
                0x0000000000000308       0x20 ../Personal_Prj_bsp/\libhal_bsp.a(alt_io_redirect.o)
 .debug_aranges
                0x0000000000000328       0x20 ../Personal_Prj_bsp/\libhal_bsp.a(alt_open.o)
 .debug_aranges
                0x0000000000000348       0x20 ../Personal_Prj_bsp/\libhal_bsp.a(alt_release_fd.o)
 .debug_aranges
                0x0000000000000368       0x20 ../Personal_Prj_bsp/\libhal_bsp.a(altera_nios2_gen2_irq.o)
 .debug_aranges
                0x0000000000000388       0x20 ../Personal_Prj_bsp/\libhal_bsp.a(alt_find_dev.o)
 .debug_aranges
                0x00000000000003a8       0x20 ../Personal_Prj_bsp/\libhal_bsp.a(alt_find_file.o)
 .debug_aranges
                0x00000000000003c8       0x20 ../Personal_Prj_bsp/\libhal_bsp.a(alt_get_fd.o)
 .debug_aranges
                0x00000000000003e8       0x20 c:/intelfpga_lite/18.1/nios2eds/bin/gnu/h-x86_64-mingw32/bin/../lib/gcc/nios2-elf/5.3.0/../../../../../H-x86_64-mingw32/nios2-elf/lib/mno-hw-mul\libsmallc.a(lib_a-atexit.o)
 .debug_aranges
                0x0000000000000408       0x20 c:/intelfpga_lite/18.1/nios2eds/bin/gnu/h-x86_64-mingw32/bin/../lib/gcc/nios2-elf/5.3.0/../../../../../H-x86_64-mingw32/nios2-elf/lib/mno-hw-mul\libsmallc.a(lib_a-exit.o)
 .debug_aranges
                0x0000000000000428       0x18 c:/intelfpga_lite/18.1/nios2eds/bin/gnu/h-x86_64-mingw32/bin/../lib/gcc/nios2-elf/5.3.0/../../../../../H-x86_64-mingw32/nios2-elf/lib/mno-hw-mul\libsmallc.a(lib_a-int_errno.o)
 .debug_aranges
                0x0000000000000440       0x20 c:/intelfpga_lite/18.1/nios2eds/bin/gnu/h-x86_64-mingw32/bin/../lib/gcc/nios2-elf/5.3.0/../../../../../H-x86_64-mingw32/nios2-elf/lib/mno-hw-mul\libsmallc.a(lib_a-memcmp.o)
 .debug_aranges
                0x0000000000000460       0x20 c:/intelfpga_lite/18.1/nios2eds/bin/gnu/h-x86_64-mingw32/bin/../lib/gcc/nios2-elf/5.3.0/../../../../../H-x86_64-mingw32/nios2-elf/lib/mno-hw-mul\libsmallc.a(lib_a-strlen.o)
 .debug_aranges
                0x0000000000000480       0x20 c:/intelfpga_lite/18.1/nios2eds/bin/gnu/h-x86_64-mingw32/bin/../lib/gcc/nios2-elf/5.3.0/../../../../../H-x86_64-mingw32/nios2-elf/lib/mno-hw-mul\libsmallc.a(lib_a-__atexit.o)
 .debug_aranges
                0x00000000000004a0       0x20 c:/intelfpga_lite/18.1/nios2eds/bin/gnu/h-x86_64-mingw32/bin/../lib/gcc/nios2-elf/5.3.0/../../../../../H-x86_64-mingw32/nios2-elf/lib/mno-hw-mul\libsmallc.a(lib_a-__call_atexit.o)
 .debug_aranges
                0x00000000000004c0       0x18 c:/intelfpga_lite/18.1/nios2eds/bin/gnu/h-x86_64-mingw32/bin/../lib/gcc/nios2-elf/5.3.0/../../../../../H-x86_64-mingw32/nios2-elf/lib/mno-hw-mul\libsmallc.a(lib_a-impure.o)
 .debug_aranges
                0x00000000000004d8       0x20 c:/intelfpga_lite/18.1/nios2eds/bin/gnu/h-x86_64-mingw32/bin/../lib/gcc/nios2-elf/5.3.0/mno-hw-mul\libgcc.a(lib2-mul.o)
 .debug_aranges
                0x00000000000004f8       0x20 ../Personal_Prj_bsp/\libhal_bsp.a(alt_exit.o)

.debug_pubnames
 *(.debug_pubnames)

.debug_info     0x0000000000000000     0x51bc
 *(.debug_info .gnu.linkonce.wi.*)
 .debug_info    0x0000000000000000       0x7a ../Personal_Prj_bsp//obj/HAL/src/crt0.o
 .debug_info    0x000000000000007a       0xe5 obj/default/source.o
 .debug_info    0x000000000000015f      0x350 ../Personal_Prj_bsp/\libhal_bsp.a(alt_iic.o)
 .debug_info    0x00000000000004af      0x1ef ../Personal_Prj_bsp/\libhal_bsp.a(alt_iic_isr_register.o)
 .debug_info    0x000000000000069e       0x83 ../Personal_Prj_bsp/\libhal_bsp.a(alt_irq_entry.o)
 .debug_info    0x0000000000000721      0x187 ../Personal_Prj_bsp/\libhal_bsp.a(alt_irq_handler.o)
 .debug_info    0x00000000000008a8       0x88 ../Personal_Prj_bsp/\libhal_bsp.a(alt_irq_vars.o)
 .debug_info    0x0000000000000930      0x145 ../Personal_Prj_bsp/\libhal_bsp.a(alt_load.o)
 .debug_info    0x0000000000000a75      0x131 ../Personal_Prj_bsp/\libhal_bsp.a(alt_main.o)
 .debug_info    0x0000000000000ba6      0x3c9 ../Personal_Prj_bsp/\libhal_bsp.a(alt_sys_init.o)
 .debug_info    0x0000000000000f6f      0x3a7 ../Personal_Prj_bsp/\libhal_bsp.a(altera_avalon_jtag_uart_fd.o)
 .debug_info    0x0000000000001316      0x1b2 ../Personal_Prj_bsp/\libhal_bsp.a(altera_avalon_jtag_uart_read.o)
 .debug_info    0x00000000000014c8      0x195 ../Personal_Prj_bsp/\libhal_bsp.a(altera_avalon_jtag_uart_write.o)
 .debug_info    0x000000000000165d      0x321 ../Personal_Prj_bsp/\libhal_bsp.a(alt_close.o)
 .debug_info    0x000000000000197e       0x92 ../Personal_Prj_bsp/\libhal_bsp.a(alt_dcache_flush_all.o)
 .debug_info    0x0000000000001a10      0x49c ../Personal_Prj_bsp/\libhal_bsp.a(alt_dev.o)
 .debug_info    0x0000000000001eac      0x1a9 ../Personal_Prj_bsp/\libhal_bsp.a(alt_dev_llist_insert.o)
 .debug_info    0x0000000000002055       0x83 ../Personal_Prj_bsp/\libhal_bsp.a(alt_do_ctors.o)
 .debug_info    0x00000000000020d8       0x83 ../Personal_Prj_bsp/\libhal_bsp.a(alt_do_dtors.o)
 .debug_info    0x000000000000215b       0xa6 ../Personal_Prj_bsp/\libhal_bsp.a(alt_errno.o)
 .debug_info    0x0000000000002201       0x89 ../Personal_Prj_bsp/\libhal_bsp.a(alt_exception_entry.o)
 .debug_info    0x000000000000228a       0x92 ../Personal_Prj_bsp/\libhal_bsp.a(alt_icache_flush_all.o)
 .debug_info    0x000000000000231c      0x1e7 ../Personal_Prj_bsp/\libhal_bsp.a(alt_instruction_exception_entry.o)
 .debug_info    0x0000000000002503      0x4a5 ../Personal_Prj_bsp/\libhal_bsp.a(alt_io_redirect.o)
 .debug_info    0x00000000000029a8      0x3bb ../Personal_Prj_bsp/\libhal_bsp.a(alt_open.o)
 .debug_info    0x0000000000002d63      0x2b0 ../Personal_Prj_bsp/\libhal_bsp.a(alt_release_fd.o)
 .debug_info    0x0000000000003013       0x92 ../Personal_Prj_bsp/\libhal_bsp.a(altera_nios2_gen2_irq.o)
 .debug_info    0x00000000000030a5      0x2e9 ../Personal_Prj_bsp/\libhal_bsp.a(alt_find_dev.o)
 .debug_info    0x000000000000338e      0x2e6 ../Personal_Prj_bsp/\libhal_bsp.a(alt_find_file.o)
 .debug_info    0x0000000000003674      0x310 ../Personal_Prj_bsp/\libhal_bsp.a(alt_get_fd.o)
 .debug_info    0x0000000000003984       0xfe c:/intelfpga_lite/18.1/nios2eds/bin/gnu/h-x86_64-mingw32/bin/../lib/gcc/nios2-elf/5.3.0/../../../../../H-x86_64-mingw32/nios2-elf/lib/mno-hw-mul\libsmallc.a(lib_a-atexit.o)
 .debug_info    0x0000000000003a82       0xe5 c:/intelfpga_lite/18.1/nios2eds/bin/gnu/h-x86_64-mingw32/bin/../lib/gcc/nios2-elf/5.3.0/../../../../../H-x86_64-mingw32/nios2-elf/lib/mno-hw-mul\libsmallc.a(lib_a-exit.o)
 .debug_info    0x0000000000003b67       0x8a c:/intelfpga_lite/18.1/nios2eds/bin/gnu/h-x86_64-mingw32/bin/../lib/gcc/nios2-elf/5.3.0/../../../../../H-x86_64-mingw32/nios2-elf/lib/mno-hw-mul\libsmallc.a(lib_a-int_errno.o)
 .debug_info    0x0000000000003bf1       0xf4 c:/intelfpga_lite/18.1/nios2eds/bin/gnu/h-x86_64-mingw32/bin/../lib/gcc/nios2-elf/5.3.0/../../../../../H-x86_64-mingw32/nios2-elf/lib/mno-hw-mul\libsmallc.a(lib_a-memcmp.o)
 .debug_info    0x0000000000003ce5       0xc9 c:/intelfpga_lite/18.1/nios2eds/bin/gnu/h-x86_64-mingw32/bin/../lib/gcc/nios2-elf/5.3.0/../../../../../H-x86_64-mingw32/nios2-elf/lib/mno-hw-mul\libsmallc.a(lib_a-strlen.o)
 .debug_info    0x0000000000003dae      0x64a c:/intelfpga_lite/18.1/nios2eds/bin/gnu/h-x86_64-mingw32/bin/../lib/gcc/nios2-elf/5.3.0/../../../../../H-x86_64-mingw32/nios2-elf/lib/mno-hw-mul\libsmallc.a(lib_a-__atexit.o)
 .debug_info    0x00000000000043f8      0x67b c:/intelfpga_lite/18.1/nios2eds/bin/gnu/h-x86_64-mingw32/bin/../lib/gcc/nios2-elf/5.3.0/../../../../../H-x86_64-mingw32/nios2-elf/lib/mno-hw-mul\libsmallc.a(lib_a-__call_atexit.o)
 .debug_info    0x0000000000004a73      0x5a9 c:/intelfpga_lite/18.1/nios2eds/bin/gnu/h-x86_64-mingw32/bin/../lib/gcc/nios2-elf/5.3.0/../../../../../H-x86_64-mingw32/nios2-elf/lib/mno-hw-mul\libsmallc.a(lib_a-impure.o)
 .debug_info    0x000000000000501c       0xb4 c:/intelfpga_lite/18.1/nios2eds/bin/gnu/h-x86_64-mingw32/bin/../lib/gcc/nios2-elf/5.3.0/mno-hw-mul\libgcc.a(lib2-mul.o)
 .debug_info    0x00000000000050d0       0xec ../Personal_Prj_bsp/\libhal_bsp.a(alt_exit.o)

.debug_abbrev   0x0000000000000000     0x1f1e
 *(.debug_abbrev)
 .debug_abbrev  0x0000000000000000       0x12 ../Personal_Prj_bsp//obj/HAL/src/crt0.o
 .debug_abbrev  0x0000000000000012       0xa0 obj/default/source.o
 .debug_abbrev  0x00000000000000b2      0x163 ../Personal_Prj_bsp/\libhal_bsp.a(alt_iic.o)
 .debug_abbrev  0x0000000000000215      0x169 ../Personal_Prj_bsp/\libhal_bsp.a(alt_iic_isr_register.o)
 .debug_abbrev  0x000000000000037e       0x12 ../Personal_Prj_bsp/\libhal_bsp.a(alt_irq_entry.o)
 .debug_abbrev  0x0000000000000390      0x122 ../Personal_Prj_bsp/\libhal_bsp.a(alt_irq_handler.o)
 .debug_abbrev  0x00000000000004b2       0x40 ../Personal_Prj_bsp/\libhal_bsp.a(alt_irq_vars.o)
 .debug_abbrev  0x00000000000004f2       0x9f ../Personal_Prj_bsp/\libhal_bsp.a(alt_load.o)
 .debug_abbrev  0x0000000000000591       0xba ../Personal_Prj_bsp/\libhal_bsp.a(alt_main.o)
 .debug_abbrev  0x000000000000064b      0x157 ../Personal_Prj_bsp/\libhal_bsp.a(alt_sys_init.o)
 .debug_abbrev  0x00000000000007a2       0xf7 ../Personal_Prj_bsp/\libhal_bsp.a(altera_avalon_jtag_uart_fd.o)
 .debug_abbrev  0x0000000000000899       0xd5 ../Personal_Prj_bsp/\libhal_bsp.a(altera_avalon_jtag_uart_read.o)
 .debug_abbrev  0x000000000000096e       0xd5 ../Personal_Prj_bsp/\libhal_bsp.a(altera_avalon_jtag_uart_write.o)
 .debug_abbrev  0x0000000000000a43      0x11f ../Personal_Prj_bsp/\libhal_bsp.a(alt_close.o)
 .debug_abbrev  0x0000000000000b62       0x42 ../Personal_Prj_bsp/\libhal_bsp.a(alt_dcache_flush_all.o)
 .debug_abbrev  0x0000000000000ba4       0xd9 ../Personal_Prj_bsp/\libhal_bsp.a(alt_dev.o)
 .debug_abbrev  0x0000000000000c7d      0x114 ../Personal_Prj_bsp/\libhal_bsp.a(alt_dev_llist_insert.o)
 .debug_abbrev  0x0000000000000d91       0x79 ../Personal_Prj_bsp/\libhal_bsp.a(alt_do_ctors.o)
 .debug_abbrev  0x0000000000000e0a       0x79 ../Personal_Prj_bsp/\libhal_bsp.a(alt_do_dtors.o)
 .debug_abbrev  0x0000000000000e83       0x5a ../Personal_Prj_bsp/\libhal_bsp.a(alt_errno.o)
 .debug_abbrev  0x0000000000000edd       0x12 ../Personal_Prj_bsp/\libhal_bsp.a(alt_exception_entry.o)
 .debug_abbrev  0x0000000000000eef       0x42 ../Personal_Prj_bsp/\libhal_bsp.a(alt_icache_flush_all.o)
 .debug_abbrev  0x0000000000000f31       0xdc ../Personal_Prj_bsp/\libhal_bsp.a(alt_instruction_exception_entry.o)
 .debug_abbrev  0x000000000000100d      0x114 ../Personal_Prj_bsp/\libhal_bsp.a(alt_io_redirect.o)
 .debug_abbrev  0x0000000000001121      0x148 ../Personal_Prj_bsp/\libhal_bsp.a(alt_open.o)
 .debug_abbrev  0x0000000000001269       0xde ../Personal_Prj_bsp/\libhal_bsp.a(alt_release_fd.o)
 .debug_abbrev  0x0000000000001347       0x42 ../Personal_Prj_bsp/\libhal_bsp.a(altera_nios2_gen2_irq.o)
 .debug_abbrev  0x0000000000001389       0xf0 ../Personal_Prj_bsp/\libhal_bsp.a(alt_find_dev.o)
 .debug_abbrev  0x0000000000001479       0xf0 ../Personal_Prj_bsp/\libhal_bsp.a(alt_find_file.o)
 .debug_abbrev  0x0000000000001569      0x10d ../Personal_Prj_bsp/\libhal_bsp.a(alt_get_fd.o)
 .debug_abbrev  0x0000000000001676       0xaa c:/intelfpga_lite/18.1/nios2eds/bin/gnu/h-x86_64-mingw32/bin/../lib/gcc/nios2-elf/5.3.0/../../../../../H-x86_64-mingw32/nios2-elf/lib/mno-hw-mul\libsmallc.a(lib_a-atexit.o)
 .debug_abbrev  0x0000000000001720       0x8b c:/intelfpga_lite/18.1/nios2eds/bin/gnu/h-x86_64-mingw32/bin/../lib/gcc/nios2-elf/5.3.0/../../../../../H-x86_64-mingw32/nios2-elf/lib/mno-hw-mul\libsmallc.a(lib_a-exit.o)
 .debug_abbrev  0x00000000000017ab       0x37 c:/intelfpga_lite/18.1/nios2eds/bin/gnu/h-x86_64-mingw32/bin/../lib/gcc/nios2-elf/5.3.0/../../../../../H-x86_64-mingw32/nios2-elf/lib/mno-hw-mul\libsmallc.a(lib_a-int_errno.o)
 .debug_abbrev  0x00000000000017e2       0x7f c:/intelfpga_lite/18.1/nios2eds/bin/gnu/h-x86_64-mingw32/bin/../lib/gcc/nios2-elf/5.3.0/../../../../../H-x86_64-mingw32/nios2-elf/lib/mno-hw-mul\libsmallc.a(lib_a-memcmp.o)
 .debug_abbrev  0x0000000000001861       0x7f c:/intelfpga_lite/18.1/nios2eds/bin/gnu/h-x86_64-mingw32/bin/../lib/gcc/nios2-elf/5.3.0/../../../../../H-x86_64-mingw32/nios2-elf/lib/mno-hw-mul\libsmallc.a(lib_a-strlen.o)
 .debug_abbrev  0x00000000000018e0      0x1e6 c:/intelfpga_lite/18.1/nios2eds/bin/gnu/h-x86_64-mingw32/bin/../lib/gcc/nios2-elf/5.3.0/../../../../../H-x86_64-mingw32/nios2-elf/lib/mno-hw-mul\libsmallc.a(lib_a-__atexit.o)
 .debug_abbrev  0x0000000000001ac6      0x1f6 c:/intelfpga_lite/18.1/nios2eds/bin/gnu/h-x86_64-mingw32/bin/../lib/gcc/nios2-elf/5.3.0/../../../../../H-x86_64-mingw32/nios2-elf/lib/mno-hw-mul\libsmallc.a(lib_a-__call_atexit.o)
 .debug_abbrev  0x0000000000001cbc      0x14a c:/intelfpga_lite/18.1/nios2eds/bin/gnu/h-x86_64-mingw32/bin/../lib/gcc/nios2-elf/5.3.0/../../../../../H-x86_64-mingw32/nios2-elf/lib/mno-hw-mul\libsmallc.a(lib_a-impure.o)
 .debug_abbrev  0x0000000000001e06       0x6f c:/intelfpga_lite/18.1/nios2eds/bin/gnu/h-x86_64-mingw32/bin/../lib/gcc/nios2-elf/5.3.0/mno-hw-mul\libgcc.a(lib2-mul.o)
 .debug_abbrev  0x0000000000001e75       0xa9 ../Personal_Prj_bsp/\libhal_bsp.a(alt_exit.o)

.debug_line     0x0000000000000000     0x212e
 *(.debug_line)
 .debug_line    0x0000000000000000       0x5c ../Personal_Prj_bsp//obj/HAL/src/crt0.o
 .debug_line    0x000000000000005c       0x72 obj/default/source.o
 .debug_line    0x00000000000000ce       0xeb ../Personal_Prj_bsp/\libhal_bsp.a(alt_iic.o)
 .debug_line    0x00000000000001b9       0xdb ../Personal_Prj_bsp/\libhal_bsp.a(alt_iic_isr_register.o)
 .debug_line    0x0000000000000294       0x6b ../Personal_Prj_bsp/\libhal_bsp.a(alt_irq_entry.o)
 .debug_line    0x00000000000002ff       0xaa ../Personal_Prj_bsp/\libhal_bsp.a(alt_irq_handler.o)
 .debug_line    0x00000000000003a9       0x50 ../Personal_Prj_bsp/\libhal_bsp.a(alt_irq_vars.o)
 .debug_line    0x00000000000003f9       0x8e ../Personal_Prj_bsp/\libhal_bsp.a(alt_load.o)
 .debug_line    0x0000000000000487       0xa4 ../Personal_Prj_bsp/\libhal_bsp.a(alt_main.o)
 .debug_line    0x000000000000052b      0x126 ../Personal_Prj_bsp/\libhal_bsp.a(alt_sys_init.o)
 .debug_line    0x0000000000000651      0x112 ../Personal_Prj_bsp/\libhal_bsp.a(altera_avalon_jtag_uart_fd.o)
 .debug_line    0x0000000000000763       0xfd ../Personal_Prj_bsp/\libhal_bsp.a(altera_avalon_jtag_uart_read.o)
 .debug_line    0x0000000000000860       0xf4 ../Personal_Prj_bsp/\libhal_bsp.a(altera_avalon_jtag_uart_write.o)
 .debug_line    0x0000000000000954      0x165 ../Personal_Prj_bsp/\libhal_bsp.a(alt_close.o)
 .debug_line    0x0000000000000ab9       0x51 ../Personal_Prj_bsp/\libhal_bsp.a(alt_dcache_flush_all.o)
 .debug_line    0x0000000000000b0a       0xf8 ../Personal_Prj_bsp/\libhal_bsp.a(alt_dev.o)
 .debug_line    0x0000000000000c02       0xcf ../Personal_Prj_bsp/\libhal_bsp.a(alt_dev_llist_insert.o)
 .debug_line    0x0000000000000cd1       0x59 ../Personal_Prj_bsp/\libhal_bsp.a(alt_do_ctors.o)
 .debug_line    0x0000000000000d2a       0x59 ../Personal_Prj_bsp/\libhal_bsp.a(alt_do_dtors.o)
 .debug_line    0x0000000000000d83       0x51 ../Personal_Prj_bsp/\libhal_bsp.a(alt_errno.o)
 .debug_line    0x0000000000000dd4       0xb3 ../Personal_Prj_bsp/\libhal_bsp.a(alt_exception_entry.o)
 .debug_line    0x0000000000000e87       0x4f ../Personal_Prj_bsp/\libhal_bsp.a(alt_icache_flush_all.o)
 .debug_line    0x0000000000000ed6       0xb9 ../Personal_Prj_bsp/\libhal_bsp.a(alt_instruction_exception_entry.o)
 .debug_line    0x0000000000000f8f      0x135 ../Personal_Prj_bsp/\libhal_bsp.a(alt_io_redirect.o)
 .debug_line    0x00000000000010c4      0x12b ../Personal_Prj_bsp/\libhal_bsp.a(alt_open.o)
 .debug_line    0x00000000000011ef       0xb0 ../Personal_Prj_bsp/\libhal_bsp.a(alt_release_fd.o)
 .debug_line    0x000000000000129f       0x51 ../Personal_Prj_bsp/\libhal_bsp.a(altera_nios2_gen2_irq.o)
 .debug_line    0x00000000000012f0       0xb5 ../Personal_Prj_bsp/\libhal_bsp.a(alt_find_dev.o)
 .debug_line    0x00000000000013a5       0xd1 ../Personal_Prj_bsp/\libhal_bsp.a(alt_find_file.o)
 .debug_line    0x0000000000001476       0xd7 ../Personal_Prj_bsp/\libhal_bsp.a(alt_get_fd.o)
 .debug_line    0x000000000000154d       0xe7 c:/intelfpga_lite/18.1/nios2eds/bin/gnu/h-x86_64-mingw32/bin/../lib/gcc/nios2-elf/5.3.0/../../../../../H-x86_64-mingw32/nios2-elf/lib/mno-hw-mul\libsmallc.a(lib_a-atexit.o)
 .debug_line    0x0000000000001634      0x159 c:/intelfpga_lite/18.1/nios2eds/bin/gnu/h-x86_64-mingw32/bin/../lib/gcc/nios2-elf/5.3.0/../../../../../H-x86_64-mingw32/nios2-elf/lib/mno-hw-mul\libsmallc.a(lib_a-exit.o)
 .debug_line    0x000000000000178d       0x5f c:/intelfpga_lite/18.1/nios2eds/bin/gnu/h-x86_64-mingw32/bin/../lib/gcc/nios2-elf/5.3.0/../../../../../H-x86_64-mingw32/nios2-elf/lib/mno-hw-mul\libsmallc.a(lib_a-int_errno.o)
 .debug_line    0x00000000000017ec      0x160 c:/intelfpga_lite/18.1/nios2eds/bin/gnu/h-x86_64-mingw32/bin/../lib/gcc/nios2-elf/5.3.0/../../../../../H-x86_64-mingw32/nios2-elf/lib/mno-hw-mul\libsmallc.a(lib_a-memcmp.o)
 .debug_line    0x000000000000194c      0x15c c:/intelfpga_lite/18.1/nios2eds/bin/gnu/h-x86_64-mingw32/bin/../lib/gcc/nios2-elf/5.3.0/../../../../../H-x86_64-mingw32/nios2-elf/lib/mno-hw-mul\libsmallc.a(lib_a-strlen.o)
 .debug_line    0x0000000000001aa8      0x20d c:/intelfpga_lite/18.1/nios2eds/bin/gnu/h-x86_64-mingw32/bin/../lib/gcc/nios2-elf/5.3.0/../../../../../H-x86_64-mingw32/nios2-elf/lib/mno-hw-mul\libsmallc.a(lib_a-__atexit.o)
 .debug_line    0x0000000000001cb5      0x232 c:/intelfpga_lite/18.1/nios2eds/bin/gnu/h-x86_64-mingw32/bin/../lib/gcc/nios2-elf/5.3.0/../../../../../H-x86_64-mingw32/nios2-elf/lib/mno-hw-mul\libsmallc.a(lib_a-__call_atexit.o)
 .debug_line    0x0000000000001ee7      0x156 c:/intelfpga_lite/18.1/nios2eds/bin/gnu/h-x86_64-mingw32/bin/../lib/gcc/nios2-elf/5.3.0/../../../../../H-x86_64-mingw32/nios2-elf/lib/mno-hw-mul\libsmallc.a(lib_a-impure.o)
 .debug_line    0x000000000000203d       0x80 c:/intelfpga_lite/18.1/nios2eds/bin/gnu/h-x86_64-mingw32/bin/../lib/gcc/nios2-elf/5.3.0/mno-hw-mul\libgcc.a(lib2-mul.o)
 .debug_line    0x00000000000020bd       0x71 ../Personal_Prj_bsp/\libhal_bsp.a(alt_exit.o)

.debug_frame    0x0000000000000000      0x8e0
 *(.debug_frame)
 .debug_frame   0x0000000000000000       0x50 obj/default/source.o
 .debug_frame   0x0000000000000050       0xa4 ../Personal_Prj_bsp/\libhal_bsp.a(alt_iic.o)
 .debug_frame   0x00000000000000f4       0x38 ../Personal_Prj_bsp/\libhal_bsp.a(alt_iic_isr_register.o)
 .debug_frame   0x000000000000012c       0x38 ../Personal_Prj_bsp/\libhal_bsp.a(alt_irq_handler.o)
 .debug_frame   0x0000000000000164       0x5c ../Personal_Prj_bsp/\libhal_bsp.a(alt_load.o)
 .debug_frame   0x00000000000001c0       0x2c ../Personal_Prj_bsp/\libhal_bsp.a(alt_main.o)
 .debug_frame   0x00000000000001ec       0x88 ../Personal_Prj_bsp/\libhal_bsp.a(alt_sys_init.o)
 .debug_frame   0x0000000000000274       0x60 ../Personal_Prj_bsp/\libhal_bsp.a(altera_avalon_jtag_uart_fd.o)
 .debug_frame   0x00000000000002d4       0x34 ../Personal_Prj_bsp/\libhal_bsp.a(altera_avalon_jtag_uart_read.o)
 .debug_frame   0x0000000000000308       0x34 ../Personal_Prj_bsp/\libhal_bsp.a(altera_avalon_jtag_uart_write.o)
 .debug_frame   0x000000000000033c       0x60 ../Personal_Prj_bsp/\libhal_bsp.a(alt_close.o)
 .debug_frame   0x000000000000039c       0x34 ../Personal_Prj_bsp/\libhal_bsp.a(alt_dcache_flush_all.o)
 .debug_frame   0x00000000000003d0       0x34 ../Personal_Prj_bsp/\libhal_bsp.a(alt_dev.o)
 .debug_frame   0x0000000000000404       0x60 ../Personal_Prj_bsp/\libhal_bsp.a(alt_dev_llist_insert.o)
 .debug_frame   0x0000000000000464       0x38 ../Personal_Prj_bsp/\libhal_bsp.a(alt_do_ctors.o)
 .debug_frame   0x000000000000049c       0x38 ../Personal_Prj_bsp/\libhal_bsp.a(alt_do_dtors.o)
 .debug_frame   0x00000000000004d4       0x34 ../Personal_Prj_bsp/\libhal_bsp.a(alt_icache_flush_all.o)
 .debug_frame   0x0000000000000508       0x5c ../Personal_Prj_bsp/\libhal_bsp.a(alt_instruction_exception_entry.o)
 .debug_frame   0x0000000000000564       0x64 ../Personal_Prj_bsp/\libhal_bsp.a(alt_io_redirect.o)
 .debug_frame   0x00000000000005c8       0x8c ../Personal_Prj_bsp/\libhal_bsp.a(alt_open.o)
 .debug_frame   0x0000000000000654       0x3c ../Personal_Prj_bsp/\libhal_bsp.a(alt_release_fd.o)
 .debug_frame   0x0000000000000690       0x34 ../Personal_Prj_bsp/\libhal_bsp.a(altera_nios2_gen2_irq.o)
 .debug_frame   0x00000000000006c4       0x38 ../Personal_Prj_bsp/\libhal_bsp.a(alt_find_dev.o)
 .debug_frame   0x00000000000006fc       0x38 ../Personal_Prj_bsp/\libhal_bsp.a(alt_find_file.o)
 .debug_frame   0x0000000000000734       0x3c ../Personal_Prj_bsp/\libhal_bsp.a(alt_get_fd.o)
 .debug_frame   0x0000000000000770       0x20 c:/intelfpga_lite/18.1/nios2eds/bin/gnu/h-x86_64-mingw32/bin/../lib/gcc/nios2-elf/5.3.0/../../../../../H-x86_64-mingw32/nios2-elf/lib/mno-hw-mul\libsmallc.a(lib_a-atexit.o)
 .debug_frame   0x0000000000000790       0x28 c:/intelfpga_lite/18.1/nios2eds/bin/gnu/h-x86_64-mingw32/bin/../lib/gcc/nios2-elf/5.3.0/../../../../../H-x86_64-mingw32/nios2-elf/lib/mno-hw-mul\libsmallc.a(lib_a-exit.o)
 .debug_frame   0x00000000000007b8       0x20 c:/intelfpga_lite/18.1/nios2eds/bin/gnu/h-x86_64-mingw32/bin/../lib/gcc/nios2-elf/5.3.0/../../../../../H-x86_64-mingw32/nios2-elf/lib/mno-hw-mul\libsmallc.a(lib_a-memcmp.o)
 .debug_frame   0x00000000000007d8       0x20 c:/intelfpga_lite/18.1/nios2eds/bin/gnu/h-x86_64-mingw32/bin/../lib/gcc/nios2-elf/5.3.0/../../../../../H-x86_64-mingw32/nios2-elf/lib/mno-hw-mul\libsmallc.a(lib_a-strlen.o)
 .debug_frame   0x00000000000007f8       0x48 c:/intelfpga_lite/18.1/nios2eds/bin/gnu/h-x86_64-mingw32/bin/../lib/gcc/nios2-elf/5.3.0/../../../../../H-x86_64-mingw32/nios2-elf/lib/mno-hw-mul\libsmallc.a(lib_a-__atexit.o)
 .debug_frame   0x0000000000000840       0x54 c:/intelfpga_lite/18.1/nios2eds/bin/gnu/h-x86_64-mingw32/bin/../lib/gcc/nios2-elf/5.3.0/../../../../../H-x86_64-mingw32/nios2-elf/lib/mno-hw-mul\libsmallc.a(lib_a-__call_atexit.o)
 .debug_frame   0x0000000000000894       0x20 c:/intelfpga_lite/18.1/nios2eds/bin/gnu/h-x86_64-mingw32/bin/../lib/gcc/nios2-elf/5.3.0/mno-hw-mul\libgcc.a(lib2-mul.o)
 .debug_frame   0x00000000000008b4       0x2c ../Personal_Prj_bsp/\libhal_bsp.a(alt_exit.o)

.debug_str      0x0000000000000000     0x1829
 *(.debug_str)
 .debug_str     0x0000000000000000      0x12b obj/default/source.o
                                        0x169 (size before relaxing)
 .debug_str     0x000000000000012b      0x13d ../Personal_Prj_bsp/\libhal_bsp.a(alt_iic.o)
                                        0x24a (size before relaxing)
 .debug_str     0x0000000000000268       0x4c ../Personal_Prj_bsp/\libhal_bsp.a(alt_iic_isr_register.o)
                                        0x1f4 (size before relaxing)
 .debug_str     0x00000000000002b4       0x3a ../Personal_Prj_bsp/\libhal_bsp.a(alt_irq_handler.o)
                                        0x1a3 (size before relaxing)
 .debug_str     0x00000000000002ee       0x17 ../Personal_Prj_bsp/\libhal_bsp.a(alt_irq_vars.o)
                                        0x146 (size before relaxing)
 .debug_str     0x0000000000000305       0xe9 ../Personal_Prj_bsp/\libhal_bsp.a(alt_load.o)
                                        0x21e (size before relaxing)
 .debug_str     0x00000000000003ee       0x70 ../Personal_Prj_bsp/\libhal_bsp.a(alt_main.o)
                                        0x1a9 (size before relaxing)
 .debug_str     0x000000000000045e      0x157 ../Personal_Prj_bsp/\libhal_bsp.a(alt_sys_init.o)
                                        0x2e0 (size before relaxing)
 .debug_str     0x00000000000005b5       0x77 ../Personal_Prj_bsp/\libhal_bsp.a(altera_avalon_jtag_uart_fd.o)
                                        0x2e1 (size before relaxing)
 .debug_str     0x000000000000062c       0x48 ../Personal_Prj_bsp/\libhal_bsp.a(altera_avalon_jtag_uart_read.o)
                                        0x22b (size before relaxing)
 .debug_str     0x0000000000000674       0x4a ../Personal_Prj_bsp/\libhal_bsp.a(altera_avalon_jtag_uart_write.o)
                                        0x221 (size before relaxing)
 .debug_str     0x00000000000006be       0x44 ../Personal_Prj_bsp/\libhal_bsp.a(alt_close.o)
                                        0x217 (size before relaxing)
 .debug_str     0x0000000000000702       0x34 ../Personal_Prj_bsp/\libhal_bsp.a(alt_dcache_flush_all.o)
                                        0x161 (size before relaxing)
 .debug_str     0x0000000000000736      0x120 ../Personal_Prj_bsp/\libhal_bsp.a(alt_dev.o)
                                        0x311 (size before relaxing)
 .debug_str     0x0000000000000856       0x45 ../Personal_Prj_bsp/\libhal_bsp.a(alt_dev_llist_insert.o)
                                        0x1d8 (size before relaxing)
 .debug_str     0x000000000000089b       0x48 ../Personal_Prj_bsp/\libhal_bsp.a(alt_do_ctors.o)
                                         0xdc (size before relaxing)
 .debug_str     0x00000000000008e3       0x4c ../Personal_Prj_bsp/\libhal_bsp.a(alt_do_dtors.o)
                                         0xdb (size before relaxing)
 .debug_str     0x000000000000092f       0x14 ../Personal_Prj_bsp/\libhal_bsp.a(alt_errno.o)
                                        0x151 (size before relaxing)
 .debug_str     0x0000000000000943       0x34 ../Personal_Prj_bsp/\libhal_bsp.a(alt_icache_flush_all.o)
                                        0x161 (size before relaxing)
 .debug_str     0x0000000000000977      0x48b ../Personal_Prj_bsp/\libhal_bsp.a(alt_instruction_exception_entry.o)
                                        0x5ac (size before relaxing)
 .debug_str     0x0000000000000e02       0x56 ../Personal_Prj_bsp/\libhal_bsp.a(alt_io_redirect.o)
                                        0x322 (size before relaxing)
 .debug_str     0x0000000000000e58       0x2f ../Personal_Prj_bsp/\libhal_bsp.a(alt_open.o)
                                        0x257 (size before relaxing)
 .debug_str     0x0000000000000e87       0x28 ../Personal_Prj_bsp/\libhal_bsp.a(alt_release_fd.o)
                                        0x1df (size before relaxing)
 .debug_str     0x0000000000000eaf       0x3b ../Personal_Prj_bsp/\libhal_bsp.a(altera_nios2_gen2_irq.o)
                                        0x168 (size before relaxing)
 .debug_str     0x0000000000000eea       0x24 ../Personal_Prj_bsp/\libhal_bsp.a(alt_find_dev.o)
                                        0x1f8 (size before relaxing)
 .debug_str     0x0000000000000f0e       0x26 ../Personal_Prj_bsp/\libhal_bsp.a(alt_find_file.o)
                                        0x206 (size before relaxing)
 .debug_str     0x0000000000000f34       0x30 ../Personal_Prj_bsp/\libhal_bsp.a(alt_get_fd.o)
                                        0x228 (size before relaxing)
 .debug_str     0x0000000000000f64      0x177 c:/intelfpga_lite/18.1/nios2eds/bin/gnu/h-x86_64-mingw32/bin/../lib/gcc/nios2-elf/5.3.0/../../../../../H-x86_64-mingw32/nios2-elf/lib/mno-hw-mul\libsmallc.a(lib_a-atexit.o)
                                        0x21c (size before relaxing)
 .debug_str     0x00000000000010db       0x4c c:/intelfpga_lite/18.1/nios2eds/bin/gnu/h-x86_64-mingw32/bin/../lib/gcc/nios2-elf/5.3.0/../../../../../H-x86_64-mingw32/nios2-elf/lib/mno-hw-mul\libsmallc.a(lib_a-exit.o)
                                        0x1f0 (size before relaxing)
 .debug_str     0x0000000000001127       0xd3 c:/intelfpga_lite/18.1/nios2eds/bin/gnu/h-x86_64-mingw32/bin/../lib/gcc/nios2-elf/5.3.0/../../../../../H-x86_64-mingw32/nios2-elf/lib/mno-hw-mul\libsmallc.a(lib_a-int_errno.o)
                                        0x1d8 (size before relaxing)
 .debug_str     0x00000000000011fa       0xe0 c:/intelfpga_lite/18.1/nios2eds/bin/gnu/h-x86_64-mingw32/bin/../lib/gcc/nios2-elf/5.3.0/../../../../../H-x86_64-mingw32/nios2-elf/lib/mno-hw-mul\libsmallc.a(lib_a-memcmp.o)
                                        0x1df (size before relaxing)
 .debug_str     0x00000000000012da       0x44 c:/intelfpga_lite/18.1/nios2eds/bin/gnu/h-x86_64-mingw32/bin/../lib/gcc/nios2-elf/5.3.0/../../../../../H-x86_64-mingw32/nios2-elf/lib/mno-hw-mul\libsmallc.a(lib_a-strlen.o)
                                        0x1e5 (size before relaxing)
 .debug_str     0x000000000000131e      0x2ec c:/intelfpga_lite/18.1/nios2eds/bin/gnu/h-x86_64-mingw32/bin/../lib/gcc/nios2-elf/5.3.0/../../../../../H-x86_64-mingw32/nios2-elf/lib/mno-hw-mul\libsmallc.a(lib_a-__atexit.o)
                                        0x4ff (size before relaxing)
 .debug_str     0x000000000000160a       0x65 c:/intelfpga_lite/18.1/nios2eds/bin/gnu/h-x86_64-mingw32/bin/../lib/gcc/nios2-elf/5.3.0/../../../../../H-x86_64-mingw32/nios2-elf/lib/mno-hw-mul\libsmallc.a(lib_a-__call_atexit.o)
                                        0x4eb (size before relaxing)
 .debug_str     0x000000000000166f       0x48 c:/intelfpga_lite/18.1/nios2eds/bin/gnu/h-x86_64-mingw32/bin/../lib/gcc/nios2-elf/5.3.0/../../../../../H-x86_64-mingw32/nios2-elf/lib/mno-hw-mul\libsmallc.a(lib_a-impure.o)
                                        0x4be (size before relaxing)
 .debug_str     0x00000000000016b7      0x148 c:/intelfpga_lite/18.1/nios2eds/bin/gnu/h-x86_64-mingw32/bin/../lib/gcc/nios2-elf/5.3.0/mno-hw-mul\libgcc.a(lib2-mul.o)
                                        0x193 (size before relaxing)
 .debug_str     0x00000000000017ff       0x2a ../Personal_Prj_bsp/\libhal_bsp.a(alt_exit.o)
                                        0x15d (size before relaxing)

.debug_loc      0x0000000000000000      0x4a6
 *(.debug_loc)
 .debug_loc     0x0000000000000000       0x2c c:/intelfpga_lite/18.1/nios2eds/bin/gnu/h-x86_64-mingw32/bin/../lib/gcc/nios2-elf/5.3.0/../../../../../H-x86_64-mingw32/nios2-elf/lib/mno-hw-mul\libsmallc.a(lib_a-atexit.o)
 .debug_loc     0x000000000000002c       0x1e c:/intelfpga_lite/18.1/nios2eds/bin/gnu/h-x86_64-mingw32/bin/../lib/gcc/nios2-elf/5.3.0/../../../../../H-x86_64-mingw32/nios2-elf/lib/mno-hw-mul\libsmallc.a(lib_a-exit.o)
 .debug_loc     0x000000000000004a       0x94 c:/intelfpga_lite/18.1/nios2eds/bin/gnu/h-x86_64-mingw32/bin/../lib/gcc/nios2-elf/5.3.0/../../../../../H-x86_64-mingw32/nios2-elf/lib/mno-hw-mul\libsmallc.a(lib_a-memcmp.o)
 .debug_loc     0x00000000000000de       0x1e c:/intelfpga_lite/18.1/nios2eds/bin/gnu/h-x86_64-mingw32/bin/../lib/gcc/nios2-elf/5.3.0/../../../../../H-x86_64-mingw32/nios2-elf/lib/mno-hw-mul\libsmallc.a(lib_a-strlen.o)
 .debug_loc     0x00000000000000fc      0x1c0 c:/intelfpga_lite/18.1/nios2eds/bin/gnu/h-x86_64-mingw32/bin/../lib/gcc/nios2-elf/5.3.0/../../../../../H-x86_64-mingw32/nios2-elf/lib/mno-hw-mul\libsmallc.a(lib_a-__atexit.o)
 .debug_loc     0x00000000000002bc      0x157 c:/intelfpga_lite/18.1/nios2eds/bin/gnu/h-x86_64-mingw32/bin/../lib/gcc/nios2-elf/5.3.0/../../../../../H-x86_64-mingw32/nios2-elf/lib/mno-hw-mul\libsmallc.a(lib_a-__call_atexit.o)
 .debug_loc     0x0000000000000413       0x93 c:/intelfpga_lite/18.1/nios2eds/bin/gnu/h-x86_64-mingw32/bin/../lib/gcc/nios2-elf/5.3.0/mno-hw-mul\libgcc.a(lib2-mul.o)

.debug_macinfo
 *(.debug_macinfo)

.debug_weaknames
 *(.debug_weaknames)

.debug_funcnames
 *(.debug_funcnames)

.debug_typenames
 *(.debug_typenames)

.debug_varnames
 *(.debug_varnames)

.debug_alt_sim_info
 *(.debug_alt_sim_info)
                0x0000000000010000                __alt_data_end = 0x10000
                0x0000000000010000                PROVIDE (__alt_stack_pointer, __alt_data_end)
                [!provide]                        PROVIDE (__alt_stack_limit, __alt_stack_base)
                [!provide]                        PROVIDE (__alt_heap_start, end)
                [!provide]                        PROVIDE (__alt_heap_limit, 0x10000)
OUTPUT(RUN_ON_HDL_SIMULATOR_ONLY_Personal_Prj.elf elf32-littlenios2)

.debug_ranges   0x0000000000000000      0x130
 .debug_ranges  0x0000000000000000       0x20 ../Personal_Prj_bsp//obj/HAL/src/crt0.o
 .debug_ranges  0x0000000000000020       0x28 ../Personal_Prj_bsp/\libhal_bsp.a(alt_irq_entry.o)
 .debug_ranges  0x0000000000000048       0x10 ../Personal_Prj_bsp/\libhal_bsp.a(alt_irq_handler.o)
 .debug_ranges  0x0000000000000058       0x18 ../Personal_Prj_bsp/\libhal_bsp.a(altera_avalon_jtag_uart_read.o)
 .debug_ranges  0x0000000000000070       0x30 ../Personal_Prj_bsp/\libhal_bsp.a(alt_exception_entry.o)
 .debug_ranges  0x00000000000000a0       0x18 ../Personal_Prj_bsp/\libhal_bsp.a(alt_instruction_exception_entry.o)
 .debug_ranges  0x00000000000000b8       0x10 c:/intelfpga_lite/18.1/nios2eds/bin/gnu/h-x86_64-mingw32/bin/../lib/gcc/nios2-elf/5.3.0/../../../../../H-x86_64-mingw32/nios2-elf/lib/mno-hw-mul\libsmallc.a(lib_a-atexit.o)
 .debug_ranges  0x00000000000000c8       0x10 c:/intelfpga_lite/18.1/nios2eds/bin/gnu/h-x86_64-mingw32/bin/../lib/gcc/nios2-elf/5.3.0/../../../../../H-x86_64-mingw32/nios2-elf/lib/mno-hw-mul\libsmallc.a(lib_a-exit.o)
 .debug_ranges  0x00000000000000d8       0x10 c:/intelfpga_lite/18.1/nios2eds/bin/gnu/h-x86_64-mingw32/bin/../lib/gcc/nios2-elf/5.3.0/../../../../../H-x86_64-mingw32/nios2-elf/lib/mno-hw-mul\libsmallc.a(lib_a-memcmp.o)
 .debug_ranges  0x00000000000000e8       0x10 c:/intelfpga_lite/18.1/nios2eds/bin/gnu/h-x86_64-mingw32/bin/../lib/gcc/nios2-elf/5.3.0/../../../../../H-x86_64-mingw32/nios2-elf/lib/mno-hw-mul\libsmallc.a(lib_a-strlen.o)
 .debug_ranges  0x00000000000000f8       0x10 c:/intelfpga_lite/18.1/nios2eds/bin/gnu/h-x86_64-mingw32/bin/../lib/gcc/nios2-elf/5.3.0/../../../../../H-x86_64-mingw32/nios2-elf/lib/mno-hw-mul\libsmallc.a(lib_a-__atexit.o)
 .debug_ranges  0x0000000000000108       0x28 c:/intelfpga_lite/18.1/nios2eds/bin/gnu/h-x86_64-mingw32/bin/../lib/gcc/nios2-elf/5.3.0/../../../../../H-x86_64-mingw32/nios2-elf/lib/mno-hw-mul\libsmallc.a(lib_a-__call_atexit.o)
