------------------------------------------------------------
Timing Analyzer Summary
------------------------------------------------------------

Type  : Slow 1100mV 85C Model Setup 'clk'
Slack : -0.142
TNS   : -0.408

Type  : Slow 1100mV 85C Model Hold 'clk'
Slack : 0.305
TNS   : 0.000

Type  : Slow 1100mV 85C Model Minimum Pulse Width 'clk'
Slack : -0.394
TNS   : -2.619

Type  : Slow 1100mV 0C Model Setup 'clk'
Slack : -0.164
TNS   : -0.584

Type  : Slow 1100mV 0C Model Hold 'clk'
Slack : 0.283
TNS   : 0.000

Type  : Slow 1100mV 0C Model Minimum Pulse Width 'clk'
Slack : -0.394
TNS   : -2.858

Type  : Fast 1100mV 85C Model Setup 'clk'
Slack : 0.319
TNS   : 0.000

Type  : Fast 1100mV 85C Model Hold 'clk'
Slack : 0.183
TNS   : 0.000

Type  : Fast 1100mV 85C Model Minimum Pulse Width 'clk'
Slack : -0.080
TNS   : -0.391

Type  : Fast 1100mV 0C Model Setup 'clk'
Slack : 0.352
TNS   : 0.000

Type  : Fast 1100mV 0C Model Hold 'clk'
Slack : 0.167
TNS   : 0.000

Type  : Fast 1100mV 0C Model Minimum Pulse Width 'clk'
Slack : -0.079
TNS   : -0.389

------------------------------------------------------------
